
 Start  Stop   Length Name               Class

 00000H 02519H 0251AH _TEXT              CODE
 0251AH 028F9H 003E0H TEST_TEXT          CODE
 028FAH 029CFH 000D6H OS_CPU_A_TEXT      CODE
 029D0H 02BA5H 001D6H OS_CPU_C_TEXT      CODE
 02BA6H 02F22H 0037DH PC_TEXT            CODE
 02F23H 069B6H 03A94H UCOS_II_TEXT       CODE
 069C0H 069C0H 00000H _FARDATA           FAR_DATA
 069C0H 069C0H 00000H _FARBSS            FAR_BSS
 069C0H 069C0H 00000H _OVERLAY_          OVRINFO
 069C0H 069C0H 00000H _1STUB_            STUBSEG
 069C0H 06EB7H 004F8H _DATA              DATA
 06EB8H 06EB9H 00002H _CVTSEG            DATA
 06EBAH 06EBFH 00006H _SCNSEG            DATA
 06EC0H 06EC0H 00000H _CONST             CONST
 06EC0H 06ECBH 0000CH _INIT_             INITDATA
 06ECCH 06ECCH 00000H _INITEND_          INITDATA
 06ECCH 06ECCH 00000H _EXIT_             EXITDATA
 06ECCH 06ECCH 00000H _EXITEND_          EXITDATA
 06ECCH 09BBDH 02CF2H _BSS               BSS
 09BBEH 09BBEH 00000H _BSSEND            BSSEND
 09BC0H 09C3FH 00080H _STACK             STACK


Detailed map of segments

 0000:0000 0295 C=CODE   S=_TEXT          G=(none)  M=c0.ASM     ACBP=28
 0000:0295 002D C=CODE   S=_TEXT          G=(none)  M=ATEXIT     ACBP=28
 0000:02C2 0093 C=CODE   S=_TEXT          G=(none)  M=EXIT       ACBP=28
 0000:0355 0000 C=CODE   S=_TEXT          G=(none)  M=FILES      ACBP=28
 0000:0355 0000 C=CODE   S=_TEXT          G=(none)  M=FILES2     ACBP=28
 0000:0355 0017 C=CODE   S=_TEXT          G=(none)  M=F_LXMUL    ACBP=28
 0000:036C 0026 C=CODE   S=_TEXT          G=(none)  M=GETDATE    ACBP=28
 0000:0392 00AE C=CODE   S=_TEXT          G=(none)  M=H_LDIV     ACBP=28
 0000:0440 0021 C=CODE   S=_TEXT          G=(none)  M=H_LLSH     ACBP=28
 0000:0461 0021 C=CODE   S=_TEXT          G=(none)  M=H_LURSH    ACBP=28
 0000:0482 0060 C=CODE   S=_TEXT          G=(none)  M=H_PADD     ACBP=28
 0000:04E2 004B C=CODE   S=_TEXT          G=(none)  M=IOERROR    ACBP=28
 0000:052D 0011 C=CODE   S=_TEXT          G=(none)  M=ISATTY     ACBP=28
 0000:053E 00A2 C=CODE   S=_TEXT          G=(none)  M=LONGTOA    ACBP=28
 0000:05E0 0029 C=CODE   S=_TEXT          G=(none)  M=LSEEK      ACBP=28
 0000:0609 0021 C=CODE   S=_TEXT          G=(none)  M=N_PCMP     ACBP=28
 0000:062A 00BA C=CODE   S=_TEXT          G=(none)  M=SETUPIO    ACBP=28
 0000:06E4 0000 C=CODE   S=_TEXT          G=(none)  M=STKLEN     ACBP=28
 0000:06E4 04DB C=CODE   S=_TEXT          G=(none)  M=VPRINTER   ACBP=28
 0000:0BBF 009F C=CODE   S=_TEXT          G=(none)  M=VRAM       ACBP=28
 0000:0C5E 0000 C=CODE   S=_TEXT          G=(none)  M=WSCROLL    ACBP=28
 0000:0C5E 014E C=CODE   S=_TEXT          G=(none)  M=CPRINTF    ACBP=28
 0000:0DAC 01A5 C=CODE   S=_TEXT          G=(none)  M=CRTINIT    ACBP=28
 0000:0F51 001F C=CODE   S=_TEXT          G=(none)  M=CVTFAK     ACBP=28
 0000:0F70 0432 C=CODE   S=_TEXT          G=(none)  M=FARHEAP    ACBP=28
 0000:13A2 0140 C=CODE   S=_TEXT          G=(none)  M=FBRK       ACBP=28
 0000:14E2 005E C=CODE   S=_TEXT          G=(none)  M=GETCH      ACBP=28
 0000:1540 00AC C=CODE   S=_TEXT          G=(none)  M=GPTEXT     ACBP=28
 0000:15EC 0012 C=CODE   S=_TEXT          G=(none)  M=KBHIT      ACBP=28
 0000:15FE 009D C=CODE   S=_TEXT          G=(none)  M=MOVETEXT   ACBP=28
 0000:169B 0017 C=CODE   S=_TEXT          G=(none)  M=PUTCH      ACBP=28
 0000:16B2 0004 C=CODE   S=_TEXT          G=(none)  M=REALCVT    ACBP=28
 0000:16B6 01C7 C=CODE   S=_TEXT          G=(none)  M=SCREEN     ACBP=28
 0000:187D 018E C=CODE   S=_TEXT          G=(none)  M=SCROLL     ACBP=28
 0000:1A0B 001C C=CODE   S=_TEXT          G=(none)  M=SETBLOCK   ACBP=28
 0000:1A27 006A C=CODE   S=_TEXT          G=(none)  M=SETJMP     ACBP=28
 0000:1A91 002C C=CODE   S=_TEXT          G=(none)  M=WHEREXY    ACBP=28
 0000:1ABD 00CD C=CODE   S=_TEXT          G=(none)  M=FFLUSH     ACBP=28
 0000:1B8A 0042 C=CODE   S=_TEXT          G=(none)  M=FLUSHALL   ACBP=28
 0000:1BCC 01E2 C=CODE   S=_TEXT          G=(none)  M=FSEEK      ACBP=28
 0000:1DAE 0024 C=CODE   S=_TEXT          G=(none)  M=MEMCPY     ACBP=28
 0000:1DD2 001B C=CODE   S=_TEXT          G=(none)  M=PRINTF     ACBP=28
 0000:1DED 03C8 C=CODE   S=_TEXT          G=(none)  M=PUTC       ACBP=28
 0000:21B5 011D C=CODE   S=_TEXT          G=(none)  M=SETVBUF    ACBP=28
 0000:22D2 0083 C=CODE   S=_TEXT          G=(none)  M=SPRINTF    ACBP=28
 0000:2355 0151 C=CODE   S=_TEXT          G=(none)  M=WRITE      ACBP=28
 0000:24A6 003C C=CODE   S=_TEXT          G=(none)  M=WRITEA     ACBP=28
 0000:24E2 0038 C=CODE   S=_TEXT          G=(none)  M=XFFLUSH    ACBP=28
 0251:000A 03E0 C=CODE   S=TEST_TEXT      G=(none)  M=test.c     ACBP=28
 028F:000A 00D6 C=CODE   S=OS_CPU_A_TEXT  G=(none)  M=\SOFTWARE\uCOS-II\Ix86L\BC45\OS_CPU_A.ASM ACBP=48
 029D:0000 01D6 C=CODE   S=OS_CPU_C_TEXT  G=(none)  M=os_cpu_c.c ACBP=28
 02BA:0006 037D C=CODE   S=PC_TEXT        G=(none)  M=pc.c       ACBP=28
 02F2:0003 3A94 C=CODE   S=UCOS_II_TEXT   G=(none)  M=ucos_ii.c  ACBP=28
 069C:0000 0000 C=FAR_DATA S=_FARDATA       G=(none)  M=c0.ASM     ACBP=68
 069C:0000 0000 C=FAR_BSS S=_FARBSS        G=(none)  M=c0.ASM     ACBP=68
 069C:0000 0000 C=OVRINFO S=_OVERLAY_      G=(none)  M=c0.ASM     ACBP=68
 069C:0000 0000 C=STUBSEG S=_1STUB_        G=(none)  M=c0.ASM     ACBP=68
 069C:0000 0093 C=DATA   S=_DATA          G=DGROUP  M=c0.ASM     ACBP=68
 069C:0094 0057 C=DATA   S=_DATA          G=DGROUP  M=test.c     ACBP=48
 069C:00EC 0000 C=DATA   S=_DATA          G=DGROUP  M=\SOFTWARE\uCOS-II\Ix86L\BC45\OS_CPU_A.ASM ACBP=48
 069C:00EC 0000 C=DATA   S=_DATA          G=DGROUP  M=os_cpu_c.c ACBP=48
 069C:00EC 001F C=DATA   S=_DATA          G=DGROUP  M=pc.c       ACBP=48
 069C:010C 0108 C=DATA   S=_DATA          G=DGROUP  M=ucos_ii.c  ACBP=48
 069C:0214 0002 C=DATA   S=_DATA          G=DGROUP  M=ATEXIT     ACBP=48
 069C:0216 000C C=DATA   S=_DATA          G=DGROUP  M=EXIT       ACBP=48
 069C:0222 0190 C=DATA   S=_DATA          G=DGROUP  M=FILES      ACBP=48
 069C:03B2 002A C=DATA   S=_DATA          G=DGROUP  M=FILES2     ACBP=48
 069C:03DC 0000 C=DATA   S=_DATA          G=DGROUP  M=F_LXMUL    ACBP=48
 069C:03DC 0000 C=DATA   S=_DATA          G=DGROUP  M=GETDATE    ACBP=48
 069C:03DC 0000 C=DATA   S=_DATA          G=DGROUP  M=H_LDIV     ACBP=48
 069C:03DC 0000 C=DATA   S=_DATA          G=DGROUP  M=H_LLSH     ACBP=48
 069C:03DC 0000 C=DATA   S=_DATA          G=DGROUP  M=H_LURSH    ACBP=48
 069C:03DC 0000 C=DATA   S=_DATA          G=DGROUP  M=H_PADD     ACBP=48
 069C:03DC 005B C=DATA   S=_DATA          G=DGROUP  M=IOERROR    ACBP=48
 069C:0438 0000 C=DATA   S=_DATA          G=DGROUP  M=ISATTY     ACBP=48
 069C:0438 0000 C=DATA   S=_DATA          G=DGROUP  M=LONGTOA    ACBP=48
 069C:0438 0000 C=DATA   S=_DATA          G=DGROUP  M=LSEEK      ACBP=48
 069C:0438 0000 C=DATA   S=_DATA          G=DGROUP  M=N_PCMP     ACBP=48
 069C:0438 0000 C=DATA   S=_DATA          G=DGROUP  M=SETUPIO    ACBP=48
 069C:0438 0002 C=DATA   S=_DATA          G=DGROUP  M=STKLEN     ACBP=48
 069C:043A 0067 C=DATA   S=_DATA          G=DGROUP  M=VPRINTER   ACBP=48
 069C:04A2 0000 C=DATA   S=_DATA          G=DGROUP  M=VRAM       ACBP=48
 069C:04A2 0002 C=DATA   S=_DATA          G=DGROUP  M=WSCROLL    ACBP=48
 069C:04A4 0000 C=DATA   S=_DATA          G=DGROUP  M=CPRINTF    ACBP=48
 069C:04A4 0018 C=DATA   S=_DATA          G=DGROUP  M=CRTINIT    ACBP=48
 069C:04BC 0031 C=DATA   S=_DATA          G=DGROUP  M=CVTFAK     ACBP=48
 069C:04EE 0000 C=DATA   S=_DATA          G=DGROUP  M=FARHEAP    ACBP=48
 069C:04EE 0002 C=DATA   S=_DATA          G=DGROUP  M=FBRK       ACBP=48
 069C:04F0 0000 C=DATA   S=_DATA          G=DGROUP  M=GETCH      ACBP=48
 069C:04F0 0000 C=DATA   S=_DATA          G=DGROUP  M=GPTEXT     ACBP=48
 069C:04F0 0002 C=DATA   S=_DATA          G=DGROUP  M=KBHIT      ACBP=48
 069C:04F2 0000 C=DATA   S=_DATA          G=DGROUP  M=MOVETEXT   ACBP=48
 069C:04F2 0000 C=DATA   S=_DATA          G=DGROUP  M=PUTCH      ACBP=48
 069C:04F2 0000 C=DATA   S=_DATA          G=DGROUP  M=REALCVT    ACBP=48
 069C:04F2 0000 C=DATA   S=_DATA          G=DGROUP  M=SCREEN     ACBP=48
 069C:04F2 0000 C=DATA   S=_DATA          G=DGROUP  M=SCROLL     ACBP=48
 069C:04F2 0000 C=DATA   S=_DATA          G=DGROUP  M=SETBLOCK   ACBP=48
 069C:04F2 0000 C=DATA   S=_DATA          G=DGROUP  M=SETJMP     ACBP=48
 069C:04F2 0000 C=DATA   S=_DATA          G=DGROUP  M=WHEREXY    ACBP=48
 069C:04F2 0000 C=DATA   S=_DATA          G=DGROUP  M=FFLUSH     ACBP=48
 069C:04F2 0000 C=DATA   S=_DATA          G=DGROUP  M=FLUSHALL   ACBP=48
 069C:04F2 0000 C=DATA   S=_DATA          G=DGROUP  M=FSEEK      ACBP=48
 069C:04F2 0000 C=DATA   S=_DATA          G=DGROUP  M=MEMCPY     ACBP=48
 069C:04F2 0000 C=DATA   S=_DATA          G=DGROUP  M=PRINTF     ACBP=48
 069C:04F2 0001 C=DATA   S=_DATA          G=DGROUP  M=PUTC       ACBP=48
 069C:04F4 0004 C=DATA   S=_DATA          G=DGROUP  M=SETVBUF    ACBP=48
 069C:04F8 0000 C=DATA   S=_DATA          G=DGROUP  M=SPRINTF    ACBP=48
 069C:04F8 0000 C=DATA   S=_DATA          G=DGROUP  M=WRITE      ACBP=48
 069C:04F8 0000 C=DATA   S=_DATA          G=DGROUP  M=WRITEA     ACBP=48
 069C:04F8 0000 C=DATA   S=_DATA          G=DGROUP  M=XFFLUSH    ACBP=48
 069C:04F8 0000 C=DATA   S=_CVTSEG        G=DGROUP  M=c0.ASM     ACBP=48
 069C:04F8 0002 C=DATA   S=_CVTSEG        G=DGROUP  M=CVTFAK     ACBP=48
 069C:04FA 0000 C=DATA   S=_CVTSEG        G=DGROUP  M=REALCVT    ACBP=48
 069C:04FA 0000 C=DATA   S=_SCNSEG        G=DGROUP  M=c0.ASM     ACBP=48
 069C:04FA 0006 C=DATA   S=_SCNSEG        G=DGROUP  M=CVTFAK     ACBP=48
 069C:0500 0000 C=CONST  S=_CONST         G=DGROUP  M=c0.ASM     ACBP=48
 069C:0500 0000 C=INITDATA S=_INIT_         G=DGROUP  M=c0.ASM     ACBP=48
 069C:0500 0006 C=INITDATA S=_INIT_         G=DGROUP  M=SETUPIO    ACBP=48
 069C:0506 0006 C=INITDATA S=_INIT_         G=DGROUP  M=CRTINIT    ACBP=48
 069C:050C 0000 C=INITDATA S=_INITEND_      G=DGROUP  M=c0.ASM     ACBP=28
 069C:050C 0000 C=EXITDATA S=_EXIT_         G=DGROUP  M=c0.ASM     ACBP=48
 069C:050C 0000 C=EXITDATA S=_EXITEND_      G=DGROUP  M=c0.ASM     ACBP=28
 069C:050C 0000 C=BSS    S=_BSS           G=DGROUP  M=c0.ASM     ACBP=48
 069C:050C 1000 C=BSS    S=_BSS           G=DGROUP  M=test.c     ACBP=48
 069C:150C 0001 C=BSS    S=_BSS           G=DGROUP  M=os_cpu_c.c ACBP=48
 069C:150E 001B C=BSS    S=_BSS           G=DGROUP  M=pc.c       ACBP=48
 069C:152A 1C51 C=BSS    S=_BSS           G=DGROUP  M=ucos_ii.c  ACBP=48
 069C:317C 0080 C=BSS    S=_BSS           G=DGROUP  M=ATEXIT     ACBP=48
 069C:31FC 0000 C=BSS    S=_BSS           G=DGROUP  M=IOERROR    ACBP=48
 069C:31FC 0000 C=BSS    S=_BSS           G=DGROUP  M=ISATTY     ACBP=48
 069C:31FC 0000 C=BSS    S=_BSS           G=DGROUP  M=LONGTOA    ACBP=48
 069C:31FC 0000 C=BSS    S=_BSS           G=DGROUP  M=LSEEK      ACBP=48
 069C:31FC 0000 C=BSS    S=_BSS           G=DGROUP  M=SETUPIO    ACBP=48
 069C:31FC 0000 C=BSS    S=_BSS           G=DGROUP  M=VPRINTER   ACBP=48
 069C:31FC 0000 C=BSS    S=_BSS           G=DGROUP  M=VRAM       ACBP=48
 069C:31FC 0000 C=BSS    S=_BSS           G=DGROUP  M=CRTINIT    ACBP=48
 069C:31FC 0000 C=BSS    S=_BSS           G=DGROUP  M=GETCH      ACBP=48
 069C:31FC 0000 C=BSS    S=_BSS           G=DGROUP  M=KBHIT      ACBP=48
 069C:31FC 0000 C=BSS    S=_BSS           G=DGROUP  M=SETBLOCK   ACBP=48
 069C:31FC 0000 C=BSS    S=_BSS           G=DGROUP  M=SETJMP     ACBP=48
 069C:31FC 0000 C=BSS    S=_BSS           G=DGROUP  M=MEMCPY     ACBP=48
 069C:31FC 0001 C=BSS    S=_BSS           G=DGROUP  M=PUTC       ACBP=48
 069C:31FE 0000 C=BSS    S=_BSS           G=DGROUP  M=WRITEA     ACBP=48
 069C:31FE 0000 C=BSSEND S=_BSSEND        G=DGROUP  M=c0.ASM     ACBP=28
 09BC:0000 0080 C=STACK  S=_STACK         G=(none)  M=c0.ASM     ACBP=74

  Address         Publics by Name

 069C:0000 idle  DATASEG@
 0000:0291 idle  DGROUP@
 0000:0395 idle  F_LDIV@
 0000:03A4 idle  F_LMOD@
 0000:039C       F_LUDIV@
 0000:03AC       F_LUMOD@
 0000:0443       F_LXLSH@
 0000:0355       F_LXMUL@
 0000:0464       F_LXURSH@
 0000:0485 idle  F_PADD@
 0000:04B4 idle  F_PSUB@
 0000:0395 idle  LDIV@
 0000:03A4 idle  LMOD@
 0000:039C idle  LUDIV@
 0000:03AC idle  LUMOD@
 0000:0443 idle  LXLSH@
 0000:0355 idle  LXMUL@
 0000:0464 idle  LXURSH@
 0000:0392 idle  N_LDIV@
 0000:03A1 idle  N_LMOD@
 0000:0399 idle  N_LUDIV@
 0000:03A9 idle  N_LUMOD@
 0000:0440       N_LXLSH@
 0000:0461 idle  N_LXURSH@
 0000:0482       N_PADD@
 0000:0609       N_PCMP@
 0000:04B1 idle  N_PSUB@
 0000:0485 idle  PADD@
 0000:04B4 idle  PSUB@
 0000:027A       _abort
 0000:0295 idle  _atexit
 0000:0D90 idle  _cprintf
 069C:04B3       _directvideo
 069C:007F       _errno
 0000:031A       _exit
 0000:10B0 idle  _farfree
 0000:11C4 idle  _farmalloc
 0000:1328 idle  _farrealloc
 0000:1ABD       _fflush
 0000:1B8A       _flushall
 0000:1E09 idle  _fputc
 0000:1F9E idle  _fputchar
 0000:10B0       _free
 0000:1C4E       _fseek
 0000:1CCE idle  _ftell
 0000:14E2       _getch
 0000:14FE idle  _getche
 0000:036C       _getdate
 0000:1540       _gettext
 0000:037F       _gettime
 0000:052D       _isatty
 0000:15EC       _kbhit
 069C:2FEB       _lab1_output
 069C:2FE7       _lab1_pos
 0000:1A5D       _longjmp
 0000:05E0       _lseek
 0251:0089       _main
 0000:11BA       _malloc
 0000:1DAE       _memcpy
 0000:15FE       _movetext
 069C:2F16 idle  _OSCPUUsage
 028F:0028       _OSCtxSw
 069C:2FE2 idle  _OSCtxSwCtr
 069C:2FDE idle  _OSEventFreeList
 069C:2F3E idle  _OSEventTbl
 02F2:0A2E idle  _OSFlagAccept
 02F2:0B60 idle  _OSFlagCreate
 02F2:0BD8 idle  _OSFlagDel
 069C:2F17 idle  _OSFlagFreeList
 02F2:0D1A idle  _OSFlagPend
 02F2:0F74 idle  _OSFlagPost
 02F2:1114 idle  _OSFlagQuery
 069C:2F1B idle  _OSFlagTbl
 069C:2AF9 idle  _OSIdleCtr
 069C:2F12 idle  _OSIdleCtrMax
 069C:2F0E idle  _OSIdleCtrRun
 02F2:0003       _OSInit
 029D:0000       _OSInitHookBegin
 029D:0001       _OSInitHookEnd
 028F:0063       _OSIntCtxSw
 02F2:003B idle  _OSIntEnter
 02F2:059D       _OSIntExit
 069C:2B0B idle  _OSIntExitY
 069C:2B0C       _OSIntNesting
 069C:2B0A idle  _OSLockNesting
 069C:010C idle  _OSMapTbl
 02F2:13A4 idle  _OSMboxAccept
 02F2:13EF idle  _OSMboxCreate
 02F2:1464 idle  _OSMboxDel
 02F2:1582 idle  _OSMboxPend
 02F2:1684 idle  _OSMboxPost
 02F2:16FC idle  _OSMboxPostOpt
 02F2:179F idle  _OSMboxQuery
 02F2:1893 idle  _OSMemCreate
 069C:16EA idle  _OSMemFreeList
 02F2:19DE idle  _OSMemGet
 02F2:1A5C idle  _OSMemPut
 02F2:1ACC idle  _OSMemQuery
 069C:1622 idle  _OSMemTbl
 02F2:1C19 idle  _OSMutexAccept
 02F2:1CA4 idle  _OSMutexCreate
 02F2:1D8A idle  _OSMutexDel
 02F2:1EE4 idle  _OSMutexPend
 02F2:20CF idle  _OSMutexPost
 02F2:2257 idle  _OSMutexQuery
 069C:2B09       _OSPrioCur
 069C:2B08       _OSPrioHighRdy
 02F2:2372 idle  _OSQAccept
 02F2:2412 idle  _OSQCreate
 02F2:2535 idle  _OSQDel
 02F2:26B2 idle  _OSQFlush
 069C:161E idle  _OSQFreeList
 02F2:270A idle  _OSQPend
 02F2:2850 idle  _OSQPost
 02F2:2918 idle  _OSQPostFront
 02F2:29DA idle  _OSQPostOpt
 02F2:2B18 idle  _OSQQuery
 069C:152E idle  _OSQTbl
 069C:2B07 idle  _OSRdyGrp
 069C:2AFF idle  _OSRdyTbl
 069C:2AFE       _OSRunning
 02F2:004E idle  _OSSchedLock
 02F2:0064 idle  _OSSchedUnlock
 02F2:2CA3 idle  _OSSemAccept
 02F2:2CD5 idle  _OSSemCreate
 02F2:2D49 idle  _OSSemDel
 02F2:2E67 idle  _OSSemPend
 02F2:2F17 idle  _OSSemPost
 02F2:2F71 idle  _OSSemQuery
 02F2:0091       _OSStart
 028F:000A       _OSStartHighRdy
 02F2:00F0       _OSStatInit
 069C:2F0D idle  _OSStatRdy
 02F2:305D idle  _OSTaskChangePrio
 02F2:3229 idle  _OSTaskCreate
 02F2:32EE       _OSTaskCreateExt
 029D:0002       _OSTaskCreateHook
 069C:2AFD idle  _OSTaskCtr
 02F2:33EA       _OSTaskDel
 029D:0007       _OSTaskDelHook
 02F2:35C9 idle  _OSTaskDelReq
 029D:000C       _OSTaskIdleHook
 069C:26F9 idle  _OSTaskIdleStk
 02F2:3847 idle  _OSTaskQuery
 02F2:3635 idle  _OSTaskResume
 029D:000D       _OSTaskStatHook
 069C:2B0D idle  _OSTaskStatStk
 02F2:36B4 idle  _OSTaskStkChk
 029D:000E       _OSTaskStkInit
 029D:00F4       _OSTaskStkInit_FPE_x86
 02F2:3799 idle  _OSTaskSuspend
 029D:01CF       _OSTaskSwHook
 069C:26F5       _OSTCBCur
 069C:26F1 idle  _OSTCBFreeList
 069C:26ED       _OSTCBHighRdy
 029D:01D0       _OSTCBInitHook
 069C:26E9 idle  _OSTCBList
 069C:25E9 idle  _OSTCBPrioTbl
 069C:16EE idle  _OSTCBTbl
 069C:150C       _OSTickDOSCtr
 028F:0090       _OSTickISR
 069C:152A idle  _OSTime
 02F2:38B5       _OSTimeDly
 02F2:38FC idle  _OSTimeDlyHMSM
 02F2:39EB idle  _OSTimeDlyResume
 02F2:3A63       _OSTimeGet
 02F2:3A82       _OSTimeSet
 02F2:012A       _OSTimeTick
 029D:01D5       _OSTimeTickHook
 069C:0114 idle  _OSUnMapTbl
 02F2:01C6 idle  _OSVersion
 02F2:01CA idle  _OS_Dummy
 02F2:01CB idle  _OS_EventTaskRdy
 02F2:0295 idle  _OS_EventTaskWait
 02F2:0302 idle  _OS_EventTO
 02F2:0356 idle  _OS_EventWaitListInit
 02F2:1236 idle  _OS_FlagInit
 02F2:12F5 idle  _OS_FlagUnlink
 02F2:1B75 idle  _OS_MemInit
 02F2:2C53 idle  _OS_QInit
 02F2:069A idle  _OS_Sched
 02F2:0785 idle  _OS_TaskIdle
 02F2:07AA idle  _OS_TaskStat
 02F2:087F idle  _OS_TCBInit
 02BA:0006 idle  _PC_DispChar
 02BA:0044 idle  _PC_DispClrCol
 02BA:008A idle  _PC_DispClrRow
 02BA:00C3       _PC_DispClrScr
 02BA:00F4 idle  _PC_DispStr
 02BA:0143       _PC_DOSReturn
 02BA:0157       _PC_DOSSaveReturn
 02BA:01C5       _PC_ElapsedInit
 02BA:01D9 idle  _PC_ElapsedStart
 02BA:01FF idle  _PC_ElapsedStop
 02BA:0250 idle  _PC_GetDateTime
 02BA:02A3       _PC_GetKey
 02BA:02CA       _PC_SetTickRate
 069C:150E idle  _PC_TickISR
 02BA:0317 idle  _PC_VectGet
 02BA:034E       _PC_VectSet
 069C:2FE6 idle  _prev_print_prio
 0000:1DD2       _printf
 0251:000A idle  _print_buffer
 0000:169B       _putch
 0000:1596       _puttext
 0000:1321 idle  _realloc
 0000:1A0B       _setblock
 0000:1A27       _setjmp
 0000:21B5       _setvbuf
 0000:2312       _sprintf
 0251:0234 idle  _Task1
 069C:0D0C idle  _Task1Stk
 0251:02C6 idle  _Task2
 069C:090C idle  _Task2Stk
 0251:0358 idle  _Task3
 069C:050C idle  _Task3Stk
 0251:0128 idle  _TaskStart
 069C:110C idle  _TaskStartStk
 069C:009D idle  _TASK_CNT
 069C:0094 idle  _TASK_INFO
 069C:009A idle  _TASK_PRIO
 0000:1522 idle  _ungetch
 0000:2334 idle  _vsprintf
 0000:1A9B idle  _wherex
 0000:1AAA idle  _wherey
 0000:1000 idle  __AHINCR
 0000:000C idle  __AHSHIFT
 069C:0214       __atexitcnt
 069C:317C       __atexittbl
 0000:1418       __brk
 069C:008B       __brklvl
 069C:006B idle  __C0argc
 069C:006D idle  __C0argv
 0000:0E72 idle  __c0crtinit
 069C:0071 idle  __C0environ
 069C:04F1       __cChar
 0000:033B idle  __cexit
 069C:04F0       __cFlag
 0000:016A       __checknull
 0000:0157       __cleanup
 0000:0C5E       __CPUTN
 0000:0E8F idle  __crtinit
 0000:0000  Abs  __cvtfak
 0000:0349 idle  __c_exit
 069C:03DC idle  __doserrno
 0000:051B idle  __DOSERROR
 069C:03DE idle  __dosErrorToSV
 069C:0075 idle  __envLng
 069C:0077 idle  __envseg
 069C:0079 idle  __envSize
 0000:0329       __exit
 069C:0216       __exitbuf
 069C:021A idle  __exitfopen
 069C:021E idle  __exitopen
 0000:1DED idle  __fputc
 0000:1FB2       __FPUTN
 069C:0087       __heapbase
 069C:008F       __heaptop
 069C:005B idle  __Int0Vector
 069C:005F idle  __Int4Vector
 069C:0063 idle  __Int5Vector
 069C:0067 idle  __Int6Vector
 0000:04E2       __IOERROR
 0000:053E       __LONGTOA
 0000:0293 idle  __MMODEL
 069C:03B2       __nfile
 0000:14FB idle  __Ngetche
 0000:151F idle  __Nungetch
 069C:03B4       __openfd
 069C:007D idle  __osmajor
 069C:007E idle  __osminor
 069C:007D idle  __osversion
 069C:007B       __psp
 0000:16B2       __REALCVT
 069C:04F8       __RealCvtVector
 0000:01C0       __restorezero
 0000:1457       __sbrk
 069C:04FA idle  __ScanTodVector
 0000:17EC       __SCREENIO
 0000:189F       __SCROLL
 0000:062A       __setupio
 069C:0081 idle  __StartTime
 069C:0438       __stklen
 069C:0222       __streams
 0000:016B       __terminate
 0000:0000 idle  __turboCrt
 0000:05C0 idle  __UTOA
 0000:1828       __VALIDATEXY
 069C:007D idle  __version
 069C:04A4       __video
 0000:0DE7       __VideoInt
 0000:06FC       __VPRINTER
 0000:0BBF       __VPTR
 0000:0BE4       __VRAM
 0000:1A91       __wherexy
 0000:24A6       __write
 069C:04A2       __wscroll
 0000:24E2       __xfflush
 069C:0085 idle  ___brklvl
 0000:0F70 idle  ___first
 0000:0F72 idle  ___last
 0000:0F74 idle  ___rover
 0000:2355       ___write

  Address         Publics by Value

 0000:0000 idle  __turboCrt
 0000:0000  Abs  __cvtfak
 0000:000C idle  __AHSHIFT
 0000:0157       __cleanup
 0000:016A       __checknull
 0000:016B       __terminate
 0000:01C0       __restorezero
 0000:027A       _abort
 0000:0291 idle  DGROUP@
 0000:0293 idle  __MMODEL
 0000:0295 idle  _atexit
 0000:031A       _exit
 0000:0329       __exit
 0000:033B idle  __cexit
 0000:0349 idle  __c_exit
 0000:0355       F_LXMUL@
 0000:0355 idle  LXMUL@
 0000:036C       _getdate
 0000:037F       _gettime
 0000:0392 idle  N_LDIV@
 0000:0395 idle  LDIV@
 0000:0395 idle  F_LDIV@
 0000:0399 idle  N_LUDIV@
 0000:039C       F_LUDIV@
 0000:039C idle  LUDIV@
 0000:03A1 idle  N_LMOD@
 0000:03A4 idle  F_LMOD@
 0000:03A4 idle  LMOD@
 0000:03A9 idle  N_LUMOD@
 0000:03AC       F_LUMOD@
 0000:03AC idle  LUMOD@
 0000:0440       N_LXLSH@
 0000:0443       F_LXLSH@
 0000:0443 idle  LXLSH@
 0000:0461 idle  N_LXURSH@
 0000:0464       F_LXURSH@
 0000:0464 idle  LXURSH@
 0000:0482       N_PADD@
 0000:0485 idle  F_PADD@
 0000:0485 idle  PADD@
 0000:04B1 idle  N_PSUB@
 0000:04B4 idle  F_PSUB@
 0000:04B4 idle  PSUB@
 0000:04E2       __IOERROR
 0000:051B idle  __DOSERROR
 0000:052D       _isatty
 0000:053E       __LONGTOA
 0000:05C0 idle  __UTOA
 0000:05E0       _lseek
 0000:0609       N_PCMP@
 0000:062A       __setupio
 0000:06FC       __VPRINTER
 0000:0BBF       __VPTR
 0000:0BE4       __VRAM
 0000:0C5E       __CPUTN
 0000:0D90 idle  _cprintf
 0000:0DE7       __VideoInt
 0000:0E72 idle  __c0crtinit
 0000:0E8F idle  __crtinit
 0000:0F70 idle  ___first
 0000:0F72 idle  ___last
 0000:0F74 idle  ___rover
 0000:1000 idle  __AHINCR
 0000:10B0       _free
 0000:10B0 idle  _farfree
 0000:11BA       _malloc
 0000:11C4 idle  _farmalloc
 0000:1321 idle  _realloc
 0000:1328 idle  _farrealloc
 0000:1418       __brk
 0000:1457       __sbrk
 0000:14E2       _getch
 0000:14FB idle  __Ngetche
 0000:14FE idle  _getche
 0000:151F idle  __Nungetch
 0000:1522 idle  _ungetch
 0000:1540       _gettext
 0000:1596       _puttext
 0000:15EC       _kbhit
 0000:15FE       _movetext
 0000:169B       _putch
 0000:16B2       __REALCVT
 0000:17EC       __SCREENIO
 0000:1828       __VALIDATEXY
 0000:189F       __SCROLL
 0000:1A0B       _setblock
 0000:1A27       _setjmp
 0000:1A5D       _longjmp
 0000:1A91       __wherexy
 0000:1A9B idle  _wherex
 0000:1AAA idle  _wherey
 0000:1ABD       _fflush
 0000:1B8A       _flushall
 0000:1C4E       _fseek
 0000:1CCE idle  _ftell
 0000:1DAE       _memcpy
 0000:1DD2       _printf
 0000:1DED idle  __fputc
 0000:1E09 idle  _fputc
 0000:1F9E idle  _fputchar
 0000:1FB2       __FPUTN
 0000:21B5       _setvbuf
 0000:2312       _sprintf
 0000:2334 idle  _vsprintf
 0000:2355       ___write
 0000:24A6       __write
 0000:24E2       __xfflush
 0251:000A idle  _print_buffer
 0251:0089       _main
 0251:0128 idle  _TaskStart
 0251:0234 idle  _Task1
 0251:02C6 idle  _Task2
 0251:0358 idle  _Task3
 028F:000A       _OSStartHighRdy
 028F:0028       _OSCtxSw
 028F:0063       _OSIntCtxSw
 028F:0090       _OSTickISR
 029D:0000       _OSInitHookBegin
 029D:0001       _OSInitHookEnd
 029D:0002       _OSTaskCreateHook
 029D:0007       _OSTaskDelHook
 029D:000C       _OSTaskIdleHook
 029D:000D       _OSTaskStatHook
 029D:000E       _OSTaskStkInit
 029D:00F4       _OSTaskStkInit_FPE_x86
 029D:01CF       _OSTaskSwHook
 029D:01D0       _OSTCBInitHook
 029D:01D5       _OSTimeTickHook
 02BA:0006 idle  _PC_DispChar
 02BA:0044 idle  _PC_DispClrCol
 02BA:008A idle  _PC_DispClrRow
 02BA:00C3       _PC_DispClrScr
 02BA:00F4 idle  _PC_DispStr
 02BA:0143       _PC_DOSReturn
 02BA:0157       _PC_DOSSaveReturn
 02BA:01C5       _PC_ElapsedInit
 02BA:01D9 idle  _PC_ElapsedStart
 02BA:01FF idle  _PC_ElapsedStop
 02BA:0250 idle  _PC_GetDateTime
 02BA:02A3       _PC_GetKey
 02BA:02CA       _PC_SetTickRate
 02BA:0317 idle  _PC_VectGet
 02BA:034E       _PC_VectSet
 02F2:0003       _OSInit
 02F2:003B idle  _OSIntEnter
 02F2:004E idle  _OSSchedLock
 02F2:0064 idle  _OSSchedUnlock
 02F2:0091       _OSStart
 02F2:00F0       _OSStatInit
 02F2:012A       _OSTimeTick
 02F2:01C6 idle  _OSVersion
 02F2:01CA idle  _OS_Dummy
 02F2:01CB idle  _OS_EventTaskRdy
 02F2:0295 idle  _OS_EventTaskWait
 02F2:0302 idle  _OS_EventTO
 02F2:0356 idle  _OS_EventWaitListInit
 02F2:059D       _OSIntExit
 02F2:069A idle  _OS_Sched
 02F2:0785 idle  _OS_TaskIdle
 02F2:07AA idle  _OS_TaskStat
 02F2:087F idle  _OS_TCBInit
 02F2:0A2E idle  _OSFlagAccept
 02F2:0B60 idle  _OSFlagCreate
 02F2:0BD8 idle  _OSFlagDel
 02F2:0D1A idle  _OSFlagPend
 02F2:0F74 idle  _OSFlagPost
 02F2:1114 idle  _OSFlagQuery
 02F2:1236 idle  _OS_FlagInit
 02F2:12F5 idle  _OS_FlagUnlink
 02F2:13A4 idle  _OSMboxAccept
 02F2:13EF idle  _OSMboxCreate
 02F2:1464 idle  _OSMboxDel
 02F2:1582 idle  _OSMboxPend
 02F2:1684 idle  _OSMboxPost
 02F2:16FC idle  _OSMboxPostOpt
 02F2:179F idle  _OSMboxQuery
 02F2:1893 idle  _OSMemCreate
 02F2:19DE idle  _OSMemGet
 02F2:1A5C idle  _OSMemPut
 02F2:1ACC idle  _OSMemQuery
 02F2:1B75 idle  _OS_MemInit
 02F2:1C19 idle  _OSMutexAccept
 02F2:1CA4 idle  _OSMutexCreate
 02F2:1D8A idle  _OSMutexDel
 02F2:1EE4 idle  _OSMutexPend
 02F2:20CF idle  _OSMutexPost
 02F2:2257 idle  _OSMutexQuery
 02F2:2372 idle  _OSQAccept
 02F2:2412 idle  _OSQCreate
 02F2:2535 idle  _OSQDel
 02F2:26B2 idle  _OSQFlush
 02F2:270A idle  _OSQPend
 02F2:2850 idle  _OSQPost
 02F2:2918 idle  _OSQPostFront
 02F2:29DA idle  _OSQPostOpt
 02F2:2B18 idle  _OSQQuery
 02F2:2C53 idle  _OS_QInit
 02F2:2CA3 idle  _OSSemAccept
 02F2:2CD5 idle  _OSSemCreate
 02F2:2D49 idle  _OSSemDel
 02F2:2E67 idle  _OSSemPend
 02F2:2F17 idle  _OSSemPost
 02F2:2F71 idle  _OSSemQuery
 02F2:305D idle  _OSTaskChangePrio
 02F2:3229 idle  _OSTaskCreate
 02F2:32EE       _OSTaskCreateExt
 02F2:33EA       _OSTaskDel
 02F2:35C9 idle  _OSTaskDelReq
 02F2:3635 idle  _OSTaskResume
 02F2:36B4 idle  _OSTaskStkChk
 02F2:3799 idle  _OSTaskSuspend
 02F2:3847 idle  _OSTaskQuery
 02F2:38B5       _OSTimeDly
 02F2:38FC idle  _OSTimeDlyHMSM
 02F2:39EB idle  _OSTimeDlyResume
 02F2:3A63       _OSTimeGet
 02F2:3A82       _OSTimeSet
 069C:0000 idle  DATASEG@
 069C:005B idle  __Int0Vector
 069C:005F idle  __Int4Vector
 069C:0063 idle  __Int5Vector
 069C:0067 idle  __Int6Vector
 069C:006B idle  __C0argc
 069C:006D idle  __C0argv
 069C:0071 idle  __C0environ
 069C:0075 idle  __envLng
 069C:0077 idle  __envseg
 069C:0079 idle  __envSize
 069C:007B       __psp
 069C:007D idle  __osversion
 069C:007D idle  __osmajor
 069C:007D idle  __version
 069C:007E idle  __osminor
 069C:007F       _errno
 069C:0081 idle  __StartTime
 069C:0085 idle  ___brklvl
 069C:0087       __heapbase
 069C:008B       __brklvl
 069C:008F       __heaptop
 069C:0094 idle  _TASK_INFO
 069C:009A idle  _TASK_PRIO
 069C:009D idle  _TASK_CNT
 069C:010C idle  _OSMapTbl
 069C:0114 idle  _OSUnMapTbl
 069C:0214       __atexitcnt
 069C:0216       __exitbuf
 069C:021A idle  __exitfopen
 069C:021E idle  __exitopen
 069C:0222       __streams
 069C:03B2       __nfile
 069C:03B4       __openfd
 069C:03DC idle  __doserrno
 069C:03DE idle  __dosErrorToSV
 069C:0438       __stklen
 069C:04A2       __wscroll
 069C:04A4       __video
 069C:04B3       _directvideo
 069C:04F0       __cFlag
 069C:04F1       __cChar
 069C:04F8       __RealCvtVector
 069C:04FA idle  __ScanTodVector
 069C:050C idle  _Task3Stk
 069C:090C idle  _Task2Stk
 069C:0D0C idle  _Task1Stk
 069C:110C idle  _TaskStartStk
 069C:150C       _OSTickDOSCtr
 069C:150E idle  _PC_TickISR
 069C:152A idle  _OSTime
 069C:152E idle  _OSQTbl
 069C:161E idle  _OSQFreeList
 069C:1622 idle  _OSMemTbl
 069C:16EA idle  _OSMemFreeList
 069C:16EE idle  _OSTCBTbl
 069C:25E9 idle  _OSTCBPrioTbl
 069C:26E9 idle  _OSTCBList
 069C:26ED       _OSTCBHighRdy
 069C:26F1 idle  _OSTCBFreeList
 069C:26F5       _OSTCBCur
 069C:26F9 idle  _OSTaskIdleStk
 069C:2AF9 idle  _OSIdleCtr
 069C:2AFD idle  _OSTaskCtr
 069C:2AFE       _OSRunning
 069C:2AFF idle  _OSRdyTbl
 069C:2B07 idle  _OSRdyGrp
 069C:2B08       _OSPrioHighRdy
 069C:2B09       _OSPrioCur
 069C:2B0A idle  _OSLockNesting
 069C:2B0B idle  _OSIntExitY
 069C:2B0C       _OSIntNesting
 069C:2B0D idle  _OSTaskStatStk
 069C:2F0D idle  _OSStatRdy
 069C:2F0E idle  _OSIdleCtrRun
 069C:2F12 idle  _OSIdleCtrMax
 069C:2F16 idle  _OSCPUUsage
 069C:2F17 idle  _OSFlagFreeList
 069C:2F1B idle  _OSFlagTbl
 069C:2F3E idle  _OSEventTbl
 069C:2FDE idle  _OSEventFreeList
 069C:2FE2 idle  _OSCtxSwCtr
 069C:2FE6 idle  _prev_print_prio
 069C:2FE7       _lab1_pos
 069C:2FEB       _lab1_output
 069C:317C       __atexittbl

Program entry point at 0000:0000

