
 Start  Stop   Length Name               Class

 00000H 02519H 0251AH _TEXT              CODE
 0251AH 02A2DH 00514H TEST_TEXT          CODE
 02A2EH 02B03H 000D6H OS_CPU_A_TEXT      CODE
 02B04H 02CD9H 001D6H OS_CPU_C_TEXT      CODE
 02CDAH 03056H 0037DH PC_TEXT            CODE
 03057H 06C3DH 03BE7H UCOS_II_TEXT       CODE
 06C40H 06C40H 00000H _FARDATA           FAR_DATA
 06C40H 06C40H 00000H _FARBSS            FAR_BSS
 06C40H 06C40H 00000H _OVERLAY_          OVRINFO
 06C40H 06C40H 00000H _1STUB_            STUBSEG
 06C40H 07163H 00524H _DATA              DATA
 07164H 07165H 00002H _CVTSEG            DATA
 07166H 0716BH 00006H _SCNSEG            DATA
 0716CH 0716CH 00000H _CONST             CONST
 0716CH 07177H 0000CH _INIT_             INITDATA
 07178H 07178H 00000H _INITEND_          INITDATA
 07178H 07178H 00000H _EXIT_             EXITDATA
 07178H 07178H 00000H _EXITEND_          EXITDATA
 07178H 0A36DH 031F6H _BSS               BSS
 0A36EH 0A36EH 00000H _BSSEND            BSSEND
 0A370H 0A3EFH 00080H _STACK             STACK


Detailed map of segments

 0000:0000 0295 C=CODE   S=_TEXT          G=(none)  M=c0.ASM     ACBP=28
 0000:0295 002D C=CODE   S=_TEXT          G=(none)  M=ATEXIT     ACBP=28
 0000:02C2 0093 C=CODE   S=_TEXT          G=(none)  M=EXIT       ACBP=28
 0000:0355 0000 C=CODE   S=_TEXT          G=(none)  M=FILES      ACBP=28
 0000:0355 0000 C=CODE   S=_TEXT          G=(none)  M=FILES2     ACBP=28
 0000:0355 0017 C=CODE   S=_TEXT          G=(none)  M=F_LXMUL    ACBP=28
 0000:036C 0026 C=CODE   S=_TEXT          G=(none)  M=GETDATE    ACBP=28
 0000:0392 00AE C=CODE   S=_TEXT          G=(none)  M=H_LDIV     ACBP=28
 0000:0440 0021 C=CODE   S=_TEXT          G=(none)  M=H_LLSH     ACBP=28
 0000:0461 0021 C=CODE   S=_TEXT          G=(none)  M=H_LURSH    ACBP=28
 0000:0482 0060 C=CODE   S=_TEXT          G=(none)  M=H_PADD     ACBP=28
 0000:04E2 004B C=CODE   S=_TEXT          G=(none)  M=IOERROR    ACBP=28
 0000:052D 0011 C=CODE   S=_TEXT          G=(none)  M=ISATTY     ACBP=28
 0000:053E 00A2 C=CODE   S=_TEXT          G=(none)  M=LONGTOA    ACBP=28
 0000:05E0 0029 C=CODE   S=_TEXT          G=(none)  M=LSEEK      ACBP=28
 0000:0609 0021 C=CODE   S=_TEXT          G=(none)  M=N_PCMP     ACBP=28
 0000:062A 00BA C=CODE   S=_TEXT          G=(none)  M=SETUPIO    ACBP=28
 0000:06E4 0000 C=CODE   S=_TEXT          G=(none)  M=STKLEN     ACBP=28
 0000:06E4 04DB C=CODE   S=_TEXT          G=(none)  M=VPRINTER   ACBP=28
 0000:0BBF 009F C=CODE   S=_TEXT          G=(none)  M=VRAM       ACBP=28
 0000:0C5E 0000 C=CODE   S=_TEXT          G=(none)  M=WSCROLL    ACBP=28
 0000:0C5E 014E C=CODE   S=_TEXT          G=(none)  M=CPRINTF    ACBP=28
 0000:0DAC 01A5 C=CODE   S=_TEXT          G=(none)  M=CRTINIT    ACBP=28
 0000:0F51 001F C=CODE   S=_TEXT          G=(none)  M=CVTFAK     ACBP=28
 0000:0F70 0432 C=CODE   S=_TEXT          G=(none)  M=FARHEAP    ACBP=28
 0000:13A2 0140 C=CODE   S=_TEXT          G=(none)  M=FBRK       ACBP=28
 0000:14E2 005E C=CODE   S=_TEXT          G=(none)  M=GETCH      ACBP=28
 0000:1540 00AC C=CODE   S=_TEXT          G=(none)  M=GPTEXT     ACBP=28
 0000:15EC 0012 C=CODE   S=_TEXT          G=(none)  M=KBHIT      ACBP=28
 0000:15FE 009D C=CODE   S=_TEXT          G=(none)  M=MOVETEXT   ACBP=28
 0000:169B 0017 C=CODE   S=_TEXT          G=(none)  M=PUTCH      ACBP=28
 0000:16B2 0004 C=CODE   S=_TEXT          G=(none)  M=REALCVT    ACBP=28
 0000:16B6 01C7 C=CODE   S=_TEXT          G=(none)  M=SCREEN     ACBP=28
 0000:187D 018E C=CODE   S=_TEXT          G=(none)  M=SCROLL     ACBP=28
 0000:1A0B 001C C=CODE   S=_TEXT          G=(none)  M=SETBLOCK   ACBP=28
 0000:1A27 006A C=CODE   S=_TEXT          G=(none)  M=SETJMP     ACBP=28
 0000:1A91 002C C=CODE   S=_TEXT          G=(none)  M=WHEREXY    ACBP=28
 0000:1ABD 00CD C=CODE   S=_TEXT          G=(none)  M=FFLUSH     ACBP=28
 0000:1B8A 0042 C=CODE   S=_TEXT          G=(none)  M=FLUSHALL   ACBP=28
 0000:1BCC 01E2 C=CODE   S=_TEXT          G=(none)  M=FSEEK      ACBP=28
 0000:1DAE 0024 C=CODE   S=_TEXT          G=(none)  M=MEMCPY     ACBP=28
 0000:1DD2 001B C=CODE   S=_TEXT          G=(none)  M=PRINTF     ACBP=28
 0000:1DED 03C8 C=CODE   S=_TEXT          G=(none)  M=PUTC       ACBP=28
 0000:21B5 011D C=CODE   S=_TEXT          G=(none)  M=SETVBUF    ACBP=28
 0000:22D2 0083 C=CODE   S=_TEXT          G=(none)  M=SPRINTF    ACBP=28
 0000:2355 0151 C=CODE   S=_TEXT          G=(none)  M=WRITE      ACBP=28
 0000:24A6 003C C=CODE   S=_TEXT          G=(none)  M=WRITEA     ACBP=28
 0000:24E2 0038 C=CODE   S=_TEXT          G=(none)  M=XFFLUSH    ACBP=28
 0251:000A 0514 C=CODE   S=TEST_TEXT      G=(none)  M=test.c     ACBP=28
 02A2:000E 00D6 C=CODE   S=OS_CPU_A_TEXT  G=(none)  M=\SOFTWARE\uCOS-II\Ix86L\BC45\OS_CPU_A.ASM ACBP=48
 02B0:0004 01D6 C=CODE   S=OS_CPU_C_TEXT  G=(none)  M=os_cpu_c.c ACBP=28
 02CD:000A 037D C=CODE   S=PC_TEXT        G=(none)  M=pc.c       ACBP=28
 0305:0007 3BE7 C=CODE   S=UCOS_II_TEXT   G=(none)  M=ucos_ii.c  ACBP=28
 06C4:0000 0000 C=FAR_DATA S=_FARDATA       G=(none)  M=c0.ASM     ACBP=68
 06C4:0000 0000 C=FAR_BSS S=_FARBSS        G=(none)  M=c0.ASM     ACBP=68
 06C4:0000 0000 C=OVRINFO S=_OVERLAY_      G=(none)  M=c0.ASM     ACBP=68
 06C4:0000 0000 C=STUBSEG S=_1STUB_        G=(none)  M=c0.ASM     ACBP=68
 06C4:0000 0093 C=DATA   S=_DATA          G=DGROUP  M=c0.ASM     ACBP=68
 06C4:0094 0083 C=DATA   S=_DATA          G=DGROUP  M=test.c     ACBP=48
 06C4:0118 0000 C=DATA   S=_DATA          G=DGROUP  M=\SOFTWARE\uCOS-II\Ix86L\BC45\OS_CPU_A.ASM ACBP=48
 06C4:0118 0000 C=DATA   S=_DATA          G=DGROUP  M=os_cpu_c.c ACBP=48
 06C4:0118 001F C=DATA   S=_DATA          G=DGROUP  M=pc.c       ACBP=48
 06C4:0138 0108 C=DATA   S=_DATA          G=DGROUP  M=ucos_ii.c  ACBP=48
 06C4:0240 0002 C=DATA   S=_DATA          G=DGROUP  M=ATEXIT     ACBP=48
 06C4:0242 000C C=DATA   S=_DATA          G=DGROUP  M=EXIT       ACBP=48
 06C4:024E 0190 C=DATA   S=_DATA          G=DGROUP  M=FILES      ACBP=48
 06C4:03DE 002A C=DATA   S=_DATA          G=DGROUP  M=FILES2     ACBP=48
 06C4:0408 0000 C=DATA   S=_DATA          G=DGROUP  M=F_LXMUL    ACBP=48
 06C4:0408 0000 C=DATA   S=_DATA          G=DGROUP  M=GETDATE    ACBP=48
 06C4:0408 0000 C=DATA   S=_DATA          G=DGROUP  M=H_LDIV     ACBP=48
 06C4:0408 0000 C=DATA   S=_DATA          G=DGROUP  M=H_LLSH     ACBP=48
 06C4:0408 0000 C=DATA   S=_DATA          G=DGROUP  M=H_LURSH    ACBP=48
 06C4:0408 0000 C=DATA   S=_DATA          G=DGROUP  M=H_PADD     ACBP=48
 06C4:0408 005B C=DATA   S=_DATA          G=DGROUP  M=IOERROR    ACBP=48
 06C4:0464 0000 C=DATA   S=_DATA          G=DGROUP  M=ISATTY     ACBP=48
 06C4:0464 0000 C=DATA   S=_DATA          G=DGROUP  M=LONGTOA    ACBP=48
 06C4:0464 0000 C=DATA   S=_DATA          G=DGROUP  M=LSEEK      ACBP=48
 06C4:0464 0000 C=DATA   S=_DATA          G=DGROUP  M=N_PCMP     ACBP=48
 06C4:0464 0000 C=DATA   S=_DATA          G=DGROUP  M=SETUPIO    ACBP=48
 06C4:0464 0002 C=DATA   S=_DATA          G=DGROUP  M=STKLEN     ACBP=48
 06C4:0466 0067 C=DATA   S=_DATA          G=DGROUP  M=VPRINTER   ACBP=48
 06C4:04CE 0000 C=DATA   S=_DATA          G=DGROUP  M=VRAM       ACBP=48
 06C4:04CE 0002 C=DATA   S=_DATA          G=DGROUP  M=WSCROLL    ACBP=48
 06C4:04D0 0000 C=DATA   S=_DATA          G=DGROUP  M=CPRINTF    ACBP=48
 06C4:04D0 0018 C=DATA   S=_DATA          G=DGROUP  M=CRTINIT    ACBP=48
 06C4:04E8 0031 C=DATA   S=_DATA          G=DGROUP  M=CVTFAK     ACBP=48
 06C4:051A 0000 C=DATA   S=_DATA          G=DGROUP  M=FARHEAP    ACBP=48
 06C4:051A 0002 C=DATA   S=_DATA          G=DGROUP  M=FBRK       ACBP=48
 06C4:051C 0000 C=DATA   S=_DATA          G=DGROUP  M=GETCH      ACBP=48
 06C4:051C 0000 C=DATA   S=_DATA          G=DGROUP  M=GPTEXT     ACBP=48
 06C4:051C 0002 C=DATA   S=_DATA          G=DGROUP  M=KBHIT      ACBP=48
 06C4:051E 0000 C=DATA   S=_DATA          G=DGROUP  M=MOVETEXT   ACBP=48
 06C4:051E 0000 C=DATA   S=_DATA          G=DGROUP  M=PUTCH      ACBP=48
 06C4:051E 0000 C=DATA   S=_DATA          G=DGROUP  M=REALCVT    ACBP=48
 06C4:051E 0000 C=DATA   S=_DATA          G=DGROUP  M=SCREEN     ACBP=48
 06C4:051E 0000 C=DATA   S=_DATA          G=DGROUP  M=SCROLL     ACBP=48
 06C4:051E 0000 C=DATA   S=_DATA          G=DGROUP  M=SETBLOCK   ACBP=48
 06C4:051E 0000 C=DATA   S=_DATA          G=DGROUP  M=SETJMP     ACBP=48
 06C4:051E 0000 C=DATA   S=_DATA          G=DGROUP  M=WHEREXY    ACBP=48
 06C4:051E 0000 C=DATA   S=_DATA          G=DGROUP  M=FFLUSH     ACBP=48
 06C4:051E 0000 C=DATA   S=_DATA          G=DGROUP  M=FLUSHALL   ACBP=48
 06C4:051E 0000 C=DATA   S=_DATA          G=DGROUP  M=FSEEK      ACBP=48
 06C4:051E 0000 C=DATA   S=_DATA          G=DGROUP  M=MEMCPY     ACBP=48
 06C4:051E 0000 C=DATA   S=_DATA          G=DGROUP  M=PRINTF     ACBP=48
 06C4:051E 0001 C=DATA   S=_DATA          G=DGROUP  M=PUTC       ACBP=48
 06C4:0520 0004 C=DATA   S=_DATA          G=DGROUP  M=SETVBUF    ACBP=48
 06C4:0524 0000 C=DATA   S=_DATA          G=DGROUP  M=SPRINTF    ACBP=48
 06C4:0524 0000 C=DATA   S=_DATA          G=DGROUP  M=WRITE      ACBP=48
 06C4:0524 0000 C=DATA   S=_DATA          G=DGROUP  M=WRITEA     ACBP=48
 06C4:0524 0000 C=DATA   S=_DATA          G=DGROUP  M=XFFLUSH    ACBP=48
 06C4:0524 0000 C=DATA   S=_CVTSEG        G=DGROUP  M=c0.ASM     ACBP=48
 06C4:0524 0002 C=DATA   S=_CVTSEG        G=DGROUP  M=CVTFAK     ACBP=48
 06C4:0526 0000 C=DATA   S=_CVTSEG        G=DGROUP  M=REALCVT    ACBP=48
 06C4:0526 0000 C=DATA   S=_SCNSEG        G=DGROUP  M=c0.ASM     ACBP=48
 06C4:0526 0006 C=DATA   S=_SCNSEG        G=DGROUP  M=CVTFAK     ACBP=48
 06C4:052C 0000 C=CONST  S=_CONST         G=DGROUP  M=c0.ASM     ACBP=48
 06C4:052C 0000 C=INITDATA S=_INIT_         G=DGROUP  M=c0.ASM     ACBP=48
 06C4:052C 0006 C=INITDATA S=_INIT_         G=DGROUP  M=SETUPIO    ACBP=48
 06C4:0532 0006 C=INITDATA S=_INIT_         G=DGROUP  M=CRTINIT    ACBP=48
 06C4:0538 0000 C=INITDATA S=_INITEND_      G=DGROUP  M=c0.ASM     ACBP=28
 06C4:0538 0000 C=EXITDATA S=_EXIT_         G=DGROUP  M=c0.ASM     ACBP=48
 06C4:0538 0000 C=EXITDATA S=_EXITEND_      G=DGROUP  M=c0.ASM     ACBP=28
 06C4:0538 0000 C=BSS    S=_BSS           G=DGROUP  M=c0.ASM     ACBP=48
 06C4:0538 1400 C=BSS    S=_BSS           G=DGROUP  M=test.c     ACBP=48
 06C4:1938 0001 C=BSS    S=_BSS           G=DGROUP  M=os_cpu_c.c ACBP=48
 06C4:193A 001B C=BSS    S=_BSS           G=DGROUP  M=pc.c       ACBP=48
 06C4:1956 1D55 C=BSS    S=_BSS           G=DGROUP  M=ucos_ii.c  ACBP=48
 06C4:36AC 0080 C=BSS    S=_BSS           G=DGROUP  M=ATEXIT     ACBP=48
 06C4:372C 0000 C=BSS    S=_BSS           G=DGROUP  M=IOERROR    ACBP=48
 06C4:372C 0000 C=BSS    S=_BSS           G=DGROUP  M=ISATTY     ACBP=48
 06C4:372C 0000 C=BSS    S=_BSS           G=DGROUP  M=LONGTOA    ACBP=48
 06C4:372C 0000 C=BSS    S=_BSS           G=DGROUP  M=LSEEK      ACBP=48
 06C4:372C 0000 C=BSS    S=_BSS           G=DGROUP  M=SETUPIO    ACBP=48
 06C4:372C 0000 C=BSS    S=_BSS           G=DGROUP  M=VPRINTER   ACBP=48
 06C4:372C 0000 C=BSS    S=_BSS           G=DGROUP  M=VRAM       ACBP=48
 06C4:372C 0000 C=BSS    S=_BSS           G=DGROUP  M=CRTINIT    ACBP=48
 06C4:372C 0000 C=BSS    S=_BSS           G=DGROUP  M=GETCH      ACBP=48
 06C4:372C 0000 C=BSS    S=_BSS           G=DGROUP  M=KBHIT      ACBP=48
 06C4:372C 0000 C=BSS    S=_BSS           G=DGROUP  M=SETBLOCK   ACBP=48
 06C4:372C 0000 C=BSS    S=_BSS           G=DGROUP  M=SETJMP     ACBP=48
 06C4:372C 0000 C=BSS    S=_BSS           G=DGROUP  M=MEMCPY     ACBP=48
 06C4:372C 0001 C=BSS    S=_BSS           G=DGROUP  M=PUTC       ACBP=48
 06C4:372E 0000 C=BSS    S=_BSS           G=DGROUP  M=WRITEA     ACBP=48
 06C4:372E 0000 C=BSSEND S=_BSSEND        G=DGROUP  M=c0.ASM     ACBP=28
 0A37:0000 0080 C=STACK  S=_STACK         G=(none)  M=c0.ASM     ACBP=74

  Address         Publics by Name

 06C4:0000 idle  DATASEG@
 0000:0291 idle  DGROUP@
 0000:0395 idle  F_LDIV@
 0000:03A4 idle  F_LMOD@
 0000:039C       F_LUDIV@
 0000:03AC       F_LUMOD@
 0000:0443       F_LXLSH@
 0000:0355       F_LXMUL@
 0000:0464       F_LXURSH@
 0000:0485 idle  F_PADD@
 0000:04B4 idle  F_PSUB@
 0000:0395 idle  LDIV@
 0000:03A4 idle  LMOD@
 0000:039C idle  LUDIV@
 0000:03AC idle  LUMOD@
 0000:0443 idle  LXLSH@
 0000:0355 idle  LXMUL@
 0000:0464 idle  LXURSH@
 0000:0392 idle  N_LDIV@
 0000:03A1 idle  N_LMOD@
 0000:0399 idle  N_LUDIV@
 0000:03A9 idle  N_LUMOD@
 0000:0440       N_LXLSH@
 0000:0461 idle  N_LXURSH@
 0000:0482       N_PADD@
 0000:0609       N_PCMP@
 0000:04B1 idle  N_PSUB@
 0000:0485 idle  PADD@
 0000:04B4 idle  PSUB@
 0000:027A       _abort
 0000:0295 idle  _atexit
 0000:0D90 idle  _cprintf
 06C4:04DF       _directvideo
 0305:0007 idle  _EDF_search
 06C4:007F       _errno
 0000:031A       _exit
 0000:10B0 idle  _farfree
 0000:11C4 idle  _farmalloc
 0000:1328 idle  _farrealloc
 0000:1ABD       _fflush
 0000:1B8A       _flushall
 0000:1E09 idle  _fputc
 0000:1F9E idle  _fputchar
 0000:10B0       _free
 0000:1C4E       _fseek
 0000:1CCE idle  _ftell
 0000:14E2       _getch
 0000:14FE idle  _getche
 0000:036C       _getdate
 0000:1540       _gettext
 0000:037F       _gettime
 0000:052D       _isatty
 0000:15EC       _kbhit
 06C4:351B       _lab1_output
 06C4:3517       _lab1_pos
 0000:1A5D       _longjmp
 0000:05E0       _lseek
 0251:0089       _main
 0000:11BA       _malloc
 0000:1DAE       _memcpy
 0000:15FE       _movetext
 06C4:3446 idle  _OSCPUUsage
 02A2:002C       _OSCtxSw
 06C4:3512 idle  _OSCtxSwCtr
 06C4:350E idle  _OSEventFreeList
 06C4:346E idle  _OSEventTbl
 0305:0B85 idle  _OSFlagAccept
 0305:0CB7 idle  _OSFlagCreate
 0305:0D2F idle  _OSFlagDel
 06C4:3447 idle  _OSFlagFreeList
 0305:0E71 idle  _OSFlagPend
 0305:10CB idle  _OSFlagPost
 0305:126B idle  _OSFlagQuery
 06C4:344B idle  _OSFlagTbl
 06C4:3029 idle  _OSIdleCtr
 06C4:3442 idle  _OSIdleCtrMax
 06C4:343E idle  _OSIdleCtrRun
 0305:0087       _OSInit
 02B0:0004       _OSInitHookBegin
 02B0:0005       _OSInitHookEnd
 02A2:0067       _OSIntCtxSw
 0305:00BF idle  _OSIntEnter
 0305:075D       _OSIntExit
 06C4:303B idle  _OSIntExitY
 06C4:303C       _OSIntNesting
 06C4:303A idle  _OSLockNesting
 06C4:0138 idle  _OSMapTbl
 0305:14FB idle  _OSMboxAccept
 0305:1546 idle  _OSMboxCreate
 0305:15BB idle  _OSMboxDel
 0305:16D9 idle  _OSMboxPend
 0305:17DB idle  _OSMboxPost
 0305:1853 idle  _OSMboxPostOpt
 0305:18F6 idle  _OSMboxQuery
 0305:19EA idle  _OSMemCreate
 06C4:1B16 idle  _OSMemFreeList
 0305:1B35 idle  _OSMemGet
 0305:1BB3 idle  _OSMemPut
 0305:1C23 idle  _OSMemQuery
 06C4:1A4E idle  _OSMemTbl
 0305:1D70 idle  _OSMutexAccept
 0305:1DFB idle  _OSMutexCreate
 0305:1EE1 idle  _OSMutexDel
 0305:203B idle  _OSMutexPend
 0305:2226 idle  _OSMutexPost
 0305:23AE idle  _OSMutexQuery
 06C4:3039       _OSPrioCur
 06C4:3038       _OSPrioHighRdy
 0305:24C9 idle  _OSQAccept
 0305:2569 idle  _OSQCreate
 0305:268C idle  _OSQDel
 0305:2809 idle  _OSQFlush
 06C4:1A4A idle  _OSQFreeList
 0305:2861 idle  _OSQPend
 0305:29A7 idle  _OSQPost
 0305:2A6F idle  _OSQPostFront
 0305:2B31 idle  _OSQPostOpt
 0305:2C6F idle  _OSQQuery
 06C4:195A idle  _OSQTbl
 06C4:3037 idle  _OSRdyGrp
 06C4:302F idle  _OSRdyTbl
 06C4:302E       _OSRunning
 0305:00D2 idle  _OSSchedLock
 0305:00E8 idle  _OSSchedUnlock
 0305:2DFA idle  _OSSemAccept
 0305:2E2C idle  _OSSemCreate
 0305:2EA0 idle  _OSSemDel
 0305:2FBE idle  _OSSemPend
 0305:306E idle  _OSSemPost
 0305:30C8 idle  _OSSemQuery
 0305:0115       _OSStart
 02A2:000E       _OSStartHighRdy
 0305:0148       _OSStatInit
 06C4:343D idle  _OSStatRdy
 0305:31B4 idle  _OSTaskChangePrio
 0305:3380 idle  _OSTaskCreate
 0305:3445       _OSTaskCreateExt
 02B0:0006       _OSTaskCreateHook
 06C4:302D idle  _OSTaskCtr
 0305:3541 idle  _OSTaskDel
 02B0:000B       _OSTaskDelHook
 0305:3720 idle  _OSTaskDelReq
 02B0:0010       _OSTaskIdleHook
 06C4:2C29 idle  _OSTaskIdleStk
 0305:399E idle  _OSTaskQuery
 0305:378C idle  _OSTaskResume
 02B0:0011       _OSTaskStatHook
 06C4:303D idle  _OSTaskStatStk
 0305:380B idle  _OSTaskStkChk
 02B0:0012       _OSTaskStkInit
 02B0:00F8       _OSTaskStkInit_FPE_x86
 0305:38F0 idle  _OSTaskSuspend
 02B0:01D3       _OSTaskSwHook
 06C4:2C25       _OSTCBCur
 06C4:2C21 idle  _OSTCBFreeList
 06C4:2C1D       _OSTCBHighRdy
 02B0:01D4       _OSTCBInitHook
 06C4:2C19 idle  _OSTCBList
 06C4:2B19 idle  _OSTCBPrioTbl
 06C4:1B1A idle  _OSTCBTbl
 06C4:1938       _OSTickDOSCtr
 02A2:0094       _OSTickISR
 06C4:1956       _OSTime
 0305:3A0C       _OSTimeDly
 0305:3A53 idle  _OSTimeDlyHMSM
 0305:3B42 idle  _OSTimeDlyResume
 0305:3BBA       _OSTimeGet
 0305:3BD9       _OSTimeSet
 0305:0183       _OSTimeTick
 02B0:01D9       _OSTimeTickHook
 06C4:0140 idle  _OSUnMapTbl
 0305:021F idle  _OSVersion
 0305:0223 idle  _OS_Dummy
 0305:0224 idle  _OS_EventTaskRdy
 0305:02EE idle  _OS_EventTaskWait
 0305:035B idle  _OS_EventTO
 0305:03AF idle  _OS_EventWaitListInit
 0305:138D idle  _OS_FlagInit
 0305:144C idle  _OS_FlagUnlink
 0305:1CCC idle  _OS_MemInit
 0305:2DAA idle  _OS_QInit
 0305:05F5 idle  _OS_Sched
 0305:08DD idle  _OS_TaskIdle
 0305:0902 idle  _OS_TaskStat
 0305:09CE idle  _OS_TCBInit
 02CD:000A idle  _PC_DispChar
 02CD:0048 idle  _PC_DispClrCol
 02CD:008E idle  _PC_DispClrRow
 02CD:00C7       _PC_DispClrScr
 02CD:00F8 idle  _PC_DispStr
 02CD:0147       _PC_DOSReturn
 02CD:015B       _PC_DOSSaveReturn
 02CD:01C9       _PC_ElapsedInit
 02CD:01DD idle  _PC_ElapsedStart
 02CD:0203 idle  _PC_ElapsedStop
 02CD:0254 idle  _PC_GetDateTime
 02CD:02A7       _PC_GetKey
 02CD:02CE       _PC_SetTickRate
 06C4:193A idle  _PC_TickISR
 02CD:031B idle  _PC_VectGet
 02CD:0352       _PC_VectSet
 06C4:3516       _prev_print_prio
 0000:1DD2       _printf
 0251:000A idle  _print_buffer
 0000:169B       _putch
 0000:1596       _puttext
 0000:1321 idle  _realloc
 0000:1A0B       _setblock
 0000:1A27       _setjmp
 0000:21B5       _setvbuf
 0000:2312       _sprintf
 0251:0203 idle  _Task1
 06C4:0D38 idle  _Task1Stk
 0251:02F3 idle  _Task2
 06C4:0938 idle  _Task2Stk
 0251:03E3 idle  _Task3
 06C4:0538 idle  _Task3Stk
 06C4:1138 idle  _TaskClkStk
 0251:049A idle  _TaskPrint
 0251:0136 idle  _TaskStart
 06C4:1538 idle  _TaskStartStk
 06C4:009A idle  _TASK_CNT
 06C4:0094 idle  _TASK_INFO
 06C4:0098 idle  _TASK_PRIO
 0000:1522 idle  _ungetch
 0000:2334 idle  _vsprintf
 0000:1A9B idle  _wherex
 0000:1AAA idle  _wherey
 0000:1000 idle  __AHINCR
 0000:000C idle  __AHSHIFT
 06C4:0240       __atexitcnt
 06C4:36AC       __atexittbl
 0000:1418       __brk
 06C4:008B       __brklvl
 06C4:006B idle  __C0argc
 06C4:006D idle  __C0argv
 0000:0E72 idle  __c0crtinit
 06C4:0071 idle  __C0environ
 06C4:051D       __cChar
 0000:033B idle  __cexit
 06C4:051C       __cFlag
 0000:016A       __checknull
 0000:0157       __cleanup
 0000:0C5E       __CPUTN
 0000:0E8F idle  __crtinit
 0000:0000  Abs  __cvtfak
 0000:0349 idle  __c_exit
 06C4:0408 idle  __doserrno
 0000:051B idle  __DOSERROR
 06C4:040A idle  __dosErrorToSV
 06C4:0075 idle  __envLng
 06C4:0077 idle  __envseg
 06C4:0079 idle  __envSize
 0000:0329       __exit
 06C4:0242       __exitbuf
 06C4:0246 idle  __exitfopen
 06C4:024A idle  __exitopen
 0000:1DED idle  __fputc
 0000:1FB2       __FPUTN
 06C4:0087       __heapbase
 06C4:008F       __heaptop
 06C4:005B idle  __Int0Vector
 06C4:005F idle  __Int4Vector
 06C4:0063 idle  __Int5Vector
 06C4:0067 idle  __Int6Vector
 0000:04E2       __IOERROR
 0000:053E       __LONGTOA
 0000:0293 idle  __MMODEL
 06C4:03DE       __nfile
 0000:14FB idle  __Ngetche
 0000:151F idle  __Nungetch
 06C4:03E0       __openfd
 06C4:007D idle  __osmajor
 06C4:007E idle  __osminor
 06C4:007D idle  __osversion
 06C4:007B       __psp
 0000:16B2       __REALCVT
 06C4:0524       __RealCvtVector
 0000:01C0       __restorezero
 0000:1457       __sbrk
 06C4:0526 idle  __ScanTodVector
 0000:17EC       __SCREENIO
 0000:189F       __SCROLL
 0000:062A       __setupio
 06C4:0081 idle  __StartTime
 06C4:0464       __stklen
 06C4:024E       __streams
 0000:016B       __terminate
 0000:0000 idle  __turboCrt
 0000:05C0 idle  __UTOA
 0000:1828       __VALIDATEXY
 06C4:007D idle  __version
 06C4:04D0       __video
 0000:0DE7       __VideoInt
 0000:06FC       __VPRINTER
 0000:0BBF       __VPTR
 0000:0BE4       __VRAM
 0000:1A91       __wherexy
 0000:24A6       __write
 06C4:04CE       __wscroll
 0000:24E2       __xfflush
 06C4:0085 idle  ___brklvl
 0000:0F70 idle  ___first
 0000:0F72 idle  ___last
 0000:0F74 idle  ___rover
 0000:2355       ___write

  Address         Publics by Value

 0000:0000 idle  __turboCrt
 0000:0000  Abs  __cvtfak
 0000:000C idle  __AHSHIFT
 0000:0157       __cleanup
 0000:016A       __checknull
 0000:016B       __terminate
 0000:01C0       __restorezero
 0000:027A       _abort
 0000:0291 idle  DGROUP@
 0000:0293 idle  __MMODEL
 0000:0295 idle  _atexit
 0000:031A       _exit
 0000:0329       __exit
 0000:033B idle  __cexit
 0000:0349 idle  __c_exit
 0000:0355       F_LXMUL@
 0000:0355 idle  LXMUL@
 0000:036C       _getdate
 0000:037F       _gettime
 0000:0392 idle  N_LDIV@
 0000:0395 idle  LDIV@
 0000:0395 idle  F_LDIV@
 0000:0399 idle  N_LUDIV@
 0000:039C       F_LUDIV@
 0000:039C idle  LUDIV@
 0000:03A1 idle  N_LMOD@
 0000:03A4 idle  F_LMOD@
 0000:03A4 idle  LMOD@
 0000:03A9 idle  N_LUMOD@
 0000:03AC       F_LUMOD@
 0000:03AC idle  LUMOD@
 0000:0440       N_LXLSH@
 0000:0443       F_LXLSH@
 0000:0443 idle  LXLSH@
 0000:0461 idle  N_LXURSH@
 0000:0464       F_LXURSH@
 0000:0464 idle  LXURSH@
 0000:0482       N_PADD@
 0000:0485 idle  F_PADD@
 0000:0485 idle  PADD@
 0000:04B1 idle  N_PSUB@
 0000:04B4 idle  F_PSUB@
 0000:04B4 idle  PSUB@
 0000:04E2       __IOERROR
 0000:051B idle  __DOSERROR
 0000:052D       _isatty
 0000:053E       __LONGTOA
 0000:05C0 idle  __UTOA
 0000:05E0       _lseek
 0000:0609       N_PCMP@
 0000:062A       __setupio
 0000:06FC       __VPRINTER
 0000:0BBF       __VPTR
 0000:0BE4       __VRAM
 0000:0C5E       __CPUTN
 0000:0D90 idle  _cprintf
 0000:0DE7       __VideoInt
 0000:0E72 idle  __c0crtinit
 0000:0E8F idle  __crtinit
 0000:0F70 idle  ___first
 0000:0F72 idle  ___last
 0000:0F74 idle  ___rover
 0000:1000 idle  __AHINCR
 0000:10B0       _free
 0000:10B0 idle  _farfree
 0000:11BA       _malloc
 0000:11C4 idle  _farmalloc
 0000:1321 idle  _realloc
 0000:1328 idle  _farrealloc
 0000:1418       __brk
 0000:1457       __sbrk
 0000:14E2       _getch
 0000:14FB idle  __Ngetche
 0000:14FE idle  _getche
 0000:151F idle  __Nungetch
 0000:1522 idle  _ungetch
 0000:1540       _gettext
 0000:1596       _puttext
 0000:15EC       _kbhit
 0000:15FE       _movetext
 0000:169B       _putch
 0000:16B2       __REALCVT
 0000:17EC       __SCREENIO
 0000:1828       __VALIDATEXY
 0000:189F       __SCROLL
 0000:1A0B       _setblock
 0000:1A27       _setjmp
 0000:1A5D       _longjmp
 0000:1A91       __wherexy
 0000:1A9B idle  _wherex
 0000:1AAA idle  _wherey
 0000:1ABD       _fflush
 0000:1B8A       _flushall
 0000:1C4E       _fseek
 0000:1CCE idle  _ftell
 0000:1DAE       _memcpy
 0000:1DD2       _printf
 0000:1DED idle  __fputc
 0000:1E09 idle  _fputc
 0000:1F9E idle  _fputchar
 0000:1FB2       __FPUTN
 0000:21B5       _setvbuf
 0000:2312       _sprintf
 0000:2334 idle  _vsprintf
 0000:2355       ___write
 0000:24A6       __write
 0000:24E2       __xfflush
 0251:000A idle  _print_buffer
 0251:0089       _main
 0251:0136 idle  _TaskStart
 0251:0203 idle  _Task1
 0251:02F3 idle  _Task2
 0251:03E3 idle  _Task3
 0251:049A idle  _TaskPrint
 02A2:000E       _OSStartHighRdy
 02A2:002C       _OSCtxSw
 02A2:0067       _OSIntCtxSw
 02A2:0094       _OSTickISR
 02B0:0004       _OSInitHookBegin
 02B0:0005       _OSInitHookEnd
 02B0:0006       _OSTaskCreateHook
 02B0:000B       _OSTaskDelHook
 02B0:0010       _OSTaskIdleHook
 02B0:0011       _OSTaskStatHook
 02B0:0012       _OSTaskStkInit
 02B0:00F8       _OSTaskStkInit_FPE_x86
 02B0:01D3       _OSTaskSwHook
 02B0:01D4       _OSTCBInitHook
 02B0:01D9       _OSTimeTickHook
 02CD:000A idle  _PC_DispChar
 02CD:0048 idle  _PC_DispClrCol
 02CD:008E idle  _PC_DispClrRow
 02CD:00C7       _PC_DispClrScr
 02CD:00F8 idle  _PC_DispStr
 02CD:0147       _PC_DOSReturn
 02CD:015B       _PC_DOSSaveReturn
 02CD:01C9       _PC_ElapsedInit
 02CD:01DD idle  _PC_ElapsedStart
 02CD:0203 idle  _PC_ElapsedStop
 02CD:0254 idle  _PC_GetDateTime
 02CD:02A7       _PC_GetKey
 02CD:02CE       _PC_SetTickRate
 02CD:031B idle  _PC_VectGet
 02CD:0352       _PC_VectSet
 0305:0007 idle  _EDF_search
 0305:0087       _OSInit
 0305:00BF idle  _OSIntEnter
 0305:00D2 idle  _OSSchedLock
 0305:00E8 idle  _OSSchedUnlock
 0305:0115       _OSStart
 0305:0148       _OSStatInit
 0305:0183       _OSTimeTick
 0305:021F idle  _OSVersion
 0305:0223 idle  _OS_Dummy
 0305:0224 idle  _OS_EventTaskRdy
 0305:02EE idle  _OS_EventTaskWait
 0305:035B idle  _OS_EventTO
 0305:03AF idle  _OS_EventWaitListInit
 0305:05F5 idle  _OS_Sched
 0305:075D       _OSIntExit
 0305:08DD idle  _OS_TaskIdle
 0305:0902 idle  _OS_TaskStat
 0305:09CE idle  _OS_TCBInit
 0305:0B85 idle  _OSFlagAccept
 0305:0CB7 idle  _OSFlagCreate
 0305:0D2F idle  _OSFlagDel
 0305:0E71 idle  _OSFlagPend
 0305:10CB idle  _OSFlagPost
 0305:126B idle  _OSFlagQuery
 0305:138D idle  _OS_FlagInit
 0305:144C idle  _OS_FlagUnlink
 0305:14FB idle  _OSMboxAccept
 0305:1546 idle  _OSMboxCreate
 0305:15BB idle  _OSMboxDel
 0305:16D9 idle  _OSMboxPend
 0305:17DB idle  _OSMboxPost
 0305:1853 idle  _OSMboxPostOpt
 0305:18F6 idle  _OSMboxQuery
 0305:19EA idle  _OSMemCreate
 0305:1B35 idle  _OSMemGet
 0305:1BB3 idle  _OSMemPut
 0305:1C23 idle  _OSMemQuery
 0305:1CCC idle  _OS_MemInit
 0305:1D70 idle  _OSMutexAccept
 0305:1DFB idle  _OSMutexCreate
 0305:1EE1 idle  _OSMutexDel
 0305:203B idle  _OSMutexPend
 0305:2226 idle  _OSMutexPost
 0305:23AE idle  _OSMutexQuery
 0305:24C9 idle  _OSQAccept
 0305:2569 idle  _OSQCreate
 0305:268C idle  _OSQDel
 0305:2809 idle  _OSQFlush
 0305:2861 idle  _OSQPend
 0305:29A7 idle  _OSQPost
 0305:2A6F idle  _OSQPostFront
 0305:2B31 idle  _OSQPostOpt
 0305:2C6F idle  _OSQQuery
 0305:2DAA idle  _OS_QInit
 0305:2DFA idle  _OSSemAccept
 0305:2E2C idle  _OSSemCreate
 0305:2EA0 idle  _OSSemDel
 0305:2FBE idle  _OSSemPend
 0305:306E idle  _OSSemPost
 0305:30C8 idle  _OSSemQuery
 0305:31B4 idle  _OSTaskChangePrio
 0305:3380 idle  _OSTaskCreate
 0305:3445       _OSTaskCreateExt
 0305:3541 idle  _OSTaskDel
 0305:3720 idle  _OSTaskDelReq
 0305:378C idle  _OSTaskResume
 0305:380B idle  _OSTaskStkChk
 0305:38F0 idle  _OSTaskSuspend
 0305:399E idle  _OSTaskQuery
 0305:3A0C       _OSTimeDly
 0305:3A53 idle  _OSTimeDlyHMSM
 0305:3B42 idle  _OSTimeDlyResume
 0305:3BBA       _OSTimeGet
 0305:3BD9       _OSTimeSet
 06C4:0000 idle  DATASEG@
 06C4:005B idle  __Int0Vector
 06C4:005F idle  __Int4Vector
 06C4:0063 idle  __Int5Vector
 06C4:0067 idle  __Int6Vector
 06C4:006B idle  __C0argc
 06C4:006D idle  __C0argv
 06C4:0071 idle  __C0environ
 06C4:0075 idle  __envLng
 06C4:0077 idle  __envseg
 06C4:0079 idle  __envSize
 06C4:007B       __psp
 06C4:007D idle  __osversion
 06C4:007D idle  __osmajor
 06C4:007D idle  __version
 06C4:007E idle  __osminor
 06C4:007F       _errno
 06C4:0081 idle  __StartTime
 06C4:0085 idle  ___brklvl
 06C4:0087       __heapbase
 06C4:008B       __brklvl
 06C4:008F       __heaptop
 06C4:0094 idle  _TASK_INFO
 06C4:0098 idle  _TASK_PRIO
 06C4:009A idle  _TASK_CNT
 06C4:0138 idle  _OSMapTbl
 06C4:0140 idle  _OSUnMapTbl
 06C4:0240       __atexitcnt
 06C4:0242       __exitbuf
 06C4:0246 idle  __exitfopen
 06C4:024A idle  __exitopen
 06C4:024E       __streams
 06C4:03DE       __nfile
 06C4:03E0       __openfd
 06C4:0408 idle  __doserrno
 06C4:040A idle  __dosErrorToSV
 06C4:0464       __stklen
 06C4:04CE       __wscroll
 06C4:04D0       __video
 06C4:04DF       _directvideo
 06C4:051C       __cFlag
 06C4:051D       __cChar
 06C4:0524       __RealCvtVector
 06C4:0526 idle  __ScanTodVector
 06C4:0538 idle  _Task3Stk
 06C4:0938 idle  _Task2Stk
 06C4:0D38 idle  _Task1Stk
 06C4:1138 idle  _TaskClkStk
 06C4:1538 idle  _TaskStartStk
 06C4:1938       _OSTickDOSCtr
 06C4:193A idle  _PC_TickISR
 06C4:1956       _OSTime
 06C4:195A idle  _OSQTbl
 06C4:1A4A idle  _OSQFreeList
 06C4:1A4E idle  _OSMemTbl
 06C4:1B16 idle  _OSMemFreeList
 06C4:1B1A idle  _OSTCBTbl
 06C4:2B19 idle  _OSTCBPrioTbl
 06C4:2C19 idle  _OSTCBList
 06C4:2C1D       _OSTCBHighRdy
 06C4:2C21 idle  _OSTCBFreeList
 06C4:2C25       _OSTCBCur
 06C4:2C29 idle  _OSTaskIdleStk
 06C4:3029 idle  _OSIdleCtr
 06C4:302D idle  _OSTaskCtr
 06C4:302E       _OSRunning
 06C4:302F idle  _OSRdyTbl
 06C4:3037 idle  _OSRdyGrp
 06C4:3038       _OSPrioHighRdy
 06C4:3039       _OSPrioCur
 06C4:303A idle  _OSLockNesting
 06C4:303B idle  _OSIntExitY
 06C4:303C       _OSIntNesting
 06C4:303D idle  _OSTaskStatStk
 06C4:343D idle  _OSStatRdy
 06C4:343E idle  _OSIdleCtrRun
 06C4:3442 idle  _OSIdleCtrMax
 06C4:3446 idle  _OSCPUUsage
 06C4:3447 idle  _OSFlagFreeList
 06C4:344B idle  _OSFlagTbl
 06C4:346E idle  _OSEventTbl
 06C4:350E idle  _OSEventFreeList
 06C4:3512 idle  _OSCtxSwCtr
 06C4:3516       _prev_print_prio
 06C4:3517       _lab1_pos
 06C4:351B       _lab1_output
 06C4:36AC       __atexittbl

Program entry point at 0000:0000

