
 Start  Stop   Length Name               Class

 00000H 02CDBH 02CDCH _TEXT              CODE
 02CDCH 034A6H 007CBH TEST_TEXT          CODE
 034A8H 0357DH 000D6H OS_CPU_A_TEXT      CODE
 0357EH 03753H 001D6H OS_CPU_C_TEXT      CODE
 03754H 03AD0H 0037DH PC_TEXT            CODE
 03AD1H 0745EH 0398EH UCOS_II_TEXT       CODE
 07460H 09BD6H 02777H EMU_PROG           CODE
 09BE0H 0A1A7H 005C8H E87_PROG           CODE
 0A1B0H 0A1B0H 00000H _FARDATA           FAR_DATA
 0A1B0H 0A1B0H 00000H _FARBSS            FAR_BSS
 0A1B0H 0A1B0H 00000H _OVERLAY_          OVRINFO
 0A1B0H 0A1B0H 00000H _1STUB_            STUBSEG
 0A1B0H 0AD05H 00B56H _DATA              DATA
 0AD06H 0AD09H 00004H _CVTSEG            DATA
 0AD0AH 0AD0FH 00006H _SCNSEG            DATA
 0AD10H 0AD10H 00000H _CONST             CONST
 0AD10H 0AD21H 00012H _INIT_             INITDATA
 0AD22H 0AD22H 00000H _INITEND_          INITDATA
 0AD22H 0AD27H 00006H _EXIT_             EXITDATA
 0AD28H 0AD28H 00000H _EXITEND_          EXITDATA
 0AD28H 0E48FH 03768H _BSS               BSS
 0E490H 0E490H 00000H _BSSEND            BSSEND
 0E490H 0E59FH 00110H _STACK             STACK


Detailed map of segments

 0000:0000 0295 C=CODE   S=_TEXT          G=(none)  M=c0.ASM     ACBP=28
 0000:0295 0258 C=CODE   S=_TEXT          G=(none)  M=FPINIT     ACBP=28
 0000:04ED 0000 C=CODE   S=_TEXT          G=(none)  M=E87TRAP    ACBP=28
 0000:04ED 0000 C=CODE   S=_TEXT          G=(none)  M=PROTFLAG   ACBP=28
 0000:04ED 0000 C=CODE   S=_TEXT          G=(none)  M=DEFLT87    ACBP=28
 0000:04ED 01BD C=CODE   S=_TEXT          G=(none)  M=REALCVT    ACBP=28
 0000:06AA 020C C=CODE   S=_TEXT          G=(none)  M=XCVT       ACBP=28
 0000:08B6 00B1 C=CODE   S=_TEXT          G=(none)  M=FPERR      ACBP=28
 0000:0967 00C9 C=CODE   S=_TEXT          G=(none)  M=_POW10     ACBP=28
 0000:0A30 000B C=CODE   S=_TEXT          G=(none)  M=POW10D     ACBP=28
 0000:0A3B 002D C=CODE   S=_TEXT          G=(none)  M=ATEXIT     ACBP=28
 0000:0A68 0093 C=CODE   S=_TEXT          G=(none)  M=EXIT       ACBP=28
 0000:0AFB 0000 C=CODE   S=_TEXT          G=(none)  M=FILES      ACBP=28
 0000:0AFB 0000 C=CODE   S=_TEXT          G=(none)  M=FILES2     ACBP=28
 0000:0AFB 0000 C=CODE   S=_TEXT          G=(none)  M=FPSTKLEN   ACBP=28
 0000:0AFB 0017 C=CODE   S=_TEXT          G=(none)  M=F_LXMUL    ACBP=28
 0000:0B12 0026 C=CODE   S=_TEXT          G=(none)  M=GETDATE    ACBP=28
 0000:0B38 00AE C=CODE   S=_TEXT          G=(none)  M=H_LDIV     ACBP=28
 0000:0BE6 0021 C=CODE   S=_TEXT          G=(none)  M=H_LLSH     ACBP=28
 0000:0C07 0021 C=CODE   S=_TEXT          G=(none)  M=H_LURSH    ACBP=28
 0000:0C28 0060 C=CODE   S=_TEXT          G=(none)  M=H_PADD     ACBP=28
 0000:0C88 004B C=CODE   S=_TEXT          G=(none)  M=IOERROR    ACBP=28
 0000:0CD3 0011 C=CODE   S=_TEXT          G=(none)  M=ISATTY     ACBP=28
 0000:0CE4 00A2 C=CODE   S=_TEXT          G=(none)  M=LONGTOA    ACBP=28
 0000:0D86 0029 C=CODE   S=_TEXT          G=(none)  M=LSEEK      ACBP=28
 0000:0DAF 0021 C=CODE   S=_TEXT          G=(none)  M=N_PCMP     ACBP=28
 0000:0DD0 00BA C=CODE   S=_TEXT          G=(none)  M=SETUPIO    ACBP=28
 0000:0E8A 0000 C=CODE   S=_TEXT          G=(none)  M=SIGDATA    ACBP=28
 0000:0E8A 0000 C=CODE   S=_TEXT          G=(none)  M=STKLEN     ACBP=28
 0000:0E8A 04DB C=CODE   S=_TEXT          G=(none)  M=VPRINTER   ACBP=28
 0000:1365 009F C=CODE   S=_TEXT          G=(none)  M=VRAM       ACBP=28
 0000:1404 0000 C=CODE   S=_TEXT          G=(none)  M=WSCROLL    ACBP=28
 0000:1404 014E C=CODE   S=_TEXT          G=(none)  M=CPRINTF    ACBP=28
 0000:1552 01A5 C=CODE   S=_TEXT          G=(none)  M=CRTINIT    ACBP=28
 0000:16F7 001F C=CODE   S=_TEXT          G=(none)  M=CVTFAK     ACBP=28
 0000:1716 0432 C=CODE   S=_TEXT          G=(none)  M=FARHEAP    ACBP=28
 0000:1B48 0140 C=CODE   S=_TEXT          G=(none)  M=FBRK       ACBP=28
 0000:1C88 005E C=CODE   S=_TEXT          G=(none)  M=GETCH      ACBP=28
 0000:1CE6 00AC C=CODE   S=_TEXT          G=(none)  M=GPTEXT     ACBP=28
 0000:1D92 0012 C=CODE   S=_TEXT          G=(none)  M=KBHIT      ACBP=28
 0000:1DA4 009D C=CODE   S=_TEXT          G=(none)  M=MOVETEXT   ACBP=28
 0000:1E41 0017 C=CODE   S=_TEXT          G=(none)  M=PUTCH      ACBP=28
 0000:1E58 0004 C=CODE   S=_TEXT          G=(none)  M=REALCVT    ACBP=28
 0000:1E5C 01C7 C=CODE   S=_TEXT          G=(none)  M=SCREEN     ACBP=28
 0000:2023 018E C=CODE   S=_TEXT          G=(none)  M=SCROLL     ACBP=28
 0000:21B1 001C C=CODE   S=_TEXT          G=(none)  M=SETBLOCK   ACBP=28
 0000:21CD 006A C=CODE   S=_TEXT          G=(none)  M=SETJMP     ACBP=28
 0000:2237 002C C=CODE   S=_TEXT          G=(none)  M=WHEREXY    ACBP=28
 0000:2263 00CD C=CODE   S=_TEXT          G=(none)  M=FFLUSH     ACBP=28
 0000:2330 0042 C=CODE   S=_TEXT          G=(none)  M=FLUSHALL   ACBP=28
 0000:2372 001C C=CODE   S=_TEXT          G=(none)  M=FPRINTF    ACBP=28
 0000:238E 01E2 C=CODE   S=_TEXT          G=(none)  M=FSEEK      ACBP=28
 0000:2570 0024 C=CODE   S=_TEXT          G=(none)  M=MEMCPY     ACBP=28
 0000:2594 001B C=CODE   S=_TEXT          G=(none)  M=PRINTF     ACBP=28
 0000:25AF 03C8 C=CODE   S=_TEXT          G=(none)  M=PUTC       ACBP=28
 0000:2977 011D C=CODE   S=_TEXT          G=(none)  M=SETVBUF    ACBP=28
 0000:2A94 0083 C=CODE   S=_TEXT          G=(none)  M=SPRINTF    ACBP=28
 0000:2B17 0151 C=CODE   S=_TEXT          G=(none)  M=WRITE      ACBP=28
 0000:2C68 003C C=CODE   S=_TEXT          G=(none)  M=WRITEA     ACBP=28
 0000:2CA4 0038 C=CODE   S=_TEXT          G=(none)  M=XFFLUSH    ACBP=28
 02CD:000C 07CB C=CODE   S=TEST_TEXT      G=(none)  M=test.c     ACBP=28
 034A:0008 00D6 C=CODE   S=OS_CPU_A_TEXT  G=(none)  M=\SOFTWARE\uCOS-II\Ix86L\BC45\OS_CPU_A.ASM ACBP=48
 0357:000E 01D6 C=CODE   S=OS_CPU_C_TEXT  G=(none)  M=os_cpu_c.c ACBP=28
 0375:0004 037D C=CODE   S=PC_TEXT        G=(none)  M=pc.c       ACBP=28
 03AD:0001 398E C=CODE   S=UCOS_II_TEXT   G=(none)  M=ucos_ii.c  ACBP=28
 0746:0000 0000 C=CODE   S=EMU_PROG       G=(none)  M=FPINIT     ACBP=68
 0746:0000 2777 C=CODE   S=EMU_PROG       G=(none)  M=EMU086     ACBP=68
 09BE:0000 0000 C=CODE   S=E87_PROG       G=(none)  M=FPINIT     ACBP=68
 09BE:0000 03E3 C=CODE   S=E87_PROG       G=(none)  M=EMU087     ACBP=68
 09BE:03F0 01D8 C=CODE   S=E87_PROG       G=(none)  M=E87TRAP    ACBP=68
 0A1B:0000 0000 C=FAR_DATA S=_FARDATA       G=(none)  M=c0.ASM     ACBP=68
 0A1B:0000 0000 C=FAR_BSS S=_FARBSS        G=(none)  M=c0.ASM     ACBP=68
 0A1B:0000 0000 C=OVRINFO S=_OVERLAY_      G=(none)  M=c0.ASM     ACBP=68
 0A1B:0000 0000 C=STUBSEG S=_1STUB_        G=(none)  M=c0.ASM     ACBP=68
 0A1B:0000 0093 C=DATA   S=_DATA          G=DGROUP  M=c0.ASM     ACBP=68
 0A1B:0094 0577 C=DATA   S=_DATA          G=DGROUP  M=test.c     ACBP=48
 0A1B:060C 0000 C=DATA   S=_DATA          G=DGROUP  M=\SOFTWARE\uCOS-II\Ix86L\BC45\OS_CPU_A.ASM ACBP=48
 0A1B:060C 0000 C=DATA   S=_DATA          G=DGROUP  M=os_cpu_c.c ACBP=48
 0A1B:060C 001F C=DATA   S=_DATA          G=DGROUP  M=pc.c       ACBP=48
 0A1B:062C 0110 C=DATA   S=_DATA          G=DGROUP  M=ucos_ii.c  ACBP=48
 0A1B:0740 0002 C=DATA   S=_DATA          G=DGROUP  M=FPINIT     ACBP=68
 0A1B:0750 0000 C=DATA   S=_DATA          G=DGROUP  M=E87TRAP    ACBP=68
 0A1B:0750 0003 C=DATA   S=_DATA          G=DGROUP  M=PROTFLAG   ACBP=48
 0A1B:0754 0002 C=DATA   S=_DATA          G=DGROUP  M=DEFLT87    ACBP=48
 0A1B:0756 0000 C=DATA   S=_DATA          G=DGROUP  M=REALCVT    ACBP=48
 0A1B:0756 0000 C=DATA   S=_DATA          G=DGROUP  M=XCVT       ACBP=48
 0A1B:0756 009A C=DATA   S=_DATA          G=DGROUP  M=FPERR      ACBP=48
 0A1B:07F0 0080 C=DATA   S=_DATA          G=DGROUP  M=_POW10     ACBP=48
 0A1B:0870 0000 C=DATA   S=_DATA          G=DGROUP  M=POW10D     ACBP=48
 0A1B:0870 0002 C=DATA   S=_DATA          G=DGROUP  M=ATEXIT     ACBP=48
 0A1B:0872 000C C=DATA   S=_DATA          G=DGROUP  M=EXIT       ACBP=48
 0A1B:087E 0190 C=DATA   S=_DATA          G=DGROUP  M=FILES      ACBP=48
 0A1B:0A0E 002A C=DATA   S=_DATA          G=DGROUP  M=FILES2     ACBP=48
 0A1B:0A38 0002 C=DATA   S=_DATA          G=DGROUP  M=FPSTKLEN   ACBP=48
 0A1B:0A3A 0000 C=DATA   S=_DATA          G=DGROUP  M=F_LXMUL    ACBP=48
 0A1B:0A3A 0000 C=DATA   S=_DATA          G=DGROUP  M=GETDATE    ACBP=48
 0A1B:0A3A 0000 C=DATA   S=_DATA          G=DGROUP  M=H_LDIV     ACBP=48
 0A1B:0A3A 0000 C=DATA   S=_DATA          G=DGROUP  M=H_LLSH     ACBP=48
 0A1B:0A3A 0000 C=DATA   S=_DATA          G=DGROUP  M=H_LURSH    ACBP=48
 0A1B:0A3A 0000 C=DATA   S=_DATA          G=DGROUP  M=H_PADD     ACBP=48
 0A1B:0A3A 005B C=DATA   S=_DATA          G=DGROUP  M=IOERROR    ACBP=48
 0A1B:0A96 0000 C=DATA   S=_DATA          G=DGROUP  M=ISATTY     ACBP=48
 0A1B:0A96 0000 C=DATA   S=_DATA          G=DGROUP  M=LONGTOA    ACBP=48
 0A1B:0A96 0000 C=DATA   S=_DATA          G=DGROUP  M=LSEEK      ACBP=48
 0A1B:0A96 0000 C=DATA   S=_DATA          G=DGROUP  M=N_PCMP     ACBP=48
 0A1B:0A96 0000 C=DATA   S=_DATA          G=DGROUP  M=SETUPIO    ACBP=48
 0A1B:0A96 0000 C=DATA   S=_DATA          G=DGROUP  M=SIGDATA    ACBP=48
 0A1B:0A96 0002 C=DATA   S=_DATA          G=DGROUP  M=STKLEN     ACBP=48
 0A1B:0A98 0067 C=DATA   S=_DATA          G=DGROUP  M=VPRINTER   ACBP=48
 0A1B:0B00 0000 C=DATA   S=_DATA          G=DGROUP  M=VRAM       ACBP=48
 0A1B:0B00 0002 C=DATA   S=_DATA          G=DGROUP  M=WSCROLL    ACBP=48
 0A1B:0B02 0000 C=DATA   S=_DATA          G=DGROUP  M=CPRINTF    ACBP=48
 0A1B:0B02 0018 C=DATA   S=_DATA          G=DGROUP  M=CRTINIT    ACBP=48
 0A1B:0B1A 0031 C=DATA   S=_DATA          G=DGROUP  M=CVTFAK     ACBP=48
 0A1B:0B4C 0000 C=DATA   S=_DATA          G=DGROUP  M=FARHEAP    ACBP=48
 0A1B:0B4C 0002 C=DATA   S=_DATA          G=DGROUP  M=FBRK       ACBP=48
 0A1B:0B4E 0000 C=DATA   S=_DATA          G=DGROUP  M=GETCH      ACBP=48
 0A1B:0B4E 0000 C=DATA   S=_DATA          G=DGROUP  M=GPTEXT     ACBP=48
 0A1B:0B4E 0002 C=DATA   S=_DATA          G=DGROUP  M=KBHIT      ACBP=48
 0A1B:0B50 0000 C=DATA   S=_DATA          G=DGROUP  M=MOVETEXT   ACBP=48
 0A1B:0B50 0000 C=DATA   S=_DATA          G=DGROUP  M=PUTCH      ACBP=48
 0A1B:0B50 0000 C=DATA   S=_DATA          G=DGROUP  M=REALCVT    ACBP=48
 0A1B:0B50 0000 C=DATA   S=_DATA          G=DGROUP  M=SCREEN     ACBP=48
 0A1B:0B50 0000 C=DATA   S=_DATA          G=DGROUP  M=SCROLL     ACBP=48
 0A1B:0B50 0000 C=DATA   S=_DATA          G=DGROUP  M=SETBLOCK   ACBP=48
 0A1B:0B50 0000 C=DATA   S=_DATA          G=DGROUP  M=SETJMP     ACBP=48
 0A1B:0B50 0000 C=DATA   S=_DATA          G=DGROUP  M=WHEREXY    ACBP=48
 0A1B:0B50 0000 C=DATA   S=_DATA          G=DGROUP  M=FFLUSH     ACBP=48
 0A1B:0B50 0000 C=DATA   S=_DATA          G=DGROUP  M=FLUSHALL   ACBP=48
 0A1B:0B50 0000 C=DATA   S=_DATA          G=DGROUP  M=FPRINTF    ACBP=48
 0A1B:0B50 0000 C=DATA   S=_DATA          G=DGROUP  M=FSEEK      ACBP=48
 0A1B:0B50 0000 C=DATA   S=_DATA          G=DGROUP  M=MEMCPY     ACBP=48
 0A1B:0B50 0000 C=DATA   S=_DATA          G=DGROUP  M=PRINTF     ACBP=48
 0A1B:0B50 0001 C=DATA   S=_DATA          G=DGROUP  M=PUTC       ACBP=48
 0A1B:0B52 0004 C=DATA   S=_DATA          G=DGROUP  M=SETVBUF    ACBP=48
 0A1B:0B56 0000 C=DATA   S=_DATA          G=DGROUP  M=SPRINTF    ACBP=48
 0A1B:0B56 0000 C=DATA   S=_DATA          G=DGROUP  M=WRITE      ACBP=48
 0A1B:0B56 0000 C=DATA   S=_DATA          G=DGROUP  M=WRITEA     ACBP=48
 0A1B:0B56 0000 C=DATA   S=_DATA          G=DGROUP  M=XFFLUSH    ACBP=48
 0A1B:0B56 0000 C=DATA   S=_CVTSEG        G=DGROUP  M=c0.ASM     ACBP=48
 0A1B:0B56 0002 C=DATA   S=_CVTSEG        G=DGROUP  M=REALCVT    ACBP=48
 0A1B:0B58 0002 C=DATA   S=_CVTSEG        G=DGROUP  M=CVTFAK     ACBP=48
 0A1B:0B5A 0000 C=DATA   S=_CVTSEG        G=DGROUP  M=REALCVT    ACBP=48
 0A1B:0B5A 0000 C=DATA   S=_SCNSEG        G=DGROUP  M=c0.ASM     ACBP=48
 0A1B:0B5A 0006 C=DATA   S=_SCNSEG        G=DGROUP  M=CVTFAK     ACBP=48
 0A1B:0B60 0000 C=CONST  S=_CONST         G=DGROUP  M=c0.ASM     ACBP=48
 0A1B:0B60 0000 C=INITDATA S=_INIT_         G=DGROUP  M=c0.ASM     ACBP=48
 0A1B:0B60 0006 C=INITDATA S=_INIT_         G=DGROUP  M=FPINIT     ACBP=48
 0A1B:0B66 0006 C=INITDATA S=_INIT_         G=DGROUP  M=SETUPIO    ACBP=48
 0A1B:0B6C 0006 C=INITDATA S=_INIT_         G=DGROUP  M=CRTINIT    ACBP=48
 0A1B:0B72 0000 C=INITDATA S=_INITEND_      G=DGROUP  M=c0.ASM     ACBP=28
 0A1B:0B72 0000 C=EXITDATA S=_EXIT_         G=DGROUP  M=c0.ASM     ACBP=48
 0A1B:0B72 0006 C=EXITDATA S=_EXIT_         G=DGROUP  M=FPINIT     ACBP=48
 0A1B:0B78 0000 C=EXITDATA S=_EXITEND_      G=DGROUP  M=c0.ASM     ACBP=28
 0A1B:0B78 0000 C=BSS    S=_BSS           G=DGROUP  M=c0.ASM     ACBP=48
 0A1B:0B78 1C08 C=BSS    S=_BSS           G=DGROUP  M=test.c     ACBP=48
 0A1B:2780 0001 C=BSS    S=_BSS           G=DGROUP  M=os_cpu_c.c ACBP=48
 0A1B:2782 001B C=BSS    S=_BSS           G=DGROUP  M=pc.c       ACBP=48
 0A1B:279E 1ABC C=BSS    S=_BSS           G=DGROUP  M=ucos_ii.c  ACBP=48
 0A1B:425A 0000 C=BSS    S=_BSS           G=DGROUP  M=REALCVT    ACBP=48
 0A1B:425A 0000 C=BSS    S=_BSS           G=DGROUP  M=XCVT       ACBP=48
 0A1B:425A 0000 C=BSS    S=_BSS           G=DGROUP  M=_POW10     ACBP=48
 0A1B:425A 0080 C=BSS    S=_BSS           G=DGROUP  M=ATEXIT     ACBP=48
 0A1B:42DA 0000 C=BSS    S=_BSS           G=DGROUP  M=IOERROR    ACBP=48
 0A1B:42DA 0000 C=BSS    S=_BSS           G=DGROUP  M=ISATTY     ACBP=48
 0A1B:42DA 0000 C=BSS    S=_BSS           G=DGROUP  M=LONGTOA    ACBP=48
 0A1B:42DA 0000 C=BSS    S=_BSS           G=DGROUP  M=LSEEK      ACBP=48
 0A1B:42DA 0000 C=BSS    S=_BSS           G=DGROUP  M=SETUPIO    ACBP=48
 0A1B:42DA 0004 C=BSS    S=_BSS           G=DGROUP  M=SIGDATA    ACBP=48
 0A1B:42DE 0000 C=BSS    S=_BSS           G=DGROUP  M=VPRINTER   ACBP=48
 0A1B:42DE 0000 C=BSS    S=_BSS           G=DGROUP  M=VRAM       ACBP=48
 0A1B:42DE 0000 C=BSS    S=_BSS           G=DGROUP  M=CRTINIT    ACBP=48
 0A1B:42DE 0000 C=BSS    S=_BSS           G=DGROUP  M=GETCH      ACBP=48
 0A1B:42DE 0000 C=BSS    S=_BSS           G=DGROUP  M=KBHIT      ACBP=48
 0A1B:42DE 0000 C=BSS    S=_BSS           G=DGROUP  M=SETBLOCK   ACBP=48
 0A1B:42DE 0000 C=BSS    S=_BSS           G=DGROUP  M=SETJMP     ACBP=48
 0A1B:42DE 0000 C=BSS    S=_BSS           G=DGROUP  M=MEMCPY     ACBP=48
 0A1B:42DE 0001 C=BSS    S=_BSS           G=DGROUP  M=PUTC       ACBP=48
 0A1B:42E0 0000 C=BSS    S=_BSS           G=DGROUP  M=WRITEA     ACBP=48
 0A1B:42E0 0000 C=BSSEND S=_BSSEND        G=DGROUP  M=c0.ASM     ACBP=28
 0E49:0000 0110 C=STACK  S=_STACK         G=(none)  M=c0.ASM     ACBP=74
 0E49:0000 0080 C=STACK  S=_STACK         G=(none)  M=EMUVARS    ACBP=78

  Address         Publics by Name

 0A1B:0000 idle  DATASEG@
 0000:0291 idle  DGROUP@
 0746:2152       e086_Entry
 0746:26E0       e086_Shortcut
 09BE:0306       e087_Entry
 09BE:03C6       e087_Shortcut
 09BE:0430       e087_Trap
 0000:FE32 idle  FIARQQ
 0000:0E32 idle  FICRQQ
 0000:5C32  Abs  FIDRQQ
 0000:1632  Abs  FIERQQ
 0000:0632 idle  FISRQQ
 0000:A23D  Abs  FIWRQQ
 0000:4000 idle  FJARQQ
 0000:C000 idle  FJCRQQ
 0000:8000 idle  FJSRQQ
 0000:0B3B idle  F_LDIV@
 0000:0B4A idle  F_LMOD@
 0000:0B42       F_LUDIV@
 0000:0B52 idle  F_LUMOD@
 0000:0BE9       F_LXLSH@
 0000:0AFB       F_LXMUL@
 0000:0C0A       F_LXURSH@
 0000:0C2B idle  F_PADD@
 0000:0C5A idle  F_PSUB@
 0000:0B3B idle  LDIV@
 0000:0B4A idle  LMOD@
 0000:0B42 idle  LUDIV@
 0000:0B52 idle  LUMOD@
 0000:0BE9 idle  LXLSH@
 0000:0AFB idle  LXMUL@
 0000:0C0A idle  LXURSH@
 0000:0B38 idle  N_LDIV@
 0000:0B47 idle  N_LMOD@
 0000:0B3F idle  N_LUDIV@
 0000:0B4F idle  N_LUMOD@
 0000:0BE6       N_LXLSH@
 0000:0C07 idle  N_LXURSH@
 0000:0C28       N_PADD@
 0000:0DAF       N_PCMP@
 0000:0C57 idle  N_PSUB@
 0000:0C2B idle  PADD@
 0000:0C5A idle  PSUB@
 0000:027A       _abort
 0A1B:0B7C idle  _AckMbox
 0000:0A3B idle  _atexit
 0000:1536 idle  _cprintf
 0A1B:0B11       _directvideo
 0A1B:007F       _errno
 0000:0AC0       _exit
 0000:1856 idle  _farfree
 0000:196A idle  _farmalloc
 0000:1ACE idle  _farrealloc
 0000:2263       _fflush
 0000:2330       _flushall
 0000:2372       _fprintf
 0000:25CB idle  _fputc
 0000:2760 idle  _fputchar
 0000:1856       _free
 0000:2410       _fseek
 0000:2490 idle  _ftell
 0000:1C88       _getch
 0000:1CA4 idle  _getche
 0000:0B12       _getdate
 0000:1CE6       _gettext
 0000:0B25       _gettime
 0000:0CD3       _isatty
 0000:1D92       _kbhit
 0000:2203       _longjmp
 0000:0D86       _lseek
 02CD:000C       _main
 0000:1960       _malloc
 0000:2570       _memcpy
 0000:1DA4       _movetext
 0A1B:418A       _OSCPUUsage
 034A:0026       _OSCtxSw
 0A1B:4256       _OSCtxSwCtr
 0A1B:4252 idle  _OSEventFreeList
 0A1B:41B2 idle  _OSEventTbl
 03AD:0926 idle  _OSFlagAccept
 03AD:0A58 idle  _OSFlagCreate
 03AD:0AD0 idle  _OSFlagDel
 0A1B:418B idle  _OSFlagFreeList
 03AD:0C12 idle  _OSFlagPend
 03AD:0E6C idle  _OSFlagPost
 03AD:100C idle  _OSFlagQuery
 0A1B:418F idle  _OSFlagTbl
 0A1B:3D6D idle  _OSIdleCtr
 0A1B:4186 idle  _OSIdleCtrMax
 0A1B:4182 idle  _OSIdleCtrRun
 03AD:0001       _OSInit
 0357:000E       _OSInitHookBegin
 0357:000F       _OSInitHookEnd
 034A:0061       _OSIntCtxSw
 03AD:0039 idle  _OSIntEnter
 03AD:004C       _OSIntExit
 0A1B:3D7F idle  _OSIntExitY
 0A1B:3D80       _OSIntNesting
 0A1B:3D7E idle  _OSLockNesting
 0A1B:062C idle  _OSMapTbl
 03AD:129C idle  _OSMboxAccept
 03AD:12E7       _OSMboxCreate
 03AD:135C idle  _OSMboxDel
 03AD:147A       _OSMboxPend
 03AD:157C       _OSMboxPost
 03AD:15F4 idle  _OSMboxPostOpt
 03AD:1697 idle  _OSMboxQuery
 03AD:178B idle  _OSMemCreate
 0A1B:295E idle  _OSMemFreeList
 03AD:18D6 idle  _OSMemGet
 03AD:1954 idle  _OSMemPut
 03AD:19C4 idle  _OSMemQuery
 0A1B:2896 idle  _OSMemTbl
 03AD:1B11 idle  _OSMutexAccept
 03AD:1B9C idle  _OSMutexCreate
 03AD:1C82 idle  _OSMutexDel
 03AD:1DDC idle  _OSMutexPend
 03AD:1FC7 idle  _OSMutexPost
 03AD:214F idle  _OSMutexQuery
 0A1B:3D7D       _OSPrioCur
 0A1B:3D7C       _OSPrioHighRdy
 03AD:226A idle  _OSQAccept
 03AD:230A idle  _OSQCreate
 03AD:242D idle  _OSQDel
 03AD:25AA idle  _OSQFlush
 0A1B:2892 idle  _OSQFreeList
 03AD:2602 idle  _OSQPend
 03AD:2748 idle  _OSQPost
 03AD:2810 idle  _OSQPostFront
 03AD:28D2 idle  _OSQPostOpt
 03AD:2A10 idle  _OSQQuery
 0A1B:27A2 idle  _OSQTbl
 0A1B:3D7B idle  _OSRdyGrp
 0A1B:3D73 idle  _OSRdyTbl
 0A1B:3D72       _OSRunning
 03AD:00E2 idle  _OSSchedLock
 03AD:00F8 idle  _OSSchedUnlock
 03AD:2B9B idle  _OSSemAccept
 03AD:2BCD idle  _OSSemCreate
 03AD:2C41 idle  _OSSemDel
 03AD:2D5F idle  _OSSemPend
 03AD:2E0F idle  _OSSemPost
 03AD:2E69 idle  _OSSemQuery
 03AD:0125       _OSStart
 034A:0008       _OSStartHighRdy
 03AD:0184       _OSStatInit
 0A1B:4181 idle  _OSStatRdy
 03AD:2F55 idle  _OSTaskChangePrio
 03AD:3121 idle  _OSTaskCreate
 03AD:31E6       _OSTaskCreateExt
 0357:0010       _OSTaskCreateHook
 0A1B:3D71       _OSTaskCtr
 03AD:32E2 idle  _OSTaskDel
 0357:0015       _OSTaskDelHook
 03AD:34C1 idle  _OSTaskDelReq
 0357:001A       _OSTaskIdleHook
 0A1B:396D idle  _OSTaskIdleStk
 03AD:373F idle  _OSTaskQuery
 03AD:352D idle  _OSTaskResume
 0357:001B       _OSTaskStatHook
 0A1B:3D81 idle  _OSTaskStatStk
 03AD:35AC       _OSTaskStkChk
 0357:001C       _OSTaskStkInit
 0357:0102       _OSTaskStkInit_FPE_x86
 03AD:3691 idle  _OSTaskSuspend
 0357:01DD       _OSTaskSwHook
 0A1B:3969       _OSTCBCur
 0A1B:3965 idle  _OSTCBFreeList
 0A1B:3961       _OSTCBHighRdy
 0357:01DE       _OSTCBInitHook
 0A1B:395D idle  _OSTCBList
 0A1B:385D idle  _OSTCBPrioTbl
 0A1B:2962 idle  _OSTCBTbl
 0A1B:2780       _OSTickDOSCtr
 034A:008E       _OSTickISR
 0A1B:279E idle  _OSTime
 03AD:37AD       _OSTimeDly
 03AD:37F4       _OSTimeDlyHMSM
 03AD:38E3 idle  _OSTimeDlyResume
 03AD:395B idle  _OSTimeGet
 03AD:397A idle  _OSTimeSet
 03AD:01BF       _OSTimeTick
 0357:01E3       _OSTimeTickHook
 0A1B:0634 idle  _OSUnMapTbl
 03AD:024D       _OSVersion
 03AD:0251 idle  _OS_Dummy
 03AD:0252 idle  _OS_EventTaskRdy
 03AD:031C idle  _OS_EventTaskWait
 03AD:0389 idle  _OS_EventTO
 03AD:03DD idle  _OS_EventWaitListInit
 03AD:112E idle  _OS_FlagInit
 03AD:11ED idle  _OS_FlagUnlink
 03AD:1A6D idle  _OS_MemInit
 03AD:2B4B idle  _OS_QInit
 03AD:0623 idle  _OS_Sched
 03AD:0686 idle  _OS_TaskIdle
 03AD:06AB idle  _OS_TaskStat
 03AD:0777 idle  _OS_TCBInit
 0375:0004       _PC_DispChar
 0375:0042 idle  _PC_DispClrCol
 0375:0088 idle  _PC_DispClrRow
 0375:00C1       _PC_DispClrScr
 0375:00F2       _PC_DispStr
 0375:0141       _PC_DOSReturn
 0375:0155       _PC_DOSSaveReturn
 0375:01C3       _PC_ElapsedInit
 0375:01D7       _PC_ElapsedStart
 0375:01FD       _PC_ElapsedStop
 0375:024E       _PC_GetDateTime
 0375:02A1       _PC_GetKey
 0375:02C8       _PC_SetTickRate
 0A1B:2782 idle  _PC_TickISR
 0375:0315 idle  _PC_VectGet
 0375:034C       _PC_VectSet
 0000:0A30       _pow10
 0000:2594       _printf
 0000:1E41       _putch
 0000:1D3C       _puttext
 0000:1AC7 idle  _realloc
 0000:21B1       _setblock
 0000:21CD       _setjmp
 0000:2977       _setvbuf
 0000:2AD4       _sprintf
 02CD:0567 idle  _Task1
 0A1B:1B80 idle  _Task1Stk
 02CD:0608 idle  _Task2
 0A1B:1780 idle  _Task2Stk
 02CD:0677 idle  _Task3
 0A1B:1380 idle  _Task3Stk
 02CD:06FB idle  _Task4
 0A1B:0F80 idle  _Task4Stk
 02CD:0742 idle  _Task5
 0A1B:0B80 idle  _Task5Stk
 02CD:07A2 idle  _TaskClk
 0A1B:1F80 idle  _TaskClkStk
 02CD:00AA idle  _TaskStart
 0A1B:2380 idle  _TaskStartStk
 0A1B:0B78 idle  _TxMbox
 0000:1CC8 idle  _ungetch
 0000:2AF6 idle  _vsprintf
 0000:2241 idle  _wherex
 0000:2250 idle  _wherey
 0A1B:0740       __8087
 0000:1000 idle  __AHINCR
 0000:000C idle  __AHSHIFT
 0A1B:0870       __atexitcnt
 0A1B:425A       __atexittbl
 0000:1BBE       __brk
 0A1B:008B       __brklvl
 0A1B:006B idle  __C0argc
 0A1B:006D idle  __C0argv
 0000:1618 idle  __c0crtinit
 0A1B:0071 idle  __C0environ
 0A1B:0B4F       __cChar
 0000:0AE1 idle  __cexit
 0A1B:0B4E       __cFlag
 0000:016A       __checknull
 0000:0157       __cleanup
 0000:1404       __CPUTN
 0000:1635 idle  __crtinit
 0000:0000  Abs  __cvtfak
 0000:0AEF idle  __c_exit
 0A1B:0754       __default87
 0A1B:0A3A idle  __doserrno
 0000:0CC1 idle  __DOSERROR
 0A1B:0A3C idle  __dosErrorToSV
 0E49:0000       __emu
 0A1B:0075 idle  __envLng
 0A1B:0077 idle  __envseg
 0A1B:0079 idle  __envSize
 0000:0ACF       __exit
 0A1B:0872       __exitbuf
 0A1B:0876 idle  __exitfopen
 0A1B:087A idle  __exitopen
 0000:08B6       __fperror
 0A1B:0A38       __fpstklen
 0000:04E9       __fpuint
 0000:25AF idle  __fputc
 0000:2774       __FPUTN
 0A1B:0087       __heapbase
 0A1B:008F       __heaptop
 0A1B:005B idle  __Int0Vector
 0A1B:005F idle  __Int4Vector
 0A1B:0063 idle  __Int5Vector
 0A1B:0067 idle  __Int6Vector
 0000:0C88       __IOERROR
 0A1B:0751       __LDT
 0000:0CE4       __LONGTOA
 0000:0293 idle  __MMODEL
 0A1B:0A0E       __nfile
 0000:1CA1 idle  __Ngetche
 0000:1CC5 idle  __Nungetch
 0A1B:0A10       __openfd
 0A1B:007D idle  __osmajor
 0A1B:007E idle  __osminor
 0A1B:007D idle  __osversion
 0000:0967       __POW10
 0A1B:0750       __protected
 0A1B:007B       __psp
 0000:1E58       __REALCVT
 0A1B:0B56       __RealCvtVector
 0000:01C0       __restorezero
 0000:1BFD       __sbrk
 0A1B:0B5A idle  __ScanTodVector
 0000:1F92       __SCREENIO
 0000:2045       __SCROLL
 0000:0DD0       __setupio
 0A1B:0081 idle  __StartTime
 0A1B:0A96       __stklen
 0A1B:087E       __streams
 0000:016B       __terminate
 0000:0000 idle  __turboCrt
 0000:0000  Abs  __turboCvt
 0000:0D66 idle  __UTOA
 0000:1FCE       __VALIDATEXY
 0A1B:007D       __version
 0A1B:0B02       __video
 0000:158D       __VideoInt
 0000:0EA2       __VPRINTER
 0000:1365       __VPTR
 0000:138A       __VRAM
 0000:2237       __wherexy
 0000:2C68       __write
 0A1B:0B00       __wscroll
 0000:06AA       __XCVT
 0000:2CA4       __xfflush
 0A1B:0085 idle  ___brklvl
 0000:1716 idle  ___first
 0000:0402 idle  ___fpreset
 0000:1718 idle  ___last
 0000:171A idle  ___rover
 0A1B:42DA       ___SignalPtr
 0000:2B17       ___write

  Address         Publics by Value

 0000:0000  Abs  __turboCvt
 0000:0000 idle  __turboCrt
 0000:0000  Abs  __cvtfak
 0000:000C idle  __AHSHIFT
 0000:0157       __cleanup
 0000:016A       __checknull
 0000:016B       __terminate
 0000:01C0       __restorezero
 0000:027A       _abort
 0000:0291 idle  DGROUP@
 0000:0293 idle  __MMODEL
 0000:0402 idle  ___fpreset
 0000:04E9       __fpuint
 0000:0632 idle  FISRQQ
 0000:06AA       __XCVT
 0000:08B6       __fperror
 0000:0967       __POW10
 0000:0A30       _pow10
 0000:0A3B idle  _atexit
 0000:0AC0       _exit
 0000:0ACF       __exit
 0000:0AE1 idle  __cexit
 0000:0AEF idle  __c_exit
 0000:0AFB       F_LXMUL@
 0000:0AFB idle  LXMUL@
 0000:0B12       _getdate
 0000:0B25       _gettime
 0000:0B38 idle  N_LDIV@
 0000:0B3B idle  LDIV@
 0000:0B3B idle  F_LDIV@
 0000:0B3F idle  N_LUDIV@
 0000:0B42       F_LUDIV@
 0000:0B42 idle  LUDIV@
 0000:0B47 idle  N_LMOD@
 0000:0B4A idle  F_LMOD@
 0000:0B4A idle  LMOD@
 0000:0B4F idle  N_LUMOD@
 0000:0B52 idle  LUMOD@
 0000:0B52 idle  F_LUMOD@
 0000:0BE6       N_LXLSH@
 0000:0BE9       F_LXLSH@
 0000:0BE9 idle  LXLSH@
 0000:0C07 idle  N_LXURSH@
 0000:0C0A       F_LXURSH@
 0000:0C0A idle  LXURSH@
 0000:0C28       N_PADD@
 0000:0C2B idle  F_PADD@
 0000:0C2B idle  PADD@
 0000:0C57 idle  N_PSUB@
 0000:0C5A idle  F_PSUB@
 0000:0C5A idle  PSUB@
 0000:0C88       __IOERROR
 0000:0CC1 idle  __DOSERROR
 0000:0CD3       _isatty
 0000:0CE4       __LONGTOA
 0000:0D66 idle  __UTOA
 0000:0D86       _lseek
 0000:0DAF       N_PCMP@
 0000:0DD0       __setupio
 0000:0E32 idle  FICRQQ
 0000:0EA2       __VPRINTER
 0000:1000 idle  __AHINCR
 0000:1365       __VPTR
 0000:138A       __VRAM
 0000:1404       __CPUTN
 0000:1536 idle  _cprintf
 0000:158D       __VideoInt
 0000:1618 idle  __c0crtinit
 0000:1632  Abs  FIERQQ
 0000:1635 idle  __crtinit
 0000:1716 idle  ___first
 0000:1718 idle  ___last
 0000:171A idle  ___rover
 0000:1856       _free
 0000:1856 idle  _farfree
 0000:1960       _malloc
 0000:196A idle  _farmalloc
 0000:1AC7 idle  _realloc
 0000:1ACE idle  _farrealloc
 0000:1BBE       __brk
 0000:1BFD       __sbrk
 0000:1C88       _getch
 0000:1CA1 idle  __Ngetche
 0000:1CA4 idle  _getche
 0000:1CC5 idle  __Nungetch
 0000:1CC8 idle  _ungetch
 0000:1CE6       _gettext
 0000:1D3C       _puttext
 0000:1D92       _kbhit
 0000:1DA4       _movetext
 0000:1E41       _putch
 0000:1E58       __REALCVT
 0000:1F92       __SCREENIO
 0000:1FCE       __VALIDATEXY
 0000:2045       __SCROLL
 0000:21B1       _setblock
 0000:21CD       _setjmp
 0000:2203       _longjmp
 0000:2237       __wherexy
 0000:2241 idle  _wherex
 0000:2250 idle  _wherey
 0000:2263       _fflush
 0000:2330       _flushall
 0000:2372       _fprintf
 0000:2410       _fseek
 0000:2490 idle  _ftell
 0000:2570       _memcpy
 0000:2594       _printf
 0000:25AF idle  __fputc
 0000:25CB idle  _fputc
 0000:2760 idle  _fputchar
 0000:2774       __FPUTN
 0000:2977       _setvbuf
 0000:2AD4       _sprintf
 0000:2AF6 idle  _vsprintf
 0000:2B17       ___write
 0000:2C68       __write
 0000:2CA4       __xfflush
 0000:4000 idle  FJARQQ
 0000:5C32  Abs  FIDRQQ
 0000:8000 idle  FJSRQQ
 0000:A23D  Abs  FIWRQQ
 0000:C000 idle  FJCRQQ
 0000:FE32 idle  FIARQQ
 02CD:000C       _main
 02CD:00AA idle  _TaskStart
 02CD:0567 idle  _Task1
 02CD:0608 idle  _Task2
 02CD:0677 idle  _Task3
 02CD:06FB idle  _Task4
 02CD:0742 idle  _Task5
 02CD:07A2 idle  _TaskClk
 034A:0008       _OSStartHighRdy
 034A:0026       _OSCtxSw
 034A:0061       _OSIntCtxSw
 034A:008E       _OSTickISR
 0357:000E       _OSInitHookBegin
 0357:000F       _OSInitHookEnd
 0357:0010       _OSTaskCreateHook
 0357:0015       _OSTaskDelHook
 0357:001A       _OSTaskIdleHook
 0357:001B       _OSTaskStatHook
 0357:001C       _OSTaskStkInit
 0357:0102       _OSTaskStkInit_FPE_x86
 0357:01DD       _OSTaskSwHook
 0357:01DE       _OSTCBInitHook
 0357:01E3       _OSTimeTickHook
 0375:0004       _PC_DispChar
 0375:0042 idle  _PC_DispClrCol
 0375:0088 idle  _PC_DispClrRow
 0375:00C1       _PC_DispClrScr
 0375:00F2       _PC_DispStr
 0375:0141       _PC_DOSReturn
 0375:0155       _PC_DOSSaveReturn
 0375:01C3       _PC_ElapsedInit
 0375:01D7       _PC_ElapsedStart
 0375:01FD       _PC_ElapsedStop
 0375:024E       _PC_GetDateTime
 0375:02A1       _PC_GetKey
 0375:02C8       _PC_SetTickRate
 0375:0315 idle  _PC_VectGet
 0375:034C       _PC_VectSet
 03AD:0001       _OSInit
 03AD:0039 idle  _OSIntEnter
 03AD:004C       _OSIntExit
 03AD:00E2 idle  _OSSchedLock
 03AD:00F8 idle  _OSSchedUnlock
 03AD:0125       _OSStart
 03AD:0184       _OSStatInit
 03AD:01BF       _OSTimeTick
 03AD:024D       _OSVersion
 03AD:0251 idle  _OS_Dummy
 03AD:0252 idle  _OS_EventTaskRdy
 03AD:031C idle  _OS_EventTaskWait
 03AD:0389 idle  _OS_EventTO
 03AD:03DD idle  _OS_EventWaitListInit
 03AD:0623 idle  _OS_Sched
 03AD:0686 idle  _OS_TaskIdle
 03AD:06AB idle  _OS_TaskStat
 03AD:0777 idle  _OS_TCBInit
 03AD:0926 idle  _OSFlagAccept
 03AD:0A58 idle  _OSFlagCreate
 03AD:0AD0 idle  _OSFlagDel
 03AD:0C12 idle  _OSFlagPend
 03AD:0E6C idle  _OSFlagPost
 03AD:100C idle  _OSFlagQuery
 03AD:112E idle  _OS_FlagInit
 03AD:11ED idle  _OS_FlagUnlink
 03AD:129C idle  _OSMboxAccept
 03AD:12E7       _OSMboxCreate
 03AD:135C idle  _OSMboxDel
 03AD:147A       _OSMboxPend
 03AD:157C       _OSMboxPost
 03AD:15F4 idle  _OSMboxPostOpt
 03AD:1697 idle  _OSMboxQuery
 03AD:178B idle  _OSMemCreate
 03AD:18D6 idle  _OSMemGet
 03AD:1954 idle  _OSMemPut
 03AD:19C4 idle  _OSMemQuery
 03AD:1A6D idle  _OS_MemInit
 03AD:1B11 idle  _OSMutexAccept
 03AD:1B9C idle  _OSMutexCreate
 03AD:1C82 idle  _OSMutexDel
 03AD:1DDC idle  _OSMutexPend
 03AD:1FC7 idle  _OSMutexPost
 03AD:214F idle  _OSMutexQuery
 03AD:226A idle  _OSQAccept
 03AD:230A idle  _OSQCreate
 03AD:242D idle  _OSQDel
 03AD:25AA idle  _OSQFlush
 03AD:2602 idle  _OSQPend
 03AD:2748 idle  _OSQPost
 03AD:2810 idle  _OSQPostFront
 03AD:28D2 idle  _OSQPostOpt
 03AD:2A10 idle  _OSQQuery
 03AD:2B4B idle  _OS_QInit
 03AD:2B9B idle  _OSSemAccept
 03AD:2BCD idle  _OSSemCreate
 03AD:2C41 idle  _OSSemDel
 03AD:2D5F idle  _OSSemPend
 03AD:2E0F idle  _OSSemPost
 03AD:2E69 idle  _OSSemQuery
 03AD:2F55 idle  _OSTaskChangePrio
 03AD:3121 idle  _OSTaskCreate
 03AD:31E6       _OSTaskCreateExt
 03AD:32E2 idle  _OSTaskDel
 03AD:34C1 idle  _OSTaskDelReq
 03AD:352D idle  _OSTaskResume
 03AD:35AC       _OSTaskStkChk
 03AD:3691 idle  _OSTaskSuspend
 03AD:373F idle  _OSTaskQuery
 03AD:37AD       _OSTimeDly
 03AD:37F4       _OSTimeDlyHMSM
 03AD:38E3 idle  _OSTimeDlyResume
 03AD:395B idle  _OSTimeGet
 03AD:397A idle  _OSTimeSet
 0746:2152       e086_Entry
 0746:26E0       e086_Shortcut
 09BE:0306       e087_Entry
 09BE:03C6       e087_Shortcut
 09BE:0430       e087_Trap
 0A1B:0000 idle  DATASEG@
 0A1B:005B idle  __Int0Vector
 0A1B:005F idle  __Int4Vector
 0A1B:0063 idle  __Int5Vector
 0A1B:0067 idle  __Int6Vector
 0A1B:006B idle  __C0argc
 0A1B:006D idle  __C0argv
 0A1B:0071 idle  __C0environ
 0A1B:0075 idle  __envLng
 0A1B:0077 idle  __envseg
 0A1B:0079 idle  __envSize
 0A1B:007B       __psp
 0A1B:007D idle  __osversion
 0A1B:007D idle  __osmajor
 0A1B:007D       __version
 0A1B:007E idle  __osminor
 0A1B:007F       _errno
 0A1B:0081 idle  __StartTime
 0A1B:0085 idle  ___brklvl
 0A1B:0087       __heapbase
 0A1B:008B       __brklvl
 0A1B:008F       __heaptop
 0A1B:062C idle  _OSMapTbl
 0A1B:0634 idle  _OSUnMapTbl
 0A1B:0740       __8087
 0A1B:0750       __protected
 0A1B:0751       __LDT
 0A1B:0754       __default87
 0A1B:0870       __atexitcnt
 0A1B:0872       __exitbuf
 0A1B:0876 idle  __exitfopen
 0A1B:087A idle  __exitopen
 0A1B:087E       __streams
 0A1B:0A0E       __nfile
 0A1B:0A10       __openfd
 0A1B:0A38       __fpstklen
 0A1B:0A3A idle  __doserrno
 0A1B:0A3C idle  __dosErrorToSV
 0A1B:0A96       __stklen
 0A1B:0B00       __wscroll
 0A1B:0B02       __video
 0A1B:0B11       _directvideo
 0A1B:0B4E       __cFlag
 0A1B:0B4F       __cChar
 0A1B:0B56       __RealCvtVector
 0A1B:0B5A idle  __ScanTodVector
 0A1B:0B78 idle  _TxMbox
 0A1B:0B7C idle  _AckMbox
 0A1B:0B80 idle  _Task5Stk
 0A1B:0F80 idle  _Task4Stk
 0A1B:1380 idle  _Task3Stk
 0A1B:1780 idle  _Task2Stk
 0A1B:1B80 idle  _Task1Stk
 0A1B:1F80 idle  _TaskClkStk
 0A1B:2380 idle  _TaskStartStk
 0A1B:2780       _OSTickDOSCtr
 0A1B:2782 idle  _PC_TickISR
 0A1B:279E idle  _OSTime
 0A1B:27A2 idle  _OSQTbl
 0A1B:2892 idle  _OSQFreeList
 0A1B:2896 idle  _OSMemTbl
 0A1B:295E idle  _OSMemFreeList
 0A1B:2962 idle  _OSTCBTbl
 0A1B:385D idle  _OSTCBPrioTbl
 0A1B:395D idle  _OSTCBList
 0A1B:3961       _OSTCBHighRdy
 0A1B:3965 idle  _OSTCBFreeList
 0A1B:3969       _OSTCBCur
 0A1B:396D idle  _OSTaskIdleStk
 0A1B:3D6D idle  _OSIdleCtr
 0A1B:3D71       _OSTaskCtr
 0A1B:3D72       _OSRunning
 0A1B:3D73 idle  _OSRdyTbl
 0A1B:3D7B idle  _OSRdyGrp
 0A1B:3D7C       _OSPrioHighRdy
 0A1B:3D7D       _OSPrioCur
 0A1B:3D7E idle  _OSLockNesting
 0A1B:3D7F idle  _OSIntExitY
 0A1B:3D80       _OSIntNesting
 0A1B:3D81 idle  _OSTaskStatStk
 0A1B:4181 idle  _OSStatRdy
 0A1B:4182 idle  _OSIdleCtrRun
 0A1B:4186 idle  _OSIdleCtrMax
 0A1B:418A       _OSCPUUsage
 0A1B:418B idle  _OSFlagFreeList
 0A1B:418F idle  _OSFlagTbl
 0A1B:41B2 idle  _OSEventTbl
 0A1B:4252 idle  _OSEventFreeList
 0A1B:4256       _OSCtxSwCtr
 0A1B:425A       __atexittbl
 0A1B:42DA       ___SignalPtr
 0E49:0000       __emu

Program entry point at 0000:0000

