
 Start  Stop   Length Name               Class

 00000H 02CC0H 02CC1H _TEXT              CODE
 02CC1H 03578H 008B8H TEST_TEXT          CODE
 0357AH 0364FH 000D6H OS_CPU_A_TEXT      CODE
 03650H 03825H 001D6H OS_CPU_C_TEXT      CODE
 03826H 03BA2H 0037DH PC_TEXT            CODE
 03BA3H 0753FH 0399DH UCOS_II_TEXT       CODE
 07540H 09CB6H 02777H EMU_PROG           CODE
 09CC0H 0A287H 005C8H E87_PROG           CODE
 0A290H 0A290H 00000H _FARDATA           FAR_DATA
 0A290H 0A290H 00000H _FARBSS            FAR_BSS
 0A290H 0A290H 00000H _OVERLAY_          OVRINFO
 0A290H 0A290H 00000H _1STUB_            STUBSEG
 0A290H 0ADD5H 00B46H _DATA              DATA
 0ADD6H 0ADD9H 00004H _CVTSEG            DATA
 0ADDAH 0ADDFH 00006H _SCNSEG            DATA
 0ADE0H 0ADE0H 00000H _CONST             CONST
 0ADE0H 0ADF1H 00012H _INIT_             INITDATA
 0ADF2H 0ADF2H 00000H _INITEND_          INITDATA
 0ADF2H 0ADF7H 00006H _EXIT_             EXITDATA
 0ADF8H 0ADF8H 00000H _EXITEND_          EXITDATA
 0ADF8H 0E663H 0386CH _BSS               BSS
 0E664H 0E664H 00000H _BSSEND            BSSEND
 0E670H 0E77FH 00110H _STACK             STACK


Detailed map of segments

 0000:0000 0295 C=CODE   S=_TEXT          G=(none)  M=c0.ASM     ACBP=28
 0000:0295 0258 C=CODE   S=_TEXT          G=(none)  M=FPINIT     ACBP=28
 0000:04ED 0000 C=CODE   S=_TEXT          G=(none)  M=E87TRAP    ACBP=28
 0000:04ED 0000 C=CODE   S=_TEXT          G=(none)  M=PROTFLAG   ACBP=28
 0000:04ED 0000 C=CODE   S=_TEXT          G=(none)  M=DEFLT87    ACBP=28
 0000:04ED 01BD C=CODE   S=_TEXT          G=(none)  M=REALCVT    ACBP=28
 0000:06AA 020C C=CODE   S=_TEXT          G=(none)  M=XCVT       ACBP=28
 0000:08B6 00B1 C=CODE   S=_TEXT          G=(none)  M=FPERR      ACBP=28
 0000:0967 00C9 C=CODE   S=_TEXT          G=(none)  M=_POW10     ACBP=28
 0000:0A30 000B C=CODE   S=_TEXT          G=(none)  M=POW10D     ACBP=28
 0000:0A3B 002D C=CODE   S=_TEXT          G=(none)  M=ATEXIT     ACBP=28
 0000:0A68 0093 C=CODE   S=_TEXT          G=(none)  M=EXIT       ACBP=28
 0000:0AFB 0000 C=CODE   S=_TEXT          G=(none)  M=FILES      ACBP=28
 0000:0AFB 0000 C=CODE   S=_TEXT          G=(none)  M=FILES2     ACBP=28
 0000:0AFB 0000 C=CODE   S=_TEXT          G=(none)  M=FPSTKLEN   ACBP=28
 0000:0AFB 0017 C=CODE   S=_TEXT          G=(none)  M=F_LXMUL    ACBP=28
 0000:0B12 0026 C=CODE   S=_TEXT          G=(none)  M=GETDATE    ACBP=28
 0000:0B38 00AE C=CODE   S=_TEXT          G=(none)  M=H_LDIV     ACBP=28
 0000:0BE6 0021 C=CODE   S=_TEXT          G=(none)  M=H_LLSH     ACBP=28
 0000:0C07 0021 C=CODE   S=_TEXT          G=(none)  M=H_LURSH    ACBP=28
 0000:0C28 0060 C=CODE   S=_TEXT          G=(none)  M=H_PADD     ACBP=28
 0000:0C88 004B C=CODE   S=_TEXT          G=(none)  M=IOERROR    ACBP=28
 0000:0CD3 0011 C=CODE   S=_TEXT          G=(none)  M=ISATTY     ACBP=28
 0000:0CE4 00A2 C=CODE   S=_TEXT          G=(none)  M=LONGTOA    ACBP=28
 0000:0D86 0029 C=CODE   S=_TEXT          G=(none)  M=LSEEK      ACBP=28
 0000:0DAF 0021 C=CODE   S=_TEXT          G=(none)  M=N_PCMP     ACBP=28
 0000:0DD0 00BA C=CODE   S=_TEXT          G=(none)  M=SETUPIO    ACBP=28
 0000:0E8A 0000 C=CODE   S=_TEXT          G=(none)  M=SIGDATA    ACBP=28
 0000:0E8A 0000 C=CODE   S=_TEXT          G=(none)  M=STKLEN     ACBP=28
 0000:0E8A 04DB C=CODE   S=_TEXT          G=(none)  M=VPRINTER   ACBP=28
 0000:1365 009F C=CODE   S=_TEXT          G=(none)  M=VRAM       ACBP=28
 0000:1404 0000 C=CODE   S=_TEXT          G=(none)  M=WSCROLL    ACBP=28
 0000:1404 014E C=CODE   S=_TEXT          G=(none)  M=CPRINTF    ACBP=28
 0000:1552 01A5 C=CODE   S=_TEXT          G=(none)  M=CRTINIT    ACBP=28
 0000:16F7 001F C=CODE   S=_TEXT          G=(none)  M=CVTFAK     ACBP=28
 0000:1716 0432 C=CODE   S=_TEXT          G=(none)  M=FARHEAP    ACBP=28
 0000:1B48 0140 C=CODE   S=_TEXT          G=(none)  M=FBRK       ACBP=28
 0000:1C88 005E C=CODE   S=_TEXT          G=(none)  M=GETCH      ACBP=28
 0000:1CE6 00AC C=CODE   S=_TEXT          G=(none)  M=GPTEXT     ACBP=28
 0000:1D92 0012 C=CODE   S=_TEXT          G=(none)  M=KBHIT      ACBP=28
 0000:1DA4 009D C=CODE   S=_TEXT          G=(none)  M=MOVETEXT   ACBP=28
 0000:1E41 0017 C=CODE   S=_TEXT          G=(none)  M=PUTCH      ACBP=28
 0000:1E58 0004 C=CODE   S=_TEXT          G=(none)  M=REALCVT    ACBP=28
 0000:1E5C 01C7 C=CODE   S=_TEXT          G=(none)  M=SCREEN     ACBP=28
 0000:2023 018E C=CODE   S=_TEXT          G=(none)  M=SCROLL     ACBP=28
 0000:21B1 001C C=CODE   S=_TEXT          G=(none)  M=SETBLOCK   ACBP=28
 0000:21CD 006A C=CODE   S=_TEXT          G=(none)  M=SETJMP     ACBP=28
 0000:2237 002C C=CODE   S=_TEXT          G=(none)  M=WHEREXY    ACBP=28
 0000:2263 00CD C=CODE   S=_TEXT          G=(none)  M=FFLUSH     ACBP=28
 0000:2330 0042 C=CODE   S=_TEXT          G=(none)  M=FLUSHALL   ACBP=28
 0000:2372 001C C=CODE   S=_TEXT          G=(none)  M=FPRINTF    ACBP=28
 0000:238E 01E2 C=CODE   S=_TEXT          G=(none)  M=FSEEK      ACBP=28
 0000:2570 0024 C=CODE   S=_TEXT          G=(none)  M=MEMCPY     ACBP=28
 0000:2594 03C8 C=CODE   S=_TEXT          G=(none)  M=PUTC       ACBP=28
 0000:295C 011D C=CODE   S=_TEXT          G=(none)  M=SETVBUF    ACBP=28
 0000:2A79 0083 C=CODE   S=_TEXT          G=(none)  M=SPRINTF    ACBP=28
 0000:2AFC 0151 C=CODE   S=_TEXT          G=(none)  M=WRITE      ACBP=28
 0000:2C4D 003C C=CODE   S=_TEXT          G=(none)  M=WRITEA     ACBP=28
 0000:2C89 0038 C=CODE   S=_TEXT          G=(none)  M=XFFLUSH    ACBP=28
 02CC:0001 08B8 C=CODE   S=TEST_TEXT      G=(none)  M=test.c     ACBP=28
 0357:000A 00D6 C=CODE   S=OS_CPU_A_TEXT  G=(none)  M=\SOFTWARE\uCOS-II\Ix86L\BC45\OS_CPU_A.ASM ACBP=48
 0365:0000 01D6 C=CODE   S=OS_CPU_C_TEXT  G=(none)  M=os_cpu_c.c ACBP=28
 0382:0006 037D C=CODE   S=PC_TEXT        G=(none)  M=pc.c       ACBP=28
 03BA:0003 399D C=CODE   S=UCOS_II_TEXT   G=(none)  M=ucos_ii.c  ACBP=28
 0754:0000 0000 C=CODE   S=EMU_PROG       G=(none)  M=FPINIT     ACBP=68
 0754:0000 2777 C=CODE   S=EMU_PROG       G=(none)  M=EMU086     ACBP=68
 09CC:0000 0000 C=CODE   S=E87_PROG       G=(none)  M=FPINIT     ACBP=68
 09CC:0000 03E3 C=CODE   S=E87_PROG       G=(none)  M=EMU087     ACBP=68
 09CC:03F0 01D8 C=CODE   S=E87_PROG       G=(none)  M=E87TRAP    ACBP=68
 0A29:0000 0000 C=FAR_DATA S=_FARDATA       G=(none)  M=c0.ASM     ACBP=68
 0A29:0000 0000 C=FAR_BSS S=_FARBSS        G=(none)  M=c0.ASM     ACBP=68
 0A29:0000 0000 C=OVRINFO S=_OVERLAY_      G=(none)  M=c0.ASM     ACBP=68
 0A29:0000 0000 C=STUBSEG S=_1STUB_        G=(none)  M=c0.ASM     ACBP=68
 0A29:0000 0093 C=DATA   S=_DATA          G=DGROUP  M=c0.ASM     ACBP=68
 0A29:0094 054F C=DATA   S=_DATA          G=DGROUP  M=test.c     ACBP=48
 0A29:05E4 0000 C=DATA   S=_DATA          G=DGROUP  M=\SOFTWARE\uCOS-II\Ix86L\BC45\OS_CPU_A.ASM ACBP=48
 0A29:05E4 0000 C=DATA   S=_DATA          G=DGROUP  M=os_cpu_c.c ACBP=48
 0A29:05E4 001F C=DATA   S=_DATA          G=DGROUP  M=pc.c       ACBP=48
 0A29:0604 0124 C=DATA   S=_DATA          G=DGROUP  M=ucos_ii.c  ACBP=48
 0A29:0730 0002 C=DATA   S=_DATA          G=DGROUP  M=FPINIT     ACBP=68
 0A29:0740 0000 C=DATA   S=_DATA          G=DGROUP  M=E87TRAP    ACBP=68
 0A29:0740 0003 C=DATA   S=_DATA          G=DGROUP  M=PROTFLAG   ACBP=48
 0A29:0744 0002 C=DATA   S=_DATA          G=DGROUP  M=DEFLT87    ACBP=48
 0A29:0746 0000 C=DATA   S=_DATA          G=DGROUP  M=REALCVT    ACBP=48
 0A29:0746 0000 C=DATA   S=_DATA          G=DGROUP  M=XCVT       ACBP=48
 0A29:0746 009A C=DATA   S=_DATA          G=DGROUP  M=FPERR      ACBP=48
 0A29:07E0 0080 C=DATA   S=_DATA          G=DGROUP  M=_POW10     ACBP=48
 0A29:0860 0000 C=DATA   S=_DATA          G=DGROUP  M=POW10D     ACBP=48
 0A29:0860 0002 C=DATA   S=_DATA          G=DGROUP  M=ATEXIT     ACBP=48
 0A29:0862 000C C=DATA   S=_DATA          G=DGROUP  M=EXIT       ACBP=48
 0A29:086E 0190 C=DATA   S=_DATA          G=DGROUP  M=FILES      ACBP=48
 0A29:09FE 002A C=DATA   S=_DATA          G=DGROUP  M=FILES2     ACBP=48
 0A29:0A28 0002 C=DATA   S=_DATA          G=DGROUP  M=FPSTKLEN   ACBP=48
 0A29:0A2A 0000 C=DATA   S=_DATA          G=DGROUP  M=F_LXMUL    ACBP=48
 0A29:0A2A 0000 C=DATA   S=_DATA          G=DGROUP  M=GETDATE    ACBP=48
 0A29:0A2A 0000 C=DATA   S=_DATA          G=DGROUP  M=H_LDIV     ACBP=48
 0A29:0A2A 0000 C=DATA   S=_DATA          G=DGROUP  M=H_LLSH     ACBP=48
 0A29:0A2A 0000 C=DATA   S=_DATA          G=DGROUP  M=H_LURSH    ACBP=48
 0A29:0A2A 0000 C=DATA   S=_DATA          G=DGROUP  M=H_PADD     ACBP=48
 0A29:0A2A 005B C=DATA   S=_DATA          G=DGROUP  M=IOERROR    ACBP=48
 0A29:0A86 0000 C=DATA   S=_DATA          G=DGROUP  M=ISATTY     ACBP=48
 0A29:0A86 0000 C=DATA   S=_DATA          G=DGROUP  M=LONGTOA    ACBP=48
 0A29:0A86 0000 C=DATA   S=_DATA          G=DGROUP  M=LSEEK      ACBP=48
 0A29:0A86 0000 C=DATA   S=_DATA          G=DGROUP  M=N_PCMP     ACBP=48
 0A29:0A86 0000 C=DATA   S=_DATA          G=DGROUP  M=SETUPIO    ACBP=48
 0A29:0A86 0000 C=DATA   S=_DATA          G=DGROUP  M=SIGDATA    ACBP=48
 0A29:0A86 0002 C=DATA   S=_DATA          G=DGROUP  M=STKLEN     ACBP=48
 0A29:0A88 0067 C=DATA   S=_DATA          G=DGROUP  M=VPRINTER   ACBP=48
 0A29:0AF0 0000 C=DATA   S=_DATA          G=DGROUP  M=VRAM       ACBP=48
 0A29:0AF0 0002 C=DATA   S=_DATA          G=DGROUP  M=WSCROLL    ACBP=48
 0A29:0AF2 0000 C=DATA   S=_DATA          G=DGROUP  M=CPRINTF    ACBP=48
 0A29:0AF2 0018 C=DATA   S=_DATA          G=DGROUP  M=CRTINIT    ACBP=48
 0A29:0B0A 0031 C=DATA   S=_DATA          G=DGROUP  M=CVTFAK     ACBP=48
 0A29:0B3C 0000 C=DATA   S=_DATA          G=DGROUP  M=FARHEAP    ACBP=48
 0A29:0B3C 0002 C=DATA   S=_DATA          G=DGROUP  M=FBRK       ACBP=48
 0A29:0B3E 0000 C=DATA   S=_DATA          G=DGROUP  M=GETCH      ACBP=48
 0A29:0B3E 0000 C=DATA   S=_DATA          G=DGROUP  M=GPTEXT     ACBP=48
 0A29:0B3E 0002 C=DATA   S=_DATA          G=DGROUP  M=KBHIT      ACBP=48
 0A29:0B40 0000 C=DATA   S=_DATA          G=DGROUP  M=MOVETEXT   ACBP=48
 0A29:0B40 0000 C=DATA   S=_DATA          G=DGROUP  M=PUTCH      ACBP=48
 0A29:0B40 0000 C=DATA   S=_DATA          G=DGROUP  M=REALCVT    ACBP=48
 0A29:0B40 0000 C=DATA   S=_DATA          G=DGROUP  M=SCREEN     ACBP=48
 0A29:0B40 0000 C=DATA   S=_DATA          G=DGROUP  M=SCROLL     ACBP=48
 0A29:0B40 0000 C=DATA   S=_DATA          G=DGROUP  M=SETBLOCK   ACBP=48
 0A29:0B40 0000 C=DATA   S=_DATA          G=DGROUP  M=SETJMP     ACBP=48
 0A29:0B40 0000 C=DATA   S=_DATA          G=DGROUP  M=WHEREXY    ACBP=48
 0A29:0B40 0000 C=DATA   S=_DATA          G=DGROUP  M=FFLUSH     ACBP=48
 0A29:0B40 0000 C=DATA   S=_DATA          G=DGROUP  M=FLUSHALL   ACBP=48
 0A29:0B40 0000 C=DATA   S=_DATA          G=DGROUP  M=FPRINTF    ACBP=48
 0A29:0B40 0000 C=DATA   S=_DATA          G=DGROUP  M=FSEEK      ACBP=48
 0A29:0B40 0000 C=DATA   S=_DATA          G=DGROUP  M=MEMCPY     ACBP=48
 0A29:0B40 0001 C=DATA   S=_DATA          G=DGROUP  M=PUTC       ACBP=48
 0A29:0B42 0004 C=DATA   S=_DATA          G=DGROUP  M=SETVBUF    ACBP=48
 0A29:0B46 0000 C=DATA   S=_DATA          G=DGROUP  M=SPRINTF    ACBP=48
 0A29:0B46 0000 C=DATA   S=_DATA          G=DGROUP  M=WRITE      ACBP=48
 0A29:0B46 0000 C=DATA   S=_DATA          G=DGROUP  M=WRITEA     ACBP=48
 0A29:0B46 0000 C=DATA   S=_DATA          G=DGROUP  M=XFFLUSH    ACBP=48
 0A29:0B46 0000 C=DATA   S=_CVTSEG        G=DGROUP  M=c0.ASM     ACBP=48
 0A29:0B46 0002 C=DATA   S=_CVTSEG        G=DGROUP  M=REALCVT    ACBP=48
 0A29:0B48 0002 C=DATA   S=_CVTSEG        G=DGROUP  M=CVTFAK     ACBP=48
 0A29:0B4A 0000 C=DATA   S=_CVTSEG        G=DGROUP  M=REALCVT    ACBP=48
 0A29:0B4A 0000 C=DATA   S=_SCNSEG        G=DGROUP  M=c0.ASM     ACBP=48
 0A29:0B4A 0006 C=DATA   S=_SCNSEG        G=DGROUP  M=CVTFAK     ACBP=48
 0A29:0B50 0000 C=CONST  S=_CONST         G=DGROUP  M=c0.ASM     ACBP=48
 0A29:0B50 0000 C=INITDATA S=_INIT_         G=DGROUP  M=c0.ASM     ACBP=48
 0A29:0B50 0006 C=INITDATA S=_INIT_         G=DGROUP  M=FPINIT     ACBP=48
 0A29:0B56 0006 C=INITDATA S=_INIT_         G=DGROUP  M=SETUPIO    ACBP=48
 0A29:0B5C 0006 C=INITDATA S=_INIT_         G=DGROUP  M=CRTINIT    ACBP=48
 0A29:0B62 0000 C=INITDATA S=_INITEND_      G=DGROUP  M=c0.ASM     ACBP=28
 0A29:0B62 0000 C=EXITDATA S=_EXIT_         G=DGROUP  M=c0.ASM     ACBP=48
 0A29:0B62 0006 C=EXITDATA S=_EXIT_         G=DGROUP  M=FPINIT     ACBP=48
 0A29:0B68 0000 C=EXITDATA S=_EXITEND_      G=DGROUP  M=c0.ASM     ACBP=28
 0A29:0B68 0000 C=BSS    S=_BSS           G=DGROUP  M=c0.ASM     ACBP=48
 0A29:0B68 1C08 C=BSS    S=_BSS           G=DGROUP  M=test.c     ACBP=48
 0A29:2770 0001 C=BSS    S=_BSS           G=DGROUP  M=os_cpu_c.c ACBP=48
 0A29:2772 001B C=BSS    S=_BSS           G=DGROUP  M=pc.c       ACBP=48
 0A29:278E 1BC0 C=BSS    S=_BSS           G=DGROUP  M=ucos_ii.c  ACBP=48
 0A29:434E 0000 C=BSS    S=_BSS           G=DGROUP  M=REALCVT    ACBP=48
 0A29:434E 0000 C=BSS    S=_BSS           G=DGROUP  M=XCVT       ACBP=48
 0A29:434E 0000 C=BSS    S=_BSS           G=DGROUP  M=_POW10     ACBP=48
 0A29:434E 0080 C=BSS    S=_BSS           G=DGROUP  M=ATEXIT     ACBP=48
 0A29:43CE 0000 C=BSS    S=_BSS           G=DGROUP  M=IOERROR    ACBP=48
 0A29:43CE 0000 C=BSS    S=_BSS           G=DGROUP  M=ISATTY     ACBP=48
 0A29:43CE 0000 C=BSS    S=_BSS           G=DGROUP  M=LONGTOA    ACBP=48
 0A29:43CE 0000 C=BSS    S=_BSS           G=DGROUP  M=LSEEK      ACBP=48
 0A29:43CE 0000 C=BSS    S=_BSS           G=DGROUP  M=SETUPIO    ACBP=48
 0A29:43CE 0004 C=BSS    S=_BSS           G=DGROUP  M=SIGDATA    ACBP=48
 0A29:43D2 0000 C=BSS    S=_BSS           G=DGROUP  M=VPRINTER   ACBP=48
 0A29:43D2 0000 C=BSS    S=_BSS           G=DGROUP  M=VRAM       ACBP=48
 0A29:43D2 0000 C=BSS    S=_BSS           G=DGROUP  M=CRTINIT    ACBP=48
 0A29:43D2 0000 C=BSS    S=_BSS           G=DGROUP  M=GETCH      ACBP=48
 0A29:43D2 0000 C=BSS    S=_BSS           G=DGROUP  M=KBHIT      ACBP=48
 0A29:43D2 0000 C=BSS    S=_BSS           G=DGROUP  M=SETBLOCK   ACBP=48
 0A29:43D2 0000 C=BSS    S=_BSS           G=DGROUP  M=SETJMP     ACBP=48
 0A29:43D2 0000 C=BSS    S=_BSS           G=DGROUP  M=MEMCPY     ACBP=48
 0A29:43D2 0001 C=BSS    S=_BSS           G=DGROUP  M=PUTC       ACBP=48
 0A29:43D4 0000 C=BSS    S=_BSS           G=DGROUP  M=WRITEA     ACBP=48
 0A29:43D4 0000 C=BSSEND S=_BSSEND        G=DGROUP  M=c0.ASM     ACBP=28
 0E67:0000 0110 C=STACK  S=_STACK         G=(none)  M=c0.ASM     ACBP=74
 0E67:0000 0080 C=STACK  S=_STACK         G=(none)  M=EMUVARS    ACBP=78

  Address         Publics by Name

 0A29:0000 idle  DATASEG@
 0000:0291 idle  DGROUP@
 0754:2152       e086_Entry
 0754:26E0       e086_Shortcut
 09CC:0306       e087_Entry
 09CC:03C6       e087_Shortcut
 09CC:0430       e087_Trap
 0000:FE32 idle  FIARQQ
 0000:0E32 idle  FICRQQ
 0000:5C32  Abs  FIDRQQ
 0000:1632  Abs  FIERQQ
 0000:0632 idle  FISRQQ
 0000:A23D  Abs  FIWRQQ
 0000:4000 idle  FJARQQ
 0000:C000 idle  FJCRQQ
 0000:8000 idle  FJSRQQ
 0000:0B3B idle  F_LDIV@
 0000:0B4A idle  F_LMOD@
 0000:0B42       F_LUDIV@
 0000:0B52 idle  F_LUMOD@
 0000:0BE9       F_LXLSH@
 0000:0AFB       F_LXMUL@
 0000:0C0A       F_LXURSH@
 0000:0C2B idle  F_PADD@
 0000:0C5A idle  F_PSUB@
 0000:0B3B idle  LDIV@
 0000:0B4A idle  LMOD@
 0000:0B42 idle  LUDIV@
 0000:0B52 idle  LUMOD@
 0000:0BE9 idle  LXLSH@
 0000:0AFB idle  LXMUL@
 0000:0C0A idle  LXURSH@
 0000:0B38 idle  N_LDIV@
 0000:0B47 idle  N_LMOD@
 0000:0B3F idle  N_LUDIV@
 0000:0B4F idle  N_LUMOD@
 0000:0BE6       N_LXLSH@
 0000:0C07 idle  N_LXURSH@
 0000:0C28       N_PADD@
 0000:0DAF       N_PCMP@
 0000:0C57 idle  N_PSUB@
 0000:0C2B idle  PADD@
 0000:0C5A idle  PSUB@
 0000:027A       _abort
 0A29:0B6C idle  _AckMbox
 0000:0A3B idle  _atexit
 0000:1536 idle  _cprintf
 0A29:0B01       _directvideo
 0A29:007F       _errno
 0000:0AC0       _exit
 0000:1856 idle  _farfree
 0000:196A idle  _farmalloc
 0000:1ACE idle  _farrealloc
 0000:2263       _fflush
 0000:2330       _flushall
 0000:2372       _fprintf
 0000:25B0 idle  _fputc
 0000:2745 idle  _fputchar
 0000:1856       _free
 0000:2410       _fseek
 0000:2490 idle  _ftell
 0000:1C88       _getch
 0000:1CA4 idle  _getche
 0000:0B12       _getdate
 0000:1CE6       _gettext
 0000:0B25       _gettime
 0000:0CD3       _isatty
 0000:1D92       _kbhit
 0A29:424A       _lab1_output
 0A29:434A       _lab1_time_tick
 0000:2203       _longjmp
 0000:0D86       _lseek
 02CC:0001       _main
 0000:1960       _malloc
 0000:2570       _memcpy
 0000:1DA4       _movetext
 0A29:417A       _OSCPUUsage
 0357:0028       _OSCtxSw
 0A29:4246       _OSCtxSwCtr
 0A29:4242 idle  _OSEventFreeList
 0A29:41A2 idle  _OSEventTbl
 03BA:0937 idle  _OSFlagAccept
 03BA:0A69 idle  _OSFlagCreate
 03BA:0AE1 idle  _OSFlagDel
 0A29:417B idle  _OSFlagFreeList
 03BA:0C23 idle  _OSFlagPend
 03BA:0E7D idle  _OSFlagPost
 03BA:101D idle  _OSFlagQuery
 0A29:417F idle  _OSFlagTbl
 0A29:3D5D idle  _OSIdleCtr
 0A29:4176 idle  _OSIdleCtrMax
 0A29:4172 idle  _OSIdleCtrRun
 03BA:0003       _OSInit
 0365:0000       _OSInitHookBegin
 0365:0001       _OSInitHookEnd
 0357:0063       _OSIntCtxSw
 03BA:003B idle  _OSIntEnter
 03BA:004E       _OSIntExit
 0A29:3D6F idle  _OSIntExitY
 0A29:3D70       _OSIntNesting
 0A29:3D6E idle  _OSLockNesting
 0A29:0604 idle  _OSMapTbl
 03BA:12AD idle  _OSMboxAccept
 03BA:12F8       _OSMboxCreate
 03BA:136D idle  _OSMboxDel
 03BA:148B       _OSMboxPend
 03BA:158D       _OSMboxPost
 03BA:1605 idle  _OSMboxPostOpt
 03BA:16A8 idle  _OSMboxQuery
 03BA:179C idle  _OSMemCreate
 0A29:294E idle  _OSMemFreeList
 03BA:18E7 idle  _OSMemGet
 03BA:1965 idle  _OSMemPut
 03BA:19D5 idle  _OSMemQuery
 0A29:2886 idle  _OSMemTbl
 03BA:1B22 idle  _OSMutexAccept
 03BA:1BAD idle  _OSMutexCreate
 03BA:1C93 idle  _OSMutexDel
 03BA:1DED idle  _OSMutexPend
 03BA:1FD8 idle  _OSMutexPost
 03BA:2160 idle  _OSMutexQuery
 0A29:3D6D       _OSPrioCur
 0A29:3D6C       _OSPrioHighRdy
 03BA:227B idle  _OSQAccept
 03BA:231B idle  _OSQCreate
 03BA:243E idle  _OSQDel
 03BA:25BB idle  _OSQFlush
 0A29:2882 idle  _OSQFreeList
 03BA:2613 idle  _OSQPend
 03BA:2759 idle  _OSQPost
 03BA:2821 idle  _OSQPostFront
 03BA:28E3 idle  _OSQPostOpt
 03BA:2A21 idle  _OSQQuery
 0A29:2792 idle  _OSQTbl
 0A29:3D6B idle  _OSRdyGrp
 0A29:3D63 idle  _OSRdyTbl
 0A29:3D62       _OSRunning
 03BA:00F3 idle  _OSSchedLock
 03BA:0109 idle  _OSSchedUnlock
 03BA:2BAC idle  _OSSemAccept
 03BA:2BDE idle  _OSSemCreate
 03BA:2C52 idle  _OSSemDel
 03BA:2D70 idle  _OSSemPend
 03BA:2E20 idle  _OSSemPost
 03BA:2E7A idle  _OSSemQuery
 03BA:0136       _OSStart
 0357:000A       _OSStartHighRdy
 03BA:0195       _OSStatInit
 0A29:4171 idle  _OSStatRdy
 03BA:2F66 idle  _OSTaskChangePrio
 03BA:3132 idle  _OSTaskCreate
 03BA:31F7       _OSTaskCreateExt
 0365:0002       _OSTaskCreateHook
 0A29:3D61       _OSTaskCtr
 03BA:32F3 idle  _OSTaskDel
 0365:0007       _OSTaskDelHook
 03BA:34D2 idle  _OSTaskDelReq
 0365:000C       _OSTaskIdleHook
 0A29:395D idle  _OSTaskIdleStk
 03BA:3750 idle  _OSTaskQuery
 03BA:353E idle  _OSTaskResume
 0365:000D       _OSTaskStatHook
 0A29:3D71 idle  _OSTaskStatStk
 03BA:35BD idle  _OSTaskStkChk
 0365:000E       _OSTaskStkInit
 0365:00F4       _OSTaskStkInit_FPE_x86
 03BA:36A2 idle  _OSTaskSuspend
 0365:01CF       _OSTaskSwHook
 0A29:3959       _OSTCBCur
 0A29:3955 idle  _OSTCBFreeList
 0A29:3951       _OSTCBHighRdy
 0365:01D0       _OSTCBInitHook
 0A29:394D idle  _OSTCBList
 0A29:384D idle  _OSTCBPrioTbl
 0A29:2952 idle  _OSTCBTbl
 0A29:2770       _OSTickDOSCtr
 0357:0090       _OSTickISR
 0A29:278E idle  _OSTime
 03BA:37BE       _OSTimeDly
 03BA:3805       _OSTimeDlyHMSM
 03BA:38F4 idle  _OSTimeDlyResume
 03BA:396C       _OSTimeGet
 03BA:398B idle  _OSTimeSet
 03BA:01D0       _OSTimeTick
 0365:01D5       _OSTimeTickHook
 0A29:060C idle  _OSUnMapTbl
 03BA:025E       _OSVersion
 03BA:0262 idle  _OS_Dummy
 03BA:0263 idle  _OS_EventTaskRdy
 03BA:032D idle  _OS_EventTaskWait
 03BA:039A idle  _OS_EventTO
 03BA:03EE idle  _OS_EventWaitListInit
 03BA:113F idle  _OS_FlagInit
 03BA:11FE idle  _OS_FlagUnlink
 03BA:1A7E idle  _OS_MemInit
 03BA:2B5C idle  _OS_QInit
 03BA:0634 idle  _OS_Sched
 03BA:0697 idle  _OS_TaskIdle
 03BA:06BC idle  _OS_TaskStat
 03BA:0788 idle  _OS_TCBInit
 0382:0006       _PC_DispChar
 0382:0044 idle  _PC_DispClrCol
 0382:008A idle  _PC_DispClrRow
 0382:00C3       _PC_DispClrScr
 0382:00F4       _PC_DispStr
 0382:0143       _PC_DOSReturn
 0382:0157       _PC_DOSSaveReturn
 0382:01C5       _PC_ElapsedInit
 0382:01D9 idle  _PC_ElapsedStart
 0382:01FF idle  _PC_ElapsedStop
 0382:0250 idle  _PC_GetDateTime
 0382:02A3       _PC_GetKey
 0382:02CA       _PC_SetTickRate
 0A29:2772 idle  _PC_TickISR
 0382:0317 idle  _PC_VectGet
 0382:034E       _PC_VectSet
 0000:0A30       _pow10
 0000:1E41       _putch
 0000:1D3C       _puttext
 0000:1AC7 idle  _realloc
 0000:21B1       _setblock
 0000:21CD       _setjmp
 0000:295C       _setvbuf
 0000:2AB9       _sprintf
 02CC:05EF idle  _Task1
 0A29:1B70 idle  _Task1Stk
 02CC:0687 idle  _Task2
 0A29:1770 idle  _Task2Stk
 02CC:071F idle  _Task3
 0A29:1370 idle  _Task3Stk
 02CC:07A3 idle  _Task4
 0A29:0F70 idle  _Task4Stk
 02CC:07EA idle  _Task5
 0A29:0B70 idle  _Task5Stk
 02CC:084A idle  _TaskClk
 0A29:1F70 idle  _TaskClkStk
 02CC:009F idle  _TaskStart
 0A29:2370 idle  _TaskStartStk
 0A29:0B68 idle  _TxMbox
 0000:1CC8 idle  _ungetch
 0000:2ADB idle  _vsprintf
 0000:2241 idle  _wherex
 0000:2250 idle  _wherey
 0A29:0730       __8087
 0000:1000 idle  __AHINCR
 0000:000C idle  __AHSHIFT
 0A29:0860       __atexitcnt
 0A29:434E       __atexittbl
 0000:1BBE       __brk
 0A29:008B       __brklvl
 0A29:006B idle  __C0argc
 0A29:006D idle  __C0argv
 0000:1618 idle  __c0crtinit
 0A29:0071 idle  __C0environ
 0A29:0B3F       __cChar
 0000:0AE1 idle  __cexit
 0A29:0B3E       __cFlag
 0000:016A       __checknull
 0000:0157       __cleanup
 0000:1404       __CPUTN
 0000:1635 idle  __crtinit
 0000:0000  Abs  __cvtfak
 0000:0AEF idle  __c_exit
 0A29:0744       __default87
 0A29:0A2A idle  __doserrno
 0000:0CC1 idle  __DOSERROR
 0A29:0A2C idle  __dosErrorToSV
 0E67:0000       __emu
 0A29:0075 idle  __envLng
 0A29:0077 idle  __envseg
 0A29:0079 idle  __envSize
 0000:0ACF       __exit
 0A29:0862       __exitbuf
 0A29:0866 idle  __exitfopen
 0A29:086A idle  __exitopen
 0000:08B6       __fperror
 0A29:0A28       __fpstklen
 0000:04E9       __fpuint
 0000:2594 idle  __fputc
 0000:2759       __FPUTN
 0A29:0087       __heapbase
 0A29:008F       __heaptop
 0A29:005B idle  __Int0Vector
 0A29:005F idle  __Int4Vector
 0A29:0063 idle  __Int5Vector
 0A29:0067 idle  __Int6Vector
 0000:0C88       __IOERROR
 0A29:0741       __LDT
 0000:0CE4       __LONGTOA
 0000:0293 idle  __MMODEL
 0A29:09FE       __nfile
 0000:1CA1 idle  __Ngetche
 0000:1CC5 idle  __Nungetch
 0A29:0A00       __openfd
 0A29:007D idle  __osmajor
 0A29:007E idle  __osminor
 0A29:007D idle  __osversion
 0000:0967       __POW10
 0A29:0740       __protected
 0A29:007B       __psp
 0000:1E58       __REALCVT
 0A29:0B46       __RealCvtVector
 0000:01C0       __restorezero
 0000:1BFD       __sbrk
 0A29:0B4A idle  __ScanTodVector
 0000:1F92       __SCREENIO
 0000:2045       __SCROLL
 0000:0DD0       __setupio
 0A29:0081 idle  __StartTime
 0A29:0A86       __stklen
 0A29:086E       __streams
 0000:016B       __terminate
 0000:0000 idle  __turboCrt
 0000:0000  Abs  __turboCvt
 0000:0D66 idle  __UTOA
 0000:1FCE       __VALIDATEXY
 0A29:007D       __version
 0A29:0AF2       __video
 0000:158D       __VideoInt
 0000:0EA2       __VPRINTER
 0000:1365       __VPTR
 0000:138A       __VRAM
 0000:2237       __wherexy
 0000:2C4D       __write
 0A29:0AF0       __wscroll
 0000:06AA       __XCVT
 0000:2C89       __xfflush
 0A29:0085 idle  ___brklvl
 0000:1716 idle  ___first
 0000:0402 idle  ___fpreset
 0000:1718 idle  ___last
 0000:171A idle  ___rover
 0A29:43CE       ___SignalPtr
 0000:2AFC       ___write

  Address         Publics by Value

 0000:0000  Abs  __turboCvt
 0000:0000 idle  __turboCrt
 0000:0000  Abs  __cvtfak
 0000:000C idle  __AHSHIFT
 0000:0157       __cleanup
 0000:016A       __checknull
 0000:016B       __terminate
 0000:01C0       __restorezero
 0000:027A       _abort
 0000:0291 idle  DGROUP@
 0000:0293 idle  __MMODEL
 0000:0402 idle  ___fpreset
 0000:04E9       __fpuint
 0000:0632 idle  FISRQQ
 0000:06AA       __XCVT
 0000:08B6       __fperror
 0000:0967       __POW10
 0000:0A30       _pow10
 0000:0A3B idle  _atexit
 0000:0AC0       _exit
 0000:0ACF       __exit
 0000:0AE1 idle  __cexit
 0000:0AEF idle  __c_exit
 0000:0AFB       F_LXMUL@
 0000:0AFB idle  LXMUL@
 0000:0B12       _getdate
 0000:0B25       _gettime
 0000:0B38 idle  N_LDIV@
 0000:0B3B idle  LDIV@
 0000:0B3B idle  F_LDIV@
 0000:0B3F idle  N_LUDIV@
 0000:0B42       F_LUDIV@
 0000:0B42 idle  LUDIV@
 0000:0B47 idle  N_LMOD@
 0000:0B4A idle  F_LMOD@
 0000:0B4A idle  LMOD@
 0000:0B4F idle  N_LUMOD@
 0000:0B52 idle  LUMOD@
 0000:0B52 idle  F_LUMOD@
 0000:0BE6       N_LXLSH@
 0000:0BE9       F_LXLSH@
 0000:0BE9 idle  LXLSH@
 0000:0C07 idle  N_LXURSH@
 0000:0C0A       F_LXURSH@
 0000:0C0A idle  LXURSH@
 0000:0C28       N_PADD@
 0000:0C2B idle  F_PADD@
 0000:0C2B idle  PADD@
 0000:0C57 idle  N_PSUB@
 0000:0C5A idle  F_PSUB@
 0000:0C5A idle  PSUB@
 0000:0C88       __IOERROR
 0000:0CC1 idle  __DOSERROR
 0000:0CD3       _isatty
 0000:0CE4       __LONGTOA
 0000:0D66 idle  __UTOA
 0000:0D86       _lseek
 0000:0DAF       N_PCMP@
 0000:0DD0       __setupio
 0000:0E32 idle  FICRQQ
 0000:0EA2       __VPRINTER
 0000:1000 idle  __AHINCR
 0000:1365       __VPTR
 0000:138A       __VRAM
 0000:1404       __CPUTN
 0000:1536 idle  _cprintf
 0000:158D       __VideoInt
 0000:1618 idle  __c0crtinit
 0000:1632  Abs  FIERQQ
 0000:1635 idle  __crtinit
 0000:1716 idle  ___first
 0000:1718 idle  ___last
 0000:171A idle  ___rover
 0000:1856       _free
 0000:1856 idle  _farfree
 0000:1960       _malloc
 0000:196A idle  _farmalloc
 0000:1AC7 idle  _realloc
 0000:1ACE idle  _farrealloc
 0000:1BBE       __brk
 0000:1BFD       __sbrk
 0000:1C88       _getch
 0000:1CA1 idle  __Ngetche
 0000:1CA4 idle  _getche
 0000:1CC5 idle  __Nungetch
 0000:1CC8 idle  _ungetch
 0000:1CE6       _gettext
 0000:1D3C       _puttext
 0000:1D92       _kbhit
 0000:1DA4       _movetext
 0000:1E41       _putch
 0000:1E58       __REALCVT
 0000:1F92       __SCREENIO
 0000:1FCE       __VALIDATEXY
 0000:2045       __SCROLL
 0000:21B1       _setblock
 0000:21CD       _setjmp
 0000:2203       _longjmp
 0000:2237       __wherexy
 0000:2241 idle  _wherex
 0000:2250 idle  _wherey
 0000:2263       _fflush
 0000:2330       _flushall
 0000:2372       _fprintf
 0000:2410       _fseek
 0000:2490 idle  _ftell
 0000:2570       _memcpy
 0000:2594 idle  __fputc
 0000:25B0 idle  _fputc
 0000:2745 idle  _fputchar
 0000:2759       __FPUTN
 0000:295C       _setvbuf
 0000:2AB9       _sprintf
 0000:2ADB idle  _vsprintf
 0000:2AFC       ___write
 0000:2C4D       __write
 0000:2C89       __xfflush
 0000:4000 idle  FJARQQ
 0000:5C32  Abs  FIDRQQ
 0000:8000 idle  FJSRQQ
 0000:A23D  Abs  FIWRQQ
 0000:C000 idle  FJCRQQ
 0000:FE32 idle  FIARQQ
 02CC:0001       _main
 02CC:009F idle  _TaskStart
 02CC:05EF idle  _Task1
 02CC:0687 idle  _Task2
 02CC:071F idle  _Task3
 02CC:07A3 idle  _Task4
 02CC:07EA idle  _Task5
 02CC:084A idle  _TaskClk
 0357:000A       _OSStartHighRdy
 0357:0028       _OSCtxSw
 0357:0063       _OSIntCtxSw
 0357:0090       _OSTickISR
 0365:0000       _OSInitHookBegin
 0365:0001       _OSInitHookEnd
 0365:0002       _OSTaskCreateHook
 0365:0007       _OSTaskDelHook
 0365:000C       _OSTaskIdleHook
 0365:000D       _OSTaskStatHook
 0365:000E       _OSTaskStkInit
 0365:00F4       _OSTaskStkInit_FPE_x86
 0365:01CF       _OSTaskSwHook
 0365:01D0       _OSTCBInitHook
 0365:01D5       _OSTimeTickHook
 0382:0006       _PC_DispChar
 0382:0044 idle  _PC_DispClrCol
 0382:008A idle  _PC_DispClrRow
 0382:00C3       _PC_DispClrScr
 0382:00F4       _PC_DispStr
 0382:0143       _PC_DOSReturn
 0382:0157       _PC_DOSSaveReturn
 0382:01C5       _PC_ElapsedInit
 0382:01D9 idle  _PC_ElapsedStart
 0382:01FF idle  _PC_ElapsedStop
 0382:0250 idle  _PC_GetDateTime
 0382:02A3       _PC_GetKey
 0382:02CA       _PC_SetTickRate
 0382:0317 idle  _PC_VectGet
 0382:034E       _PC_VectSet
 03BA:0003       _OSInit
 03BA:003B idle  _OSIntEnter
 03BA:004E       _OSIntExit
 03BA:00F3 idle  _OSSchedLock
 03BA:0109 idle  _OSSchedUnlock
 03BA:0136       _OSStart
 03BA:0195       _OSStatInit
 03BA:01D0       _OSTimeTick
 03BA:025E       _OSVersion
 03BA:0262 idle  _OS_Dummy
 03BA:0263 idle  _OS_EventTaskRdy
 03BA:032D idle  _OS_EventTaskWait
 03BA:039A idle  _OS_EventTO
 03BA:03EE idle  _OS_EventWaitListInit
 03BA:0634 idle  _OS_Sched
 03BA:0697 idle  _OS_TaskIdle
 03BA:06BC idle  _OS_TaskStat
 03BA:0788 idle  _OS_TCBInit
 03BA:0937 idle  _OSFlagAccept
 03BA:0A69 idle  _OSFlagCreate
 03BA:0AE1 idle  _OSFlagDel
 03BA:0C23 idle  _OSFlagPend
 03BA:0E7D idle  _OSFlagPost
 03BA:101D idle  _OSFlagQuery
 03BA:113F idle  _OS_FlagInit
 03BA:11FE idle  _OS_FlagUnlink
 03BA:12AD idle  _OSMboxAccept
 03BA:12F8       _OSMboxCreate
 03BA:136D idle  _OSMboxDel
 03BA:148B       _OSMboxPend
 03BA:158D       _OSMboxPost
 03BA:1605 idle  _OSMboxPostOpt
 03BA:16A8 idle  _OSMboxQuery
 03BA:179C idle  _OSMemCreate
 03BA:18E7 idle  _OSMemGet
 03BA:1965 idle  _OSMemPut
 03BA:19D5 idle  _OSMemQuery
 03BA:1A7E idle  _OS_MemInit
 03BA:1B22 idle  _OSMutexAccept
 03BA:1BAD idle  _OSMutexCreate
 03BA:1C93 idle  _OSMutexDel
 03BA:1DED idle  _OSMutexPend
 03BA:1FD8 idle  _OSMutexPost
 03BA:2160 idle  _OSMutexQuery
 03BA:227B idle  _OSQAccept
 03BA:231B idle  _OSQCreate
 03BA:243E idle  _OSQDel
 03BA:25BB idle  _OSQFlush
 03BA:2613 idle  _OSQPend
 03BA:2759 idle  _OSQPost
 03BA:2821 idle  _OSQPostFront
 03BA:28E3 idle  _OSQPostOpt
 03BA:2A21 idle  _OSQQuery
 03BA:2B5C idle  _OS_QInit
 03BA:2BAC idle  _OSSemAccept
 03BA:2BDE idle  _OSSemCreate
 03BA:2C52 idle  _OSSemDel
 03BA:2D70 idle  _OSSemPend
 03BA:2E20 idle  _OSSemPost
 03BA:2E7A idle  _OSSemQuery
 03BA:2F66 idle  _OSTaskChangePrio
 03BA:3132 idle  _OSTaskCreate
 03BA:31F7       _OSTaskCreateExt
 03BA:32F3 idle  _OSTaskDel
 03BA:34D2 idle  _OSTaskDelReq
 03BA:353E idle  _OSTaskResume
 03BA:35BD idle  _OSTaskStkChk
 03BA:36A2 idle  _OSTaskSuspend
 03BA:3750 idle  _OSTaskQuery
 03BA:37BE       _OSTimeDly
 03BA:3805       _OSTimeDlyHMSM
 03BA:38F4 idle  _OSTimeDlyResume
 03BA:396C       _OSTimeGet
 03BA:398B idle  _OSTimeSet
 0754:2152       e086_Entry
 0754:26E0       e086_Shortcut
 09CC:0306       e087_Entry
 09CC:03C6       e087_Shortcut
 09CC:0430       e087_Trap
 0A29:0000 idle  DATASEG@
 0A29:005B idle  __Int0Vector
 0A29:005F idle  __Int4Vector
 0A29:0063 idle  __Int5Vector
 0A29:0067 idle  __Int6Vector
 0A29:006B idle  __C0argc
 0A29:006D idle  __C0argv
 0A29:0071 idle  __C0environ
 0A29:0075 idle  __envLng
 0A29:0077 idle  __envseg
 0A29:0079 idle  __envSize
 0A29:007B       __psp
 0A29:007D idle  __osversion
 0A29:007D idle  __osmajor
 0A29:007D       __version
 0A29:007E idle  __osminor
 0A29:007F       _errno
 0A29:0081 idle  __StartTime
 0A29:0085 idle  ___brklvl
 0A29:0087       __heapbase
 0A29:008B       __brklvl
 0A29:008F       __heaptop
 0A29:0604 idle  _OSMapTbl
 0A29:060C idle  _OSUnMapTbl
 0A29:0730       __8087
 0A29:0740       __protected
 0A29:0741       __LDT
 0A29:0744       __default87
 0A29:0860       __atexitcnt
 0A29:0862       __exitbuf
 0A29:0866 idle  __exitfopen
 0A29:086A idle  __exitopen
 0A29:086E       __streams
 0A29:09FE       __nfile
 0A29:0A00       __openfd
 0A29:0A28       __fpstklen
 0A29:0A2A idle  __doserrno
 0A29:0A2C idle  __dosErrorToSV
 0A29:0A86       __stklen
 0A29:0AF0       __wscroll
 0A29:0AF2       __video
 0A29:0B01       _directvideo
 0A29:0B3E       __cFlag
 0A29:0B3F       __cChar
 0A29:0B46       __RealCvtVector
 0A29:0B4A idle  __ScanTodVector
 0A29:0B68 idle  _TxMbox
 0A29:0B6C idle  _AckMbox
 0A29:0B70 idle  _Task5Stk
 0A29:0F70 idle  _Task4Stk
 0A29:1370 idle  _Task3Stk
 0A29:1770 idle  _Task2Stk
 0A29:1B70 idle  _Task1Stk
 0A29:1F70 idle  _TaskClkStk
 0A29:2370 idle  _TaskStartStk
 0A29:2770       _OSTickDOSCtr
 0A29:2772 idle  _PC_TickISR
 0A29:278E idle  _OSTime
 0A29:2792 idle  _OSQTbl
 0A29:2882 idle  _OSQFreeList
 0A29:2886 idle  _OSMemTbl
 0A29:294E idle  _OSMemFreeList
 0A29:2952 idle  _OSTCBTbl
 0A29:384D idle  _OSTCBPrioTbl
 0A29:394D idle  _OSTCBList
 0A29:3951       _OSTCBHighRdy
 0A29:3955 idle  _OSTCBFreeList
 0A29:3959       _OSTCBCur
 0A29:395D idle  _OSTaskIdleStk
 0A29:3D5D idle  _OSIdleCtr
 0A29:3D61       _OSTaskCtr
 0A29:3D62       _OSRunning
 0A29:3D63 idle  _OSRdyTbl
 0A29:3D6B idle  _OSRdyGrp
 0A29:3D6C       _OSPrioHighRdy
 0A29:3D6D       _OSPrioCur
 0A29:3D6E idle  _OSLockNesting
 0A29:3D6F idle  _OSIntExitY
 0A29:3D70       _OSIntNesting
 0A29:3D71 idle  _OSTaskStatStk
 0A29:4171 idle  _OSStatRdy
 0A29:4172 idle  _OSIdleCtrRun
 0A29:4176 idle  _OSIdleCtrMax
 0A29:417A       _OSCPUUsage
 0A29:417B idle  _OSFlagFreeList
 0A29:417F idle  _OSFlagTbl
 0A29:41A2 idle  _OSEventTbl
 0A29:4242 idle  _OSEventFreeList
 0A29:4246       _OSCtxSwCtr
 0A29:424A       _lab1_output
 0A29:434A       _lab1_time_tick
 0A29:434E       __atexittbl
 0A29:43CE       ___SignalPtr
 0E67:0000       __emu

Program entry point at 0000:0000

