
 Start  Stop   Length Name               Class

 00000H 02519H 0251AH _TEXT              CODE
 0251AH 029FFH 004E6H TEST_TEXT          CODE
 02A00H 02AD5H 000D6H OS_CPU_A_TEXT      CODE
 02AD6H 02CABH 001D6H OS_CPU_C_TEXT      CODE
 02CACH 03028H 0037DH PC_TEXT            CODE
 03029H 06ABFH 03A97H UCOS_II_TEXT       CODE
 06AC0H 06AC0H 00000H _FARDATA           FAR_DATA
 06AC0H 06AC0H 00000H _FARBSS            FAR_BSS
 06AC0H 06AC0H 00000H _OVERLAY_          OVRINFO
 06AC0H 06AC0H 00000H _1STUB_            STUBSEG
 06AC0H 06FD3H 00514H _DATA              DATA
 06FD4H 06FD5H 00002H _CVTSEG            DATA
 06FD6H 06FDBH 00006H _SCNSEG            DATA
 06FDCH 06FDCH 00000H _CONST             CONST
 06FDCH 06FE7H 0000CH _INIT_             INITDATA
 06FE8H 06FE8H 00000H _INITEND_          INITDATA
 06FE8H 06FE8H 00000H _EXIT_             EXITDATA
 06FE8H 06FE8H 00000H _EXITEND_          EXITDATA
 06FE8H 0A0D9H 030F2H _BSS               BSS
 0A0DAH 0A0DAH 00000H _BSSEND            BSSEND
 0A0E0H 0A15FH 00080H _STACK             STACK


Detailed map of segments

 0000:0000 0295 C=CODE   S=_TEXT          G=(none)  M=c0.ASM     ACBP=28
 0000:0295 002D C=CODE   S=_TEXT          G=(none)  M=ATEXIT     ACBP=28
 0000:02C2 0093 C=CODE   S=_TEXT          G=(none)  M=EXIT       ACBP=28
 0000:0355 0000 C=CODE   S=_TEXT          G=(none)  M=FILES      ACBP=28
 0000:0355 0000 C=CODE   S=_TEXT          G=(none)  M=FILES2     ACBP=28
 0000:0355 0017 C=CODE   S=_TEXT          G=(none)  M=F_LXMUL    ACBP=28
 0000:036C 0026 C=CODE   S=_TEXT          G=(none)  M=GETDATE    ACBP=28
 0000:0392 00AE C=CODE   S=_TEXT          G=(none)  M=H_LDIV     ACBP=28
 0000:0440 0021 C=CODE   S=_TEXT          G=(none)  M=H_LLSH     ACBP=28
 0000:0461 0021 C=CODE   S=_TEXT          G=(none)  M=H_LURSH    ACBP=28
 0000:0482 0060 C=CODE   S=_TEXT          G=(none)  M=H_PADD     ACBP=28
 0000:04E2 004B C=CODE   S=_TEXT          G=(none)  M=IOERROR    ACBP=28
 0000:052D 0011 C=CODE   S=_TEXT          G=(none)  M=ISATTY     ACBP=28
 0000:053E 00A2 C=CODE   S=_TEXT          G=(none)  M=LONGTOA    ACBP=28
 0000:05E0 0029 C=CODE   S=_TEXT          G=(none)  M=LSEEK      ACBP=28
 0000:0609 0021 C=CODE   S=_TEXT          G=(none)  M=N_PCMP     ACBP=28
 0000:062A 00BA C=CODE   S=_TEXT          G=(none)  M=SETUPIO    ACBP=28
 0000:06E4 0000 C=CODE   S=_TEXT          G=(none)  M=STKLEN     ACBP=28
 0000:06E4 04DB C=CODE   S=_TEXT          G=(none)  M=VPRINTER   ACBP=28
 0000:0BBF 009F C=CODE   S=_TEXT          G=(none)  M=VRAM       ACBP=28
 0000:0C5E 0000 C=CODE   S=_TEXT          G=(none)  M=WSCROLL    ACBP=28
 0000:0C5E 014E C=CODE   S=_TEXT          G=(none)  M=CPRINTF    ACBP=28
 0000:0DAC 01A5 C=CODE   S=_TEXT          G=(none)  M=CRTINIT    ACBP=28
 0000:0F51 001F C=CODE   S=_TEXT          G=(none)  M=CVTFAK     ACBP=28
 0000:0F70 0432 C=CODE   S=_TEXT          G=(none)  M=FARHEAP    ACBP=28
 0000:13A2 0140 C=CODE   S=_TEXT          G=(none)  M=FBRK       ACBP=28
 0000:14E2 005E C=CODE   S=_TEXT          G=(none)  M=GETCH      ACBP=28
 0000:1540 00AC C=CODE   S=_TEXT          G=(none)  M=GPTEXT     ACBP=28
 0000:15EC 0012 C=CODE   S=_TEXT          G=(none)  M=KBHIT      ACBP=28
 0000:15FE 009D C=CODE   S=_TEXT          G=(none)  M=MOVETEXT   ACBP=28
 0000:169B 0017 C=CODE   S=_TEXT          G=(none)  M=PUTCH      ACBP=28
 0000:16B2 0004 C=CODE   S=_TEXT          G=(none)  M=REALCVT    ACBP=28
 0000:16B6 01C7 C=CODE   S=_TEXT          G=(none)  M=SCREEN     ACBP=28
 0000:187D 018E C=CODE   S=_TEXT          G=(none)  M=SCROLL     ACBP=28
 0000:1A0B 001C C=CODE   S=_TEXT          G=(none)  M=SETBLOCK   ACBP=28
 0000:1A27 006A C=CODE   S=_TEXT          G=(none)  M=SETJMP     ACBP=28
 0000:1A91 002C C=CODE   S=_TEXT          G=(none)  M=WHEREXY    ACBP=28
 0000:1ABD 00CD C=CODE   S=_TEXT          G=(none)  M=FFLUSH     ACBP=28
 0000:1B8A 0042 C=CODE   S=_TEXT          G=(none)  M=FLUSHALL   ACBP=28
 0000:1BCC 01E2 C=CODE   S=_TEXT          G=(none)  M=FSEEK      ACBP=28
 0000:1DAE 0024 C=CODE   S=_TEXT          G=(none)  M=MEMCPY     ACBP=28
 0000:1DD2 001B C=CODE   S=_TEXT          G=(none)  M=PRINTF     ACBP=28
 0000:1DED 03C8 C=CODE   S=_TEXT          G=(none)  M=PUTC       ACBP=28
 0000:21B5 011D C=CODE   S=_TEXT          G=(none)  M=SETVBUF    ACBP=28
 0000:22D2 0083 C=CODE   S=_TEXT          G=(none)  M=SPRINTF    ACBP=28
 0000:2355 0151 C=CODE   S=_TEXT          G=(none)  M=WRITE      ACBP=28
 0000:24A6 003C C=CODE   S=_TEXT          G=(none)  M=WRITEA     ACBP=28
 0000:24E2 0038 C=CODE   S=_TEXT          G=(none)  M=XFFLUSH    ACBP=28
 0251:000A 04E6 C=CODE   S=TEST_TEXT      G=(none)  M=test.c     ACBP=28
 02A0:0000 00D6 C=CODE   S=OS_CPU_A_TEXT  G=(none)  M=\SOFTWARE\uCOS-II\Ix86L\BC45\OS_CPU_A.ASM ACBP=48
 02AD:0006 01D6 C=CODE   S=OS_CPU_C_TEXT  G=(none)  M=os_cpu_c.c ACBP=28
 02CA:000C 037D C=CODE   S=PC_TEXT        G=(none)  M=pc.c       ACBP=28
 0302:0009 3A97 C=CODE   S=UCOS_II_TEXT   G=(none)  M=ucos_ii.c  ACBP=28
 06AC:0000 0000 C=FAR_DATA S=_FARDATA       G=(none)  M=c0.ASM     ACBP=68
 06AC:0000 0000 C=FAR_BSS S=_FARBSS        G=(none)  M=c0.ASM     ACBP=68
 06AC:0000 0000 C=OVRINFO S=_OVERLAY_      G=(none)  M=c0.ASM     ACBP=68
 06AC:0000 0000 C=STUBSEG S=_1STUB_        G=(none)  M=c0.ASM     ACBP=68
 06AC:0000 0093 C=DATA   S=_DATA          G=DGROUP  M=c0.ASM     ACBP=68
 06AC:0094 0074 C=DATA   S=_DATA          G=DGROUP  M=test.c     ACBP=48
 06AC:0108 0000 C=DATA   S=_DATA          G=DGROUP  M=\SOFTWARE\uCOS-II\Ix86L\BC45\OS_CPU_A.ASM ACBP=48
 06AC:0108 0000 C=DATA   S=_DATA          G=DGROUP  M=os_cpu_c.c ACBP=48
 06AC:0108 001F C=DATA   S=_DATA          G=DGROUP  M=pc.c       ACBP=48
 06AC:0128 0108 C=DATA   S=_DATA          G=DGROUP  M=ucos_ii.c  ACBP=48
 06AC:0230 0002 C=DATA   S=_DATA          G=DGROUP  M=ATEXIT     ACBP=48
 06AC:0232 000C C=DATA   S=_DATA          G=DGROUP  M=EXIT       ACBP=48
 06AC:023E 0190 C=DATA   S=_DATA          G=DGROUP  M=FILES      ACBP=48
 06AC:03CE 002A C=DATA   S=_DATA          G=DGROUP  M=FILES2     ACBP=48
 06AC:03F8 0000 C=DATA   S=_DATA          G=DGROUP  M=F_LXMUL    ACBP=48
 06AC:03F8 0000 C=DATA   S=_DATA          G=DGROUP  M=GETDATE    ACBP=48
 06AC:03F8 0000 C=DATA   S=_DATA          G=DGROUP  M=H_LDIV     ACBP=48
 06AC:03F8 0000 C=DATA   S=_DATA          G=DGROUP  M=H_LLSH     ACBP=48
 06AC:03F8 0000 C=DATA   S=_DATA          G=DGROUP  M=H_LURSH    ACBP=48
 06AC:03F8 0000 C=DATA   S=_DATA          G=DGROUP  M=H_PADD     ACBP=48
 06AC:03F8 005B C=DATA   S=_DATA          G=DGROUP  M=IOERROR    ACBP=48
 06AC:0454 0000 C=DATA   S=_DATA          G=DGROUP  M=ISATTY     ACBP=48
 06AC:0454 0000 C=DATA   S=_DATA          G=DGROUP  M=LONGTOA    ACBP=48
 06AC:0454 0000 C=DATA   S=_DATA          G=DGROUP  M=LSEEK      ACBP=48
 06AC:0454 0000 C=DATA   S=_DATA          G=DGROUP  M=N_PCMP     ACBP=48
 06AC:0454 0000 C=DATA   S=_DATA          G=DGROUP  M=SETUPIO    ACBP=48
 06AC:0454 0002 C=DATA   S=_DATA          G=DGROUP  M=STKLEN     ACBP=48
 06AC:0456 0067 C=DATA   S=_DATA          G=DGROUP  M=VPRINTER   ACBP=48
 06AC:04BE 0000 C=DATA   S=_DATA          G=DGROUP  M=VRAM       ACBP=48
 06AC:04BE 0002 C=DATA   S=_DATA          G=DGROUP  M=WSCROLL    ACBP=48
 06AC:04C0 0000 C=DATA   S=_DATA          G=DGROUP  M=CPRINTF    ACBP=48
 06AC:04C0 0018 C=DATA   S=_DATA          G=DGROUP  M=CRTINIT    ACBP=48
 06AC:04D8 0031 C=DATA   S=_DATA          G=DGROUP  M=CVTFAK     ACBP=48
 06AC:050A 0000 C=DATA   S=_DATA          G=DGROUP  M=FARHEAP    ACBP=48
 06AC:050A 0002 C=DATA   S=_DATA          G=DGROUP  M=FBRK       ACBP=48
 06AC:050C 0000 C=DATA   S=_DATA          G=DGROUP  M=GETCH      ACBP=48
 06AC:050C 0000 C=DATA   S=_DATA          G=DGROUP  M=GPTEXT     ACBP=48
 06AC:050C 0002 C=DATA   S=_DATA          G=DGROUP  M=KBHIT      ACBP=48
 06AC:050E 0000 C=DATA   S=_DATA          G=DGROUP  M=MOVETEXT   ACBP=48
 06AC:050E 0000 C=DATA   S=_DATA          G=DGROUP  M=PUTCH      ACBP=48
 06AC:050E 0000 C=DATA   S=_DATA          G=DGROUP  M=REALCVT    ACBP=48
 06AC:050E 0000 C=DATA   S=_DATA          G=DGROUP  M=SCREEN     ACBP=48
 06AC:050E 0000 C=DATA   S=_DATA          G=DGROUP  M=SCROLL     ACBP=48
 06AC:050E 0000 C=DATA   S=_DATA          G=DGROUP  M=SETBLOCK   ACBP=48
 06AC:050E 0000 C=DATA   S=_DATA          G=DGROUP  M=SETJMP     ACBP=48
 06AC:050E 0000 C=DATA   S=_DATA          G=DGROUP  M=WHEREXY    ACBP=48
 06AC:050E 0000 C=DATA   S=_DATA          G=DGROUP  M=FFLUSH     ACBP=48
 06AC:050E 0000 C=DATA   S=_DATA          G=DGROUP  M=FLUSHALL   ACBP=48
 06AC:050E 0000 C=DATA   S=_DATA          G=DGROUP  M=FSEEK      ACBP=48
 06AC:050E 0000 C=DATA   S=_DATA          G=DGROUP  M=MEMCPY     ACBP=48
 06AC:050E 0000 C=DATA   S=_DATA          G=DGROUP  M=PRINTF     ACBP=48
 06AC:050E 0001 C=DATA   S=_DATA          G=DGROUP  M=PUTC       ACBP=48
 06AC:0510 0004 C=DATA   S=_DATA          G=DGROUP  M=SETVBUF    ACBP=48
 06AC:0514 0000 C=DATA   S=_DATA          G=DGROUP  M=SPRINTF    ACBP=48
 06AC:0514 0000 C=DATA   S=_DATA          G=DGROUP  M=WRITE      ACBP=48
 06AC:0514 0000 C=DATA   S=_DATA          G=DGROUP  M=WRITEA     ACBP=48
 06AC:0514 0000 C=DATA   S=_DATA          G=DGROUP  M=XFFLUSH    ACBP=48
 06AC:0514 0000 C=DATA   S=_CVTSEG        G=DGROUP  M=c0.ASM     ACBP=48
 06AC:0514 0002 C=DATA   S=_CVTSEG        G=DGROUP  M=CVTFAK     ACBP=48
 06AC:0516 0000 C=DATA   S=_CVTSEG        G=DGROUP  M=REALCVT    ACBP=48
 06AC:0516 0000 C=DATA   S=_SCNSEG        G=DGROUP  M=c0.ASM     ACBP=48
 06AC:0516 0006 C=DATA   S=_SCNSEG        G=DGROUP  M=CVTFAK     ACBP=48
 06AC:051C 0000 C=CONST  S=_CONST         G=DGROUP  M=c0.ASM     ACBP=48
 06AC:051C 0000 C=INITDATA S=_INIT_         G=DGROUP  M=c0.ASM     ACBP=48
 06AC:051C 0006 C=INITDATA S=_INIT_         G=DGROUP  M=SETUPIO    ACBP=48
 06AC:0522 0006 C=INITDATA S=_INIT_         G=DGROUP  M=CRTINIT    ACBP=48
 06AC:0528 0000 C=INITDATA S=_INITEND_      G=DGROUP  M=c0.ASM     ACBP=28
 06AC:0528 0000 C=EXITDATA S=_EXIT_         G=DGROUP  M=c0.ASM     ACBP=48
 06AC:0528 0000 C=EXITDATA S=_EXITEND_      G=DGROUP  M=c0.ASM     ACBP=28
 06AC:0528 0000 C=BSS    S=_BSS           G=DGROUP  M=c0.ASM     ACBP=48
 06AC:0528 1400 C=BSS    S=_BSS           G=DGROUP  M=test.c     ACBP=48
 06AC:1928 0001 C=BSS    S=_BSS           G=DGROUP  M=os_cpu_c.c ACBP=48
 06AC:192A 001B C=BSS    S=_BSS           G=DGROUP  M=pc.c       ACBP=48
 06AC:1946 1C51 C=BSS    S=_BSS           G=DGROUP  M=ucos_ii.c  ACBP=48
 06AC:3598 0080 C=BSS    S=_BSS           G=DGROUP  M=ATEXIT     ACBP=48
 06AC:3618 0000 C=BSS    S=_BSS           G=DGROUP  M=IOERROR    ACBP=48
 06AC:3618 0000 C=BSS    S=_BSS           G=DGROUP  M=ISATTY     ACBP=48
 06AC:3618 0000 C=BSS    S=_BSS           G=DGROUP  M=LONGTOA    ACBP=48
 06AC:3618 0000 C=BSS    S=_BSS           G=DGROUP  M=LSEEK      ACBP=48
 06AC:3618 0000 C=BSS    S=_BSS           G=DGROUP  M=SETUPIO    ACBP=48
 06AC:3618 0000 C=BSS    S=_BSS           G=DGROUP  M=VPRINTER   ACBP=48
 06AC:3618 0000 C=BSS    S=_BSS           G=DGROUP  M=VRAM       ACBP=48
 06AC:3618 0000 C=BSS    S=_BSS           G=DGROUP  M=CRTINIT    ACBP=48
 06AC:3618 0000 C=BSS    S=_BSS           G=DGROUP  M=GETCH      ACBP=48
 06AC:3618 0000 C=BSS    S=_BSS           G=DGROUP  M=KBHIT      ACBP=48
 06AC:3618 0000 C=BSS    S=_BSS           G=DGROUP  M=SETBLOCK   ACBP=48
 06AC:3618 0000 C=BSS    S=_BSS           G=DGROUP  M=SETJMP     ACBP=48
 06AC:3618 0000 C=BSS    S=_BSS           G=DGROUP  M=MEMCPY     ACBP=48
 06AC:3618 0001 C=BSS    S=_BSS           G=DGROUP  M=PUTC       ACBP=48
 06AC:361A 0000 C=BSS    S=_BSS           G=DGROUP  M=WRITEA     ACBP=48
 06AC:361A 0000 C=BSSEND S=_BSSEND        G=DGROUP  M=c0.ASM     ACBP=28
 0A0E:0000 0080 C=STACK  S=_STACK         G=(none)  M=c0.ASM     ACBP=74

  Address         Publics by Name

 06AC:0000 idle  DATASEG@
 0000:0291 idle  DGROUP@
 0000:0395 idle  F_LDIV@
 0000:03A4 idle  F_LMOD@
 0000:039C       F_LUDIV@
 0000:03AC       F_LUMOD@
 0000:0443       F_LXLSH@
 0000:0355       F_LXMUL@
 0000:0464       F_LXURSH@
 0000:0485 idle  F_PADD@
 0000:04B4 idle  F_PSUB@
 0000:0395 idle  LDIV@
 0000:03A4 idle  LMOD@
 0000:039C idle  LUDIV@
 0000:03AC idle  LUMOD@
 0000:0443 idle  LXLSH@
 0000:0355 idle  LXMUL@
 0000:0464 idle  LXURSH@
 0000:0392 idle  N_LDIV@
 0000:03A1 idle  N_LMOD@
 0000:0399 idle  N_LUDIV@
 0000:03A9 idle  N_LUMOD@
 0000:0440       N_LXLSH@
 0000:0461 idle  N_LXURSH@
 0000:0482       N_PADD@
 0000:0609       N_PCMP@
 0000:04B1 idle  N_PSUB@
 0000:0485 idle  PADD@
 0000:04B4 idle  PSUB@
 0000:027A       _abort
 0000:0295 idle  _atexit
 0000:0D90 idle  _cprintf
 06AC:04CF       _directvideo
 06AC:007F       _errno
 0000:031A       _exit
 0000:10B0 idle  _farfree
 0000:11C4 idle  _farmalloc
 0000:1328 idle  _farrealloc
 0000:1ABD       _fflush
 0000:1B8A       _flushall
 0000:1E09 idle  _fputc
 0000:1F9E idle  _fputchar
 0000:10B0       _free
 0000:1C4E       _fseek
 0000:1CCE idle  _ftell
 0000:14E2       _getch
 0000:14FE idle  _getche
 0000:036C       _getdate
 0000:1540       _gettext
 0000:037F       _gettime
 0000:052D       _isatty
 0000:15EC       _kbhit
 06AC:3407       _lab1_output
 06AC:3403       _lab1_pos
 0000:1A5D       _longjmp
 0000:05E0       _lseek
 0251:000A       _main
 0000:11BA       _malloc
 0000:1DAE       _memcpy
 0000:15FE       _movetext
 06AC:3332 idle  _OSCPUUsage
 02A0:001E       _OSCtxSw
 06AC:33FE idle  _OSCtxSwCtr
 06AC:33FA idle  _OSEventFreeList
 06AC:335A idle  _OSEventTbl
 0302:0A37 idle  _OSFlagAccept
 0302:0B69 idle  _OSFlagCreate
 0302:0BE1 idle  _OSFlagDel
 06AC:3333 idle  _OSFlagFreeList
 0302:0D23 idle  _OSFlagPend
 0302:0F7D idle  _OSFlagPost
 0302:111D idle  _OSFlagQuery
 06AC:3337 idle  _OSFlagTbl
 06AC:2F15 idle  _OSIdleCtr
 06AC:332E idle  _OSIdleCtrMax
 06AC:332A idle  _OSIdleCtrRun
 0302:0009       _OSInit
 02AD:0006       _OSInitHookBegin
 02AD:0007       _OSInitHookEnd
 02A0:0059       _OSIntCtxSw
 0302:0041 idle  _OSIntEnter
 0302:05A4       _OSIntExit
 06AC:2F27 idle  _OSIntExitY
 06AC:2F28       _OSIntNesting
 06AC:2F26 idle  _OSLockNesting
 06AC:0128 idle  _OSMapTbl
 0302:13AD idle  _OSMboxAccept
 0302:13F8 idle  _OSMboxCreate
 0302:146D idle  _OSMboxDel
 0302:158B idle  _OSMboxPend
 0302:168D idle  _OSMboxPost
 0302:1705 idle  _OSMboxPostOpt
 0302:17A8 idle  _OSMboxQuery
 0302:189C idle  _OSMemCreate
 06AC:1B06 idle  _OSMemFreeList
 0302:19E7 idle  _OSMemGet
 0302:1A65 idle  _OSMemPut
 0302:1AD5 idle  _OSMemQuery
 06AC:1A3E idle  _OSMemTbl
 0302:1C22 idle  _OSMutexAccept
 0302:1CAD idle  _OSMutexCreate
 0302:1D93 idle  _OSMutexDel
 0302:1EED idle  _OSMutexPend
 0302:20D8 idle  _OSMutexPost
 0302:2260 idle  _OSMutexQuery
 06AC:2F25       _OSPrioCur
 06AC:2F24       _OSPrioHighRdy
 0302:237B idle  _OSQAccept
 0302:241B idle  _OSQCreate
 0302:253E idle  _OSQDel
 0302:26BB idle  _OSQFlush
 06AC:1A3A idle  _OSQFreeList
 0302:2713 idle  _OSQPend
 0302:2859 idle  _OSQPost
 0302:2921 idle  _OSQPostFront
 0302:29E3 idle  _OSQPostOpt
 0302:2B21 idle  _OSQQuery
 06AC:194A idle  _OSQTbl
 06AC:2F23 idle  _OSRdyGrp
 06AC:2F1B idle  _OSRdyTbl
 06AC:2F1A       _OSRunning
 0302:0054 idle  _OSSchedLock
 0302:006A idle  _OSSchedUnlock
 0302:2CAC idle  _OSSemAccept
 0302:2CDE idle  _OSSemCreate
 0302:2D52 idle  _OSSemDel
 0302:2E70 idle  _OSSemPend
 0302:2F20 idle  _OSSemPost
 0302:2F7A idle  _OSSemQuery
 0302:0097       _OSStart
 02A0:0000       _OSStartHighRdy
 0302:00F6       _OSStatInit
 06AC:3329 idle  _OSStatRdy
 0302:3066 idle  _OSTaskChangePrio
 0302:3232 idle  _OSTaskCreate
 0302:32F7       _OSTaskCreateExt
 02AD:0008       _OSTaskCreateHook
 06AC:2F19 idle  _OSTaskCtr
 0302:33F3       _OSTaskDel
 02AD:000D       _OSTaskDelHook
 0302:35D2 idle  _OSTaskDelReq
 02AD:0012       _OSTaskIdleHook
 06AC:2B15 idle  _OSTaskIdleStk
 0302:3850 idle  _OSTaskQuery
 0302:363E idle  _OSTaskResume
 02AD:0013       _OSTaskStatHook
 06AC:2F29 idle  _OSTaskStatStk
 0302:36BD idle  _OSTaskStkChk
 02AD:0014       _OSTaskStkInit
 02AD:00FA       _OSTaskStkInit_FPE_x86
 0302:37A2 idle  _OSTaskSuspend
 02AD:01D5       _OSTaskSwHook
 06AC:2B11       _OSTCBCur
 06AC:2B0D idle  _OSTCBFreeList
 06AC:2B09       _OSTCBHighRdy
 02AD:01D6       _OSTCBInitHook
 06AC:2B05 idle  _OSTCBList
 06AC:2A05 idle  _OSTCBPrioTbl
 06AC:1B0A idle  _OSTCBTbl
 06AC:1928       _OSTickDOSCtr
 02A0:0086       _OSTickISR
 06AC:1946       _OSTime
 0302:38BE       _OSTimeDly
 0302:3905 idle  _OSTimeDlyHMSM
 0302:39F4 idle  _OSTimeDlyResume
 0302:3A6C       _OSTimeGet
 0302:3A8B       _OSTimeSet
 0302:0131       _OSTimeTick
 02AD:01DB       _OSTimeTickHook
 06AC:0130 idle  _OSUnMapTbl
 0302:01CD idle  _OSVersion
 0302:01D1 idle  _OS_Dummy
 0302:01D2 idle  _OS_EventTaskRdy
 0302:029C idle  _OS_EventTaskWait
 0302:0309 idle  _OS_EventTO
 0302:035D idle  _OS_EventWaitListInit
 0302:123F idle  _OS_FlagInit
 0302:12FE idle  _OS_FlagUnlink
 0302:1B7E idle  _OS_MemInit
 0302:2C5C idle  _OS_QInit
 0302:06A1 idle  _OS_Sched
 0302:078C idle  _OS_TaskIdle
 0302:07B1 idle  _OS_TaskStat
 0302:0888 idle  _OS_TCBInit
 02CA:000C idle  _PC_DispChar
 02CA:004A idle  _PC_DispClrCol
 02CA:0090 idle  _PC_DispClrRow
 02CA:00C9       _PC_DispClrScr
 02CA:00FA idle  _PC_DispStr
 02CA:0149       _PC_DOSReturn
 02CA:015D       _PC_DOSSaveReturn
 02CA:01CB       _PC_ElapsedInit
 02CA:01DF idle  _PC_ElapsedStart
 02CA:0205 idle  _PC_ElapsedStop
 02CA:0256 idle  _PC_GetDateTime
 02CA:02A9       _PC_GetKey
 02CA:02D0       _PC_SetTickRate
 06AC:192A idle  _PC_TickISR
 02CA:031D idle  _PC_VectGet
 02CA:0354       _PC_VectSet
 06AC:3402       _prev_print_prio
 0000:1DD2       _printf
 0251:00A8 idle  _print_buffer
 0000:169B       _putch
 0000:1596       _puttext
 0000:1321 idle  _realloc
 0000:1A0B       _setblock
 0000:1A27       _setjmp
 0000:21B5       _setvbuf
 0000:2312       _sprintf
 0251:026A idle  _Task1
 06AC:0D28 idle  _Task1Stk
 0251:030A idle  _Task2
 06AC:0928 idle  _Task2Stk
 0251:03AA idle  _Task3
 06AC:0528 idle  _Task3Stk
 06AC:1128 idle  _TaskClkStk
 0251:044A idle  _TaskPrint
 0251:0127 idle  _TaskStart
 06AC:1528 idle  _TaskStartStk
 06AC:009D idle  _TASK_CNT
 06AC:0094 idle  _TASK_INFO
 06AC:009A idle  _TASK_PRIO
 0000:1522 idle  _ungetch
 0000:2334 idle  _vsprintf
 0000:1A9B idle  _wherex
 0000:1AAA idle  _wherey
 0000:1000 idle  __AHINCR
 0000:000C idle  __AHSHIFT
 06AC:0230       __atexitcnt
 06AC:3598       __atexittbl
 0000:1418       __brk
 06AC:008B       __brklvl
 06AC:006B idle  __C0argc
 06AC:006D idle  __C0argv
 0000:0E72 idle  __c0crtinit
 06AC:0071 idle  __C0environ
 06AC:050D       __cChar
 0000:033B idle  __cexit
 06AC:050C       __cFlag
 0000:016A       __checknull
 0000:0157       __cleanup
 0000:0C5E       __CPUTN
 0000:0E8F idle  __crtinit
 0000:0000  Abs  __cvtfak
 0000:0349 idle  __c_exit
 06AC:03F8 idle  __doserrno
 0000:051B idle  __DOSERROR
 06AC:03FA idle  __dosErrorToSV
 06AC:0075 idle  __envLng
 06AC:0077 idle  __envseg
 06AC:0079 idle  __envSize
 0000:0329       __exit
 06AC:0232       __exitbuf
 06AC:0236 idle  __exitfopen
 06AC:023A idle  __exitopen
 0000:1DED idle  __fputc
 0000:1FB2       __FPUTN
 06AC:0087       __heapbase
 06AC:008F       __heaptop
 06AC:005B idle  __Int0Vector
 06AC:005F idle  __Int4Vector
 06AC:0063 idle  __Int5Vector
 06AC:0067 idle  __Int6Vector
 0000:04E2       __IOERROR
 0000:053E       __LONGTOA
 0000:0293 idle  __MMODEL
 06AC:03CE       __nfile
 0000:14FB idle  __Ngetche
 0000:151F idle  __Nungetch
 06AC:03D0       __openfd
 06AC:007D idle  __osmajor
 06AC:007E idle  __osminor
 06AC:007D idle  __osversion
 06AC:007B       __psp
 0000:16B2       __REALCVT
 06AC:0514       __RealCvtVector
 0000:01C0       __restorezero
 0000:1457       __sbrk
 06AC:0516 idle  __ScanTodVector
 0000:17EC       __SCREENIO
 0000:189F       __SCROLL
 0000:062A       __setupio
 06AC:0081 idle  __StartTime
 06AC:0454       __stklen
 06AC:023E       __streams
 0000:016B       __terminate
 0000:0000 idle  __turboCrt
 0000:05C0 idle  __UTOA
 0000:1828       __VALIDATEXY
 06AC:007D idle  __version
 06AC:04C0       __video
 0000:0DE7       __VideoInt
 0000:06FC       __VPRINTER
 0000:0BBF       __VPTR
 0000:0BE4       __VRAM
 0000:1A91       __wherexy
 0000:24A6       __write
 06AC:04BE       __wscroll
 0000:24E2       __xfflush
 06AC:0085 idle  ___brklvl
 0000:0F70 idle  ___first
 0000:0F72 idle  ___last
 0000:0F74 idle  ___rover
 0000:2355       ___write

  Address         Publics by Value

 0000:0000 idle  __turboCrt
 0000:0000  Abs  __cvtfak
 0000:000C idle  __AHSHIFT
 0000:0157       __cleanup
 0000:016A       __checknull
 0000:016B       __terminate
 0000:01C0       __restorezero
 0000:027A       _abort
 0000:0291 idle  DGROUP@
 0000:0293 idle  __MMODEL
 0000:0295 idle  _atexit
 0000:031A       _exit
 0000:0329       __exit
 0000:033B idle  __cexit
 0000:0349 idle  __c_exit
 0000:0355       F_LXMUL@
 0000:0355 idle  LXMUL@
 0000:036C       _getdate
 0000:037F       _gettime
 0000:0392 idle  N_LDIV@
 0000:0395 idle  LDIV@
 0000:0395 idle  F_LDIV@
 0000:0399 idle  N_LUDIV@
 0000:039C       F_LUDIV@
 0000:039C idle  LUDIV@
 0000:03A1 idle  N_LMOD@
 0000:03A4 idle  F_LMOD@
 0000:03A4 idle  LMOD@
 0000:03A9 idle  N_LUMOD@
 0000:03AC       F_LUMOD@
 0000:03AC idle  LUMOD@
 0000:0440       N_LXLSH@
 0000:0443       F_LXLSH@
 0000:0443 idle  LXLSH@
 0000:0461 idle  N_LXURSH@
 0000:0464       F_LXURSH@
 0000:0464 idle  LXURSH@
 0000:0482       N_PADD@
 0000:0485 idle  F_PADD@
 0000:0485 idle  PADD@
 0000:04B1 idle  N_PSUB@
 0000:04B4 idle  F_PSUB@
 0000:04B4 idle  PSUB@
 0000:04E2       __IOERROR
 0000:051B idle  __DOSERROR
 0000:052D       _isatty
 0000:053E       __LONGTOA
 0000:05C0 idle  __UTOA
 0000:05E0       _lseek
 0000:0609       N_PCMP@
 0000:062A       __setupio
 0000:06FC       __VPRINTER
 0000:0BBF       __VPTR
 0000:0BE4       __VRAM
 0000:0C5E       __CPUTN
 0000:0D90 idle  _cprintf
 0000:0DE7       __VideoInt
 0000:0E72 idle  __c0crtinit
 0000:0E8F idle  __crtinit
 0000:0F70 idle  ___first
 0000:0F72 idle  ___last
 0000:0F74 idle  ___rover
 0000:1000 idle  __AHINCR
 0000:10B0       _free
 0000:10B0 idle  _farfree
 0000:11BA       _malloc
 0000:11C4 idle  _farmalloc
 0000:1321 idle  _realloc
 0000:1328 idle  _farrealloc
 0000:1418       __brk
 0000:1457       __sbrk
 0000:14E2       _getch
 0000:14FB idle  __Ngetche
 0000:14FE idle  _getche
 0000:151F idle  __Nungetch
 0000:1522 idle  _ungetch
 0000:1540       _gettext
 0000:1596       _puttext
 0000:15EC       _kbhit
 0000:15FE       _movetext
 0000:169B       _putch
 0000:16B2       __REALCVT
 0000:17EC       __SCREENIO
 0000:1828       __VALIDATEXY
 0000:189F       __SCROLL
 0000:1A0B       _setblock
 0000:1A27       _setjmp
 0000:1A5D       _longjmp
 0000:1A91       __wherexy
 0000:1A9B idle  _wherex
 0000:1AAA idle  _wherey
 0000:1ABD       _fflush
 0000:1B8A       _flushall
 0000:1C4E       _fseek
 0000:1CCE idle  _ftell
 0000:1DAE       _memcpy
 0000:1DD2       _printf
 0000:1DED idle  __fputc
 0000:1E09 idle  _fputc
 0000:1F9E idle  _fputchar
 0000:1FB2       __FPUTN
 0000:21B5       _setvbuf
 0000:2312       _sprintf
 0000:2334 idle  _vsprintf
 0000:2355       ___write
 0000:24A6       __write
 0000:24E2       __xfflush
 0251:000A       _main
 0251:00A8 idle  _print_buffer
 0251:0127 idle  _TaskStart
 0251:026A idle  _Task1
 0251:030A idle  _Task2
 0251:03AA idle  _Task3
 0251:044A idle  _TaskPrint
 02A0:0000       _OSStartHighRdy
 02A0:001E       _OSCtxSw
 02A0:0059       _OSIntCtxSw
 02A0:0086       _OSTickISR
 02AD:0006       _OSInitHookBegin
 02AD:0007       _OSInitHookEnd
 02AD:0008       _OSTaskCreateHook
 02AD:000D       _OSTaskDelHook
 02AD:0012       _OSTaskIdleHook
 02AD:0013       _OSTaskStatHook
 02AD:0014       _OSTaskStkInit
 02AD:00FA       _OSTaskStkInit_FPE_x86
 02AD:01D5       _OSTaskSwHook
 02AD:01D6       _OSTCBInitHook
 02AD:01DB       _OSTimeTickHook
 02CA:000C idle  _PC_DispChar
 02CA:004A idle  _PC_DispClrCol
 02CA:0090 idle  _PC_DispClrRow
 02CA:00C9       _PC_DispClrScr
 02CA:00FA idle  _PC_DispStr
 02CA:0149       _PC_DOSReturn
 02CA:015D       _PC_DOSSaveReturn
 02CA:01CB       _PC_ElapsedInit
 02CA:01DF idle  _PC_ElapsedStart
 02CA:0205 idle  _PC_ElapsedStop
 02CA:0256 idle  _PC_GetDateTime
 02CA:02A9       _PC_GetKey
 02CA:02D0       _PC_SetTickRate
 02CA:031D idle  _PC_VectGet
 02CA:0354       _PC_VectSet
 0302:0009       _OSInit
 0302:0041 idle  _OSIntEnter
 0302:0054 idle  _OSSchedLock
 0302:006A idle  _OSSchedUnlock
 0302:0097       _OSStart
 0302:00F6       _OSStatInit
 0302:0131       _OSTimeTick
 0302:01CD idle  _OSVersion
 0302:01D1 idle  _OS_Dummy
 0302:01D2 idle  _OS_EventTaskRdy
 0302:029C idle  _OS_EventTaskWait
 0302:0309 idle  _OS_EventTO
 0302:035D idle  _OS_EventWaitListInit
 0302:05A4       _OSIntExit
 0302:06A1 idle  _OS_Sched
 0302:078C idle  _OS_TaskIdle
 0302:07B1 idle  _OS_TaskStat
 0302:0888 idle  _OS_TCBInit
 0302:0A37 idle  _OSFlagAccept
 0302:0B69 idle  _OSFlagCreate
 0302:0BE1 idle  _OSFlagDel
 0302:0D23 idle  _OSFlagPend
 0302:0F7D idle  _OSFlagPost
 0302:111D idle  _OSFlagQuery
 0302:123F idle  _OS_FlagInit
 0302:12FE idle  _OS_FlagUnlink
 0302:13AD idle  _OSMboxAccept
 0302:13F8 idle  _OSMboxCreate
 0302:146D idle  _OSMboxDel
 0302:158B idle  _OSMboxPend
 0302:168D idle  _OSMboxPost
 0302:1705 idle  _OSMboxPostOpt
 0302:17A8 idle  _OSMboxQuery
 0302:189C idle  _OSMemCreate
 0302:19E7 idle  _OSMemGet
 0302:1A65 idle  _OSMemPut
 0302:1AD5 idle  _OSMemQuery
 0302:1B7E idle  _OS_MemInit
 0302:1C22 idle  _OSMutexAccept
 0302:1CAD idle  _OSMutexCreate
 0302:1D93 idle  _OSMutexDel
 0302:1EED idle  _OSMutexPend
 0302:20D8 idle  _OSMutexPost
 0302:2260 idle  _OSMutexQuery
 0302:237B idle  _OSQAccept
 0302:241B idle  _OSQCreate
 0302:253E idle  _OSQDel
 0302:26BB idle  _OSQFlush
 0302:2713 idle  _OSQPend
 0302:2859 idle  _OSQPost
 0302:2921 idle  _OSQPostFront
 0302:29E3 idle  _OSQPostOpt
 0302:2B21 idle  _OSQQuery
 0302:2C5C idle  _OS_QInit
 0302:2CAC idle  _OSSemAccept
 0302:2CDE idle  _OSSemCreate
 0302:2D52 idle  _OSSemDel
 0302:2E70 idle  _OSSemPend
 0302:2F20 idle  _OSSemPost
 0302:2F7A idle  _OSSemQuery
 0302:3066 idle  _OSTaskChangePrio
 0302:3232 idle  _OSTaskCreate
 0302:32F7       _OSTaskCreateExt
 0302:33F3       _OSTaskDel
 0302:35D2 idle  _OSTaskDelReq
 0302:363E idle  _OSTaskResume
 0302:36BD idle  _OSTaskStkChk
 0302:37A2 idle  _OSTaskSuspend
 0302:3850 idle  _OSTaskQuery
 0302:38BE       _OSTimeDly
 0302:3905 idle  _OSTimeDlyHMSM
 0302:39F4 idle  _OSTimeDlyResume
 0302:3A6C       _OSTimeGet
 0302:3A8B       _OSTimeSet
 06AC:0000 idle  DATASEG@
 06AC:005B idle  __Int0Vector
 06AC:005F idle  __Int4Vector
 06AC:0063 idle  __Int5Vector
 06AC:0067 idle  __Int6Vector
 06AC:006B idle  __C0argc
 06AC:006D idle  __C0argv
 06AC:0071 idle  __C0environ
 06AC:0075 idle  __envLng
 06AC:0077 idle  __envseg
 06AC:0079 idle  __envSize
 06AC:007B       __psp
 06AC:007D idle  __osversion
 06AC:007D idle  __osmajor
 06AC:007D idle  __version
 06AC:007E idle  __osminor
 06AC:007F       _errno
 06AC:0081 idle  __StartTime
 06AC:0085 idle  ___brklvl
 06AC:0087       __heapbase
 06AC:008B       __brklvl
 06AC:008F       __heaptop
 06AC:0094 idle  _TASK_INFO
 06AC:009A idle  _TASK_PRIO
 06AC:009D idle  _TASK_CNT
 06AC:0128 idle  _OSMapTbl
 06AC:0130 idle  _OSUnMapTbl
 06AC:0230       __atexitcnt
 06AC:0232       __exitbuf
 06AC:0236 idle  __exitfopen
 06AC:023A idle  __exitopen
 06AC:023E       __streams
 06AC:03CE       __nfile
 06AC:03D0       __openfd
 06AC:03F8 idle  __doserrno
 06AC:03FA idle  __dosErrorToSV
 06AC:0454       __stklen
 06AC:04BE       __wscroll
 06AC:04C0       __video
 06AC:04CF       _directvideo
 06AC:050C       __cFlag
 06AC:050D       __cChar
 06AC:0514       __RealCvtVector
 06AC:0516 idle  __ScanTodVector
 06AC:0528 idle  _Task3Stk
 06AC:0928 idle  _Task2Stk
 06AC:0D28 idle  _Task1Stk
 06AC:1128 idle  _TaskClkStk
 06AC:1528 idle  _TaskStartStk
 06AC:1928       _OSTickDOSCtr
 06AC:192A idle  _PC_TickISR
 06AC:1946       _OSTime
 06AC:194A idle  _OSQTbl
 06AC:1A3A idle  _OSQFreeList
 06AC:1A3E idle  _OSMemTbl
 06AC:1B06 idle  _OSMemFreeList
 06AC:1B0A idle  _OSTCBTbl
 06AC:2A05 idle  _OSTCBPrioTbl
 06AC:2B05 idle  _OSTCBList
 06AC:2B09       _OSTCBHighRdy
 06AC:2B0D idle  _OSTCBFreeList
 06AC:2B11       _OSTCBCur
 06AC:2B15 idle  _OSTaskIdleStk
 06AC:2F15 idle  _OSIdleCtr
 06AC:2F19 idle  _OSTaskCtr
 06AC:2F1A       _OSRunning
 06AC:2F1B idle  _OSRdyTbl
 06AC:2F23 idle  _OSRdyGrp
 06AC:2F24       _OSPrioHighRdy
 06AC:2F25       _OSPrioCur
 06AC:2F26 idle  _OSLockNesting
 06AC:2F27 idle  _OSIntExitY
 06AC:2F28       _OSIntNesting
 06AC:2F29 idle  _OSTaskStatStk
 06AC:3329 idle  _OSStatRdy
 06AC:332A idle  _OSIdleCtrRun
 06AC:332E idle  _OSIdleCtrMax
 06AC:3332 idle  _OSCPUUsage
 06AC:3333 idle  _OSFlagFreeList
 06AC:3337 idle  _OSFlagTbl
 06AC:335A idle  _OSEventTbl
 06AC:33FA idle  _OSEventFreeList
 06AC:33FE idle  _OSCtxSwCtr
 06AC:3402       _prev_print_prio
 06AC:3403       _lab1_pos
 06AC:3407       _lab1_output
 06AC:3598       __atexittbl

Program entry point at 0000:0000

